[2025-01-15T15:59:48.995+0000][474][gc] Using G1
[2025-01-15T15:59:49.009+0000][474][gc,init] Version: 17.0.2+8 (release)
[2025-01-15T15:59:49.010+0000][474][gc,init] CPUs: 8 total, 6 available
[2025-01-15T15:59:49.010+0000][474][gc,init] Memory: 16384M
[2025-01-15T15:59:49.010+0000][474][gc,init] Large Page Support: Disabled
[2025-01-15T15:59:49.010+0000][474][gc,init] NUMA Support: Disabled
[2025-01-15T15:59:49.010+0000][474][gc,init] Compressed Oops: Enabled (Zero based)
[2025-01-15T15:59:49.010+0000][474][gc,init] Heap Region Size: 2M
[2025-01-15T15:59:49.010+0000][474][gc,init] Heap Min Capacity: 4G
[2025-01-15T15:59:49.010+0000][474][gc,init] Heap Initial Capacity: 4G
[2025-01-15T15:59:49.010+0000][474][gc,init] Heap Max Capacity: 4G
[2025-01-15T15:59:49.010+0000][474][gc,init] Pre-touch: Disabled
[2025-01-15T15:59:49.010+0000][474][gc,init] Parallel Workers: 6
[2025-01-15T15:59:49.010+0000][474][gc,init] Concurrent Workers: 2
[2025-01-15T15:59:49.010+0000][474][gc,init] Concurrent Refinement Workers: 6
[2025-01-15T15:59:49.011+0000][474][gc,init] Periodic GC: Disabled
[2025-01-15T15:59:49.011+0000][474][gc,metaspace] CDS archive(s) not mapped
[2025-01-15T15:59:49.011+0000][474][gc,metaspace] Compressed class space mapped at: 0x00000007c0000000-0x0000000800000000, reserved size: 1073741824
[2025-01-15T15:59:49.012+0000][474][gc,metaspace] Narrow klass base: 0x0000000000000000, Narrow klass shift: 3, Narrow klass range: 0x800000000
[2025-01-15T15:59:49.250+0000][474][gc,heap,exit] Heap
[2025-01-15T15:59:49.251+0000][474][gc,heap,exit]  garbage-first heap   total 4194304K, used 2050K [0x00000006c0000000, 0x00000007c0000000)
[2025-01-15T15:59:49.251+0000][474][gc,heap,exit]   region size 2048K, 2 young (4096K), 0 survivors (0K)
[2025-01-15T15:59:49.251+0000][474][gc,heap,exit]  Metaspace       used 3440K, committed 3520K, reserved 1056768K
[2025-01-15T15:59:49.251+0000][474][gc,heap,exit]   class space    used 277K, committed 320K, reserved 1048576K
