[2025-01-15T16:03:22.846+0000][7][gc] Using G1
[2025-01-15T16:03:24.544+0000][7][gc,init] Version: 17.0.2+8 (release)
[2025-01-15T16:03:24.544+0000][7][gc,init] CPUs: 8 total, 6 available
[2025-01-15T16:03:24.545+0000][7][gc,init] Memory: 16384M
[2025-01-15T16:03:24.545+0000][7][gc,init] Large Page Support: Disabled
[2025-01-15T16:03:24.545+0000][7][gc,init] NUMA Support: Disabled
[2025-01-15T16:03:24.545+0000][7][gc,init] Compressed Oops: Enabled (Zero based)
[2025-01-15T16:03:24.545+0000][7][gc,init] Heap Region Size: 4M
[2025-01-15T16:03:24.545+0000][7][gc,init] Heap Min Capacity: 4G
[2025-01-15T16:03:24.545+0000][7][gc,init] Heap Initial Capacity: 4G
[2025-01-15T16:03:24.545+0000][7][gc,init] Heap Max Capacity: 4G
[2025-01-15T16:03:24.545+0000][7][gc,init] Pre-touch: Enabled
[2025-01-15T16:03:24.545+0000][7][gc,init] Parallel Workers: 6
[2025-01-15T16:03:24.546+0000][7][gc,init] Concurrent Workers: 2
[2025-01-15T16:03:24.546+0000][7][gc,init] Concurrent Refinement Workers: 6
[2025-01-15T16:03:24.546+0000][7][gc,init] Periodic GC: Disabled
[2025-01-15T16:03:24.549+0000][7][gc,metaspace] CDS archive(s) mapped at: [0x0000000800000000-0x0000000800bd2000-0x0000000800bd2000), size 12394496, SharedBaseAddress: 0x0000000800000000, ArchiveRelocationMode: 0.
[2025-01-15T16:03:24.549+0000][7][gc,metaspace] Compressed class space mapped at: 0x0000000800c00000-0x0000000840c00000, reserved size: 1073741824
[2025-01-15T16:03:24.549+0000][7][gc,metaspace] Narrow klass base: 0x0000000800000000, Narrow klass shift: 0, Narrow klass range: 0x100000000
[2025-01-15T16:03:25.632+0000][7][safepoint   ] Safepoint "ICBufferFull", Time since last: 1021299293 ns, Reaching safepoint: 1246750 ns, At safepoint: 176333 ns, Total: 1423083 ns
[2025-01-15T16:03:26.379+0000][7][safepoint   ] Safepoint "ICBufferFull", Time since last: 747103667 ns, Reaching safepoint: 674542 ns, At safepoint: 3333 ns, Total: 677875 ns
[2025-01-15T16:03:27.417+0000][7][safepoint   ] Safepoint "ICBufferFull", Time since last: 1036832917 ns, Reaching safepoint: 893375 ns, At safepoint: 11417 ns, Total: 904792 ns
[2025-01-15T16:03:27.961+0000][7][safepoint   ] Safepoint "ICBufferFull", Time since last: 543006542 ns, Reaching safepoint: 972875 ns, At safepoint: 12125 ns, Total: 985000 ns
[2025-01-15T16:03:27.989+0000][7][safepoint   ] Safepoint "ICBufferFull", Time since last: 27646500 ns, Reaching safepoint: 89208 ns, At safepoint: 7000 ns, Total: 96208 ns
[2025-01-15T16:03:27.999+0000][7][safepoint   ] Safepoint "ICBufferFull", Time since last: 10596625 ns, Reaching safepoint: 55250 ns, At safepoint: 2500 ns, Total: 57750 ns
[2025-01-15T16:03:28.009+0000][7][safepoint   ] Safepoint "ICBufferFull", Time since last: 9607542 ns, Reaching safepoint: 55375 ns, At safepoint: 2166 ns, Total: 57541 ns
[2025-01-15T16:03:28.019+0000][7][safepoint   ] Safepoint "ICBufferFull", Time since last: 10562584 ns, Reaching safepoint: 76208 ns, At safepoint: 3167 ns, Total: 79375 ns
[2025-01-15T16:03:28.029+0000][7][safepoint   ] Safepoint "ICBufferFull", Time since last: 9707125 ns, Reaching safepoint: 51833 ns, At safepoint: 2458 ns, Total: 54291 ns
[2025-01-15T16:03:28.200+0000][7][gc,start    ] GC(0) Pause Young (Normal) (G1 Evacuation Pause)
[2025-01-15T16:03:28.200+0000][7][gc,task     ] GC(0) Using 6 workers of 6 for evacuation
[2025-01-15T16:03:28.201+0000][7][gc,age      ] GC(0) Desired survivor size 14680064 bytes, new threshold 15 (max threshold 15)
[2025-01-15T16:03:28.252+0000][7][gc,age      ] GC(0) Age table with threshold 15 (max threshold 15)
[2025-01-15T16:03:28.252+0000][7][gc,age      ] GC(0) - age   1:   11226600 bytes,   11226600 total
[2025-01-15T16:03:28.254+0000][7][gc,phases   ] GC(0)   Pre Evacuate Collection Set: 1.4ms
[2025-01-15T16:03:28.254+0000][7][gc,phases   ] GC(0)   Merge Heap Roots: 5.3ms
[2025-01-15T16:03:28.254+0000][7][gc,phases   ] GC(0)   Evacuate Collection Set: 34.9ms
[2025-01-15T16:03:28.254+0000][7][gc,phases   ] GC(0)   Post Evacuate Collection Set: 8.3ms
[2025-01-15T16:03:28.255+0000][7][gc,phases   ] GC(0)   Other: 4.3ms
[2025-01-15T16:03:28.255+0000][7][gc,heap     ] GC(0) Eden regions: 51->0(48)
[2025-01-15T16:03:28.255+0000][7][gc,heap     ] GC(0) Survivor regions: 0->3(7)
[2025-01-15T16:03:28.255+0000][7][gc,heap     ] GC(0) Old regions: 0->0
[2025-01-15T16:03:28.255+0000][7][gc,heap     ] GC(0) Archive regions: 2->2
[2025-01-15T16:03:28.255+0000][7][gc,heap     ] GC(0) Humongous regions: 0->0
[2025-01-15T16:03:28.255+0000][7][gc,metaspace] GC(0) Metaspace: 17449K(17728K)->17449K(17728K) NonClass: 15401K(15552K)->15401K(15552K) Class: 2048K(2176K)->2048K(2176K)
[2025-01-15T16:03:28.256+0000][7][gc          ] GC(0) Pause Young (Normal) (G1 Evacuation Pause) 207M->14M(4096M) 56.334ms
[2025-01-15T16:03:28.256+0000][7][gc,cpu      ] GC(0) User=0.08s Sys=0.00s Real=0.05s
[2025-01-15T16:03:28.256+0000][7][safepoint   ] Safepoint "G1CollectForAllocation", Time since last: 168114250 ns, Reaching safepoint: 263459 ns, At safepoint: 58562458 ns, Total: 58825917 ns
[2025-01-15T16:03:28.718+0000][7][gc,start    ] GC(1) Pause Young (Normal) (G1 Evacuation Pause)
[2025-01-15T16:03:28.718+0000][7][gc,task     ] GC(1) Using 6 workers of 6 for evacuation
[2025-01-15T16:03:28.718+0000][7][gc,age      ] GC(1) Desired survivor size 14680064 bytes, new threshold 15 (max threshold 15)
[2025-01-15T16:03:28.724+0000][7][gc,age      ] GC(1) Age table with threshold 15 (max threshold 15)
[2025-01-15T16:03:28.724+0000][7][gc,age      ] GC(1) - age   1:    5204064 bytes,    5204064 total
[2025-01-15T16:03:28.724+0000][7][gc,age      ] GC(1) - age   2:    9324304 bytes,   14528368 total
[2025-01-15T16:03:28.725+0000][7][gc,phases   ] GC(1)   Pre Evacuate Collection Set: 0.2ms
[2025-01-15T16:03:28.725+0000][7][gc,phases   ] GC(1)   Merge Heap Roots: 0.1ms
[2025-01-15T16:03:28.725+0000][7][gc,phases   ] GC(1)   Evacuate Collection Set: 5.4ms
[2025-01-15T16:03:28.725+0000][7][gc,phases   ] GC(1)   Post Evacuate Collection Set: 0.7ms
[2025-01-15T16:03:28.725+0000][7][gc,phases   ] GC(1)   Other: 0.5ms
[2025-01-15T16:03:28.725+0000][7][gc,heap     ] GC(1) Eden regions: 48->0(47)
[2025-01-15T16:03:28.725+0000][7][gc,heap     ] GC(1) Survivor regions: 3->4(7)
[2025-01-15T16:03:28.725+0000][7][gc,heap     ] GC(1) Old regions: 0->0
[2025-01-15T16:03:28.725+0000][7][gc,heap     ] GC(1) Archive regions: 2->2
[2025-01-15T16:03:28.725+0000][7][gc,heap     ] GC(1) Humongous regions: 0->0
[2025-01-15T16:03:28.725+0000][7][gc,metaspace] GC(1) Metaspace: 18702K(19008K)->18702K(19008K) NonClass: 16436K(16640K)->16436K(16640K) Class: 2265K(2368K)->2265K(2368K)
[2025-01-15T16:03:28.725+0000][7][gc          ] GC(1) Pause Young (Normal) (G1 Evacuation Pause) 206M->19M(4096M) 7.344ms
[2025-01-15T16:03:28.725+0000][7][gc,cpu      ] GC(1) User=0.02s Sys=0.00s Real=0.00s
[2025-01-15T16:03:28.725+0000][7][safepoint   ] Safepoint "G1CollectForAllocation", Time since last: 460782250 ns, Reaching safepoint: 680959 ns, At safepoint: 7472083 ns, Total: 8153042 ns
[2025-01-15T16:03:29.066+0000][7][gc,start    ] GC(2) Pause Young (Normal) (G1 Evacuation Pause)
[2025-01-15T16:03:29.066+0000][7][gc,task     ] GC(2) Using 6 workers of 6 for evacuation
[2025-01-15T16:03:29.066+0000][7][gc,age      ] GC(2) Desired survivor size 14680064 bytes, new threshold 15 (max threshold 15)
[2025-01-15T16:03:29.076+0000][7][gc,age      ] GC(2) Age table with threshold 15 (max threshold 15)
[2025-01-15T16:03:29.076+0000][7][gc,age      ] GC(2) - age   1:    3718688 bytes,    3718688 total
[2025-01-15T16:03:29.076+0000][7][gc,age      ] GC(2) - age   2:    3661816 bytes,    7380504 total
[2025-01-15T16:03:29.076+0000][7][gc,age      ] GC(2) - age   3:    9323232 bytes,   16703736 total
[2025-01-15T16:03:29.076+0000][7][gc,phases   ] GC(2)   Pre Evacuate Collection Set: 0.2ms
[2025-01-15T16:03:29.076+0000][7][gc,phases   ] GC(2)   Merge Heap Roots: 0.1ms
[2025-01-15T16:03:29.076+0000][7][gc,phases   ] GC(2)   Evacuate Collection Set: 8.6ms
[2025-01-15T16:03:29.076+0000][7][gc,phases   ] GC(2)   Post Evacuate Collection Set: 0.7ms
[2025-01-15T16:03:29.076+0000][7][gc,phases   ] GC(2)   Other: 0.7ms
[2025-01-15T16:03:29.076+0000][7][gc,heap     ] GC(2) Eden regions: 47->0(54)
[2025-01-15T16:03:29.076+0000][7][gc,heap     ] GC(2) Survivor regions: 4->5(7)
[2025-01-15T16:03:29.077+0000][7][gc,heap     ] GC(2) Old regions: 0->0
[2025-01-15T16:03:29.077+0000][7][gc,heap     ] GC(2) Archive regions: 2->2
[2025-01-15T16:03:29.077+0000][7][gc,heap     ] GC(2) Humongous regions: 0->0
[2025-01-15T16:03:29.077+0000][7][gc,metaspace] GC(2) Metaspace: 19348K(19776K)->19348K(19776K) NonClass: 17004K(17280K)->17004K(17280K) Class: 2343K(2496K)->2343K(2496K)
[2025-01-15T16:03:29.077+0000][7][gc          ] GC(2) Pause Young (Normal) (G1 Evacuation Pause) 207M->20M(4096M) 10.793ms
[2025-01-15T16:03:29.077+0000][7][gc,cpu      ] GC(2) User=0.03s Sys=0.00s Real=0.01s
[2025-01-15T16:03:29.077+0000][7][safepoint   ] Safepoint "G1CollectForAllocation", Time since last: 340192209 ns, Reaching safepoint: 559500 ns, At safepoint: 10906666 ns, Total: 11466166 ns
[2025-01-15T16:03:29.352+0000][7][gc,start    ] GC(3) Pause Young (Normal) (G1 Evacuation Pause)
[2025-01-15T16:03:29.352+0000][7][gc,task     ] GC(3) Using 6 workers of 6 for evacuation
[2025-01-15T16:03:29.352+0000][7][gc,age      ] GC(3) Desired survivor size 16777216 bytes, new threshold 15 (max threshold 15)
[2025-01-15T16:03:29.361+0000][7][gc,age      ] GC(3) Age table with threshold 15 (max threshold 15)
[2025-01-15T16:03:29.361+0000][7][gc,age      ] GC(3) - age   1:    1999944 bytes,    1999944 total
[2025-01-15T16:03:29.361+0000][7][gc,age      ] GC(3) - age   2:    2339416 bytes,    4339360 total
[2025-01-15T16:03:29.361+0000][7][gc,age      ] GC(3) - age   3:    3660584 bytes,    7999944 total
[2025-01-15T16:03:29.361+0000][7][gc,age      ] GC(3) - age   4:    9318304 bytes,   17318248 total
[2025-01-15T16:03:29.361+0000][7][gc,phases   ] GC(3)   Pre Evacuate Collection Set: 0.2ms
[2025-01-15T16:03:29.361+0000][7][gc,phases   ] GC(3)   Merge Heap Roots: 0.1ms
[2025-01-15T16:03:29.361+0000][7][gc,phases   ] GC(3)   Evacuate Collection Set: 8.4ms
[2025-01-15T16:03:29.362+0000][7][gc,phases   ] GC(3)   Post Evacuate Collection Set: 0.6ms
[2025-01-15T16:03:29.362+0000][7][gc,phases   ] GC(3)   Other: 0.7ms
[2025-01-15T16:03:29.362+0000][7][gc,heap     ] GC(3) Eden regions: 54->0(609)
[2025-01-15T16:03:29.362+0000][7][gc,heap     ] GC(3) Survivor regions: 5->5(8)
[2025-01-15T16:03:29.362+0000][7][gc,heap     ] GC(3) Old regions: 0->0
[2025-01-15T16:03:29.362+0000][7][gc,heap     ] GC(3) Archive regions: 2->2
[2025-01-15T16:03:29.362+0000][7][gc,heap     ] GC(3) Humongous regions: 0->0
[2025-01-15T16:03:29.362+0000][7][gc,metaspace] GC(3) Metaspace: 19808K(20224K)->19808K(20224K) NonClass: 17387K(17664K)->17387K(17664K) Class: 2421K(2560K)->2421K(2560K)
[2025-01-15T16:03:29.362+0000][7][gc          ] GC(3) Pause Young (Normal) (G1 Evacuation Pause) 236M->21M(4096M) 10.331ms
[2025-01-15T16:03:29.362+0000][7][gc,cpu      ] GC(3) User=0.03s Sys=0.00s Real=0.01s
[2025-01-15T16:03:29.362+0000][7][safepoint   ] Safepoint "G1CollectForAllocation", Time since last: 274439750 ns, Reaching safepoint: 269834 ns, At safepoint: 10447625 ns, Total: 10717459 ns
[2025-01-15T16:03:29.789+0000][7][gc,start    ] GC(4) Pause Young (Concurrent Start) (Metadata GC Threshold)
[2025-01-15T16:03:29.789+0000][7][gc,task     ] GC(4) Using 6 workers of 6 for evacuation
[2025-01-15T16:03:29.789+0000][7][gc,age      ] GC(4) Desired survivor size 161480704 bytes, new threshold 15 (max threshold 15)
[2025-01-15T16:03:29.804+0000][7][gc,age      ] GC(4) Age table with threshold 15 (max threshold 15)
[2025-01-15T16:03:29.804+0000][7][gc,age      ] GC(4) - age   1:    2411176 bytes,    2411176 total
[2025-01-15T16:03:29.804+0000][7][gc,age      ] GC(4) - age   2:     390808 bytes,    2801984 total
[2025-01-15T16:03:29.804+0000][7][gc,age      ] GC(4) - age   3:    2338280 bytes,    5140264 total
[2025-01-15T16:03:29.804+0000][7][gc,age      ] GC(4) - age   4:    3656688 bytes,    8796952 total
[2025-01-15T16:03:29.804+0000][7][gc,age      ] GC(4) - age   5:    9315544 bytes,   18112496 total
[2025-01-15T16:03:29.804+0000][7][gc,phases   ] GC(4)   Pre Evacuate Collection Set: 0.2ms
[2025-01-15T16:03:29.804+0000][7][gc,phases   ] GC(4)   Merge Heap Roots: 0.1ms
[2025-01-15T16:03:29.804+0000][7][gc,phases   ] GC(4)   Evacuate Collection Set: 13.7ms
[2025-01-15T16:03:29.805+0000][7][gc,phases   ] GC(4)   Post Evacuate Collection Set: 0.7ms
[2025-01-15T16:03:29.805+0000][7][gc,phases   ] GC(4)   Other: 0.9ms
[2025-01-15T16:03:29.805+0000][7][gc,heap     ] GC(4) Eden regions: 73->0(609)
[2025-01-15T16:03:29.805+0000][7][gc,heap     ] GC(4) Survivor regions: 5->5(77)
[2025-01-15T16:03:29.805+0000][7][gc,heap     ] GC(4) Old regions: 0->0
[2025-01-15T16:03:29.805+0000][7][gc,heap     ] GC(4) Archive regions: 2->2
[2025-01-15T16:03:29.805+0000][7][gc,heap     ] GC(4) Humongous regions: 0->0
[2025-01-15T16:03:29.805+0000][7][gc,metaspace] GC(4) Metaspace: 21040K(21504K)->21040K(21504K) NonClass: 18454K(18752K)->18454K(18752K) Class: 2585K(2752K)->2585K(2752K)
[2025-01-15T16:03:29.805+0000][7][gc          ] GC(4) Pause Young (Concurrent Start) (Metadata GC Threshold) 311M->22M(4096M) 16.049ms
[2025-01-15T16:03:29.805+0000][7][gc,cpu      ] GC(4) User=0.02s Sys=0.01s Real=0.01s
[2025-01-15T16:03:29.805+0000][7][gc          ] GC(5) Concurrent Mark Cycle
[2025-01-15T16:03:29.805+0000][7][safepoint   ] Safepoint "CollectForMetadataAllocation", Time since last: 426251625 ns, Reaching safepoint: 454750 ns, At safepoint: 16497458 ns, Total: 16952208 ns
[2025-01-15T16:03:29.805+0000][7][gc,marking  ] GC(5) Concurrent Clear Claimed Marks
[2025-01-15T16:03:29.806+0000][7][gc,marking  ] GC(5) Concurrent Clear Claimed Marks 0.772ms
[2025-01-15T16:03:29.806+0000][7][gc,marking  ] GC(5) Concurrent Scan Root Regions
[2025-01-15T16:03:29.811+0000][7][gc,marking  ] GC(5) Concurrent Scan Root Regions 5.095ms
[2025-01-15T16:03:29.812+0000][7][gc,marking  ] GC(5) Concurrent Mark
[2025-01-15T16:03:29.813+0000][7][gc,marking  ] GC(5) Concurrent Mark From Roots
[2025-01-15T16:03:29.813+0000][7][gc,task     ] GC(5) Using 2 workers of 2 for marking
[2025-01-15T16:03:29.817+0000][7][gc,marking  ] GC(5) Concurrent Mark From Roots 4.547ms
[2025-01-15T16:03:29.817+0000][7][gc,marking  ] GC(5) Concurrent Preclean
[2025-01-15T16:03:29.819+0000][7][gc,marking  ] GC(5) Concurrent Preclean 1.299ms
[2025-01-15T16:03:29.819+0000][7][gc,start    ] GC(5) Pause Remark
[2025-01-15T16:03:29.850+0000][7][gc          ] GC(5) Pause Remark 24M->24M(4096M) 30.889ms
[2025-01-15T16:03:29.850+0000][7][gc,cpu      ] GC(5) User=0.02s Sys=0.01s Real=0.03s
[2025-01-15T16:03:29.850+0000][7][safepoint   ] Safepoint "G1Concurrent", Time since last: 13730500 ns, Reaching safepoint: 491834 ns, At safepoint: 31111958 ns, Total: 31603792 ns
[2025-01-15T16:03:29.855+0000][7][gc,marking  ] GC(5) Concurrent Mark 43.113ms
[2025-01-15T16:03:29.855+0000][7][gc,marking  ] GC(5) Concurrent Rebuild Remembered Sets
[2025-01-15T16:03:29.856+0000][7][gc,marking  ] GC(5) Concurrent Rebuild Remembered Sets 0.119ms
[2025-01-15T16:03:29.858+0000][7][gc,start    ] GC(5) Pause Cleanup
[2025-01-15T16:03:29.858+0000][7][gc          ] GC(5) Pause Cleanup 24M->24M(4096M) 0.145ms
[2025-01-15T16:03:29.858+0000][7][gc,cpu      ] GC(5) User=0.00s Sys=0.00s Real=0.00s
[2025-01-15T16:03:29.858+0000][7][safepoint   ] Safepoint "G1Concurrent", Time since last: 5810125 ns, Reaching safepoint: 1261583 ns, At safepoint: 232667 ns, Total: 1494250 ns
[2025-01-15T16:03:29.861+0000][7][gc,marking  ] GC(5) Concurrent Cleanup for Next Mark
[2025-01-15T16:03:29.864+0000][7][gc,marking  ] GC(5) Concurrent Cleanup for Next Mark 2.361ms
[2025-01-15T16:03:29.864+0000][7][gc          ] GC(5) Concurrent Mark Cycle 59.186ms
[2025-01-15T16:03:30.595+0000][7][safepoint   ] Safepoint "ICBufferFull", Time since last: 735690209 ns, Reaching safepoint: 1706083 ns, At safepoint: 10667 ns, Total: 1716750 ns
[2025-01-15T16:03:30.643+0000][7][safepoint   ] Safepoint "ICBufferFull", Time since last: 47701291 ns, Reaching safepoint: 173375 ns, At safepoint: 55834 ns, Total: 229209 ns
[2025-01-15T16:03:30.653+0000][7][safepoint   ] Safepoint "ICBufferFull", Time since last: 9992041 ns, Reaching safepoint: 86667 ns, At safepoint: 7583 ns, Total: 94250 ns
[2025-01-15T16:03:30.663+0000][7][safepoint   ] Safepoint "ICBufferFull", Time since last: 9752167 ns, Reaching safepoint: 70042 ns, At safepoint: 2958 ns, Total: 73000 ns
[2025-01-15T16:03:30.689+0000][7][safepoint   ] Safepoint "ICBufferFull", Time since last: 26006500 ns, Reaching safepoint: 130875 ns, At safepoint: 4542 ns, Total: 135417 ns
[2025-01-15T16:03:30.699+0000][7][safepoint   ] Safepoint "ICBufferFull", Time since last: 9459250 ns, Reaching safepoint: 91000 ns, At safepoint: 3791 ns, Total: 94791 ns
[2025-01-15T16:03:30.806+0000][7][safepoint   ] Safepoint "ICBufferFull", Time since last: 107399084 ns, Reaching safepoint: 82708 ns, At safepoint: 4625 ns, Total: 87333 ns
[2025-01-15T16:03:30.822+0000][7][safepoint   ] Safepoint "ICBufferFull", Time since last: 15558125 ns, Reaching safepoint: 235292 ns, At safepoint: 3083 ns, Total: 238375 ns
[2025-01-15T16:03:31.245+0000][7][safepoint   ] Safepoint "ICBufferFull", Time since last: 421962250 ns, Reaching safepoint: 1475209 ns, At safepoint: 11416 ns, Total: 1486625 ns
[2025-01-15T16:03:32.131+0000][7][safepoint   ] Safepoint "ICBufferFull", Time since last: 884472626 ns, Reaching safepoint: 740125 ns, At safepoint: 8458 ns, Total: 748583 ns
[2025-01-15T16:03:32.849+0000][7][gc,start    ] GC(6) Pause Young (Concurrent Start) (Metadata GC Threshold)
[2025-01-15T16:03:32.849+0000][7][gc,task     ] GC(6) Using 6 workers of 6 for evacuation
[2025-01-15T16:03:32.849+0000][7][gc,age      ] GC(6) Desired survivor size 161480704 bytes, new threshold 15 (max threshold 15)
[2025-01-15T16:03:32.873+0000][7][gc,age      ] GC(6) Age table with threshold 15 (max threshold 15)
[2025-01-15T16:03:32.873+0000][7][gc,age      ] GC(6) - age   1:   27927648 bytes,   27927648 total
[2025-01-15T16:03:32.873+0000][7][gc,age      ] GC(6) - age   2:    2333688 bytes,   30261336 total
[2025-01-15T16:03:32.873+0000][7][gc,age      ] GC(6) - age   3:     379152 bytes,   30640488 total
[2025-01-15T16:03:32.873+0000][7][gc,age      ] GC(6) - age   4:    2326120 bytes,   32966608 total
[2025-01-15T16:03:32.873+0000][7][gc,age      ] GC(6) - age   5:    3634064 bytes,   36600672 total
[2025-01-15T16:03:32.873+0000][7][gc,age      ] GC(6) - age   6:    9164176 bytes,   45764848 total
[2025-01-15T16:03:32.873+0000][7][gc,phases   ] GC(6)   Pre Evacuate Collection Set: 0.3ms
[2025-01-15T16:03:32.873+0000][7][gc,phases   ] GC(6)   Merge Heap Roots: 0.1ms
[2025-01-15T16:03:32.873+0000][7][gc,phases   ] GC(6)   Evacuate Collection Set: 22.2ms
[2025-01-15T16:03:32.874+0000][7][gc,phases   ] GC(6)   Post Evacuate Collection Set: 1.4ms
[2025-01-15T16:03:32.874+0000][7][gc,phases   ] GC(6)   Other: 0.8ms
[2025-01-15T16:03:32.874+0000][7][gc,heap     ] GC(6) Eden regions: 126->0(602)
[2025-01-15T16:03:32.874+0000][7][gc,heap     ] GC(6) Survivor regions: 5->12(77)
[2025-01-15T16:03:32.874+0000][7][gc,heap     ] GC(6) Old regions: 0->0
[2025-01-15T16:03:32.874+0000][7][gc,heap     ] GC(6) Archive regions: 2->2
[2025-01-15T16:03:32.874+0000][7][gc,heap     ] GC(6) Humongous regions: 0->0
[2025-01-15T16:03:32.874+0000][7][gc,metaspace] GC(6) Metaspace: 34946K(35968K)->34946K(35968K) NonClass: 30308K(30912K)->30308K(30912K) Class: 4638K(5056K)->4638K(5056K)
[2025-01-15T16:03:32.874+0000][7][gc          ] GC(6) Pause Young (Concurrent Start) (Metadata GC Threshold) 524M->49M(4096M) 25.036ms
[2025-01-15T16:03:32.874+0000][7][gc,cpu      ] GC(6) User=0.12s Sys=0.01s Real=0.02s
[2025-01-15T16:03:32.874+0000][7][gc          ] GC(7) Concurrent Mark Cycle
[2025-01-15T16:03:32.874+0000][7][gc,marking  ] GC(7) Concurrent Clear Claimed Marks
[2025-01-15T16:03:32.874+0000][7][safepoint   ] Safepoint "CollectForMetadataAllocation", Time since last: 717376709 ns, Reaching safepoint: 677250 ns, At safepoint: 25252125 ns, Total: 25929375 ns
[2025-01-15T16:03:32.874+0000][7][gc,marking  ] GC(7) Concurrent Clear Claimed Marks 0.199ms
[2025-01-15T16:03:32.874+0000][7][gc,marking  ] GC(7) Concurrent Scan Root Regions
[2025-01-15T16:03:32.883+0000][7][gc,marking  ] GC(7) Concurrent Scan Root Regions 8.386ms
[2025-01-15T16:03:32.883+0000][7][gc,marking  ] GC(7) Concurrent Mark
[2025-01-15T16:03:32.883+0000][7][gc,marking  ] GC(7) Concurrent Mark From Roots
[2025-01-15T16:03:32.883+0000][7][gc,task     ] GC(7) Using 2 workers of 2 for marking
[2025-01-15T16:03:32.884+0000][7][gc,marking  ] GC(7) Concurrent Mark From Roots 1.393ms
[2025-01-15T16:03:32.884+0000][7][gc,marking  ] GC(7) Concurrent Preclean
[2025-01-15T16:03:32.885+0000][7][gc,marking  ] GC(7) Concurrent Preclean 0.107ms
[2025-01-15T16:03:32.885+0000][7][gc,start    ] GC(7) Pause Remark
[2025-01-15T16:03:32.910+0000][7][gc          ] GC(7) Pause Remark 51M->51M(4096M) 24.155ms
[2025-01-15T16:03:32.910+0000][7][gc,cpu      ] GC(7) User=0.04s Sys=0.01s Real=0.03s
[2025-01-15T16:03:32.910+0000][7][safepoint   ] Safepoint "G1Concurrent", Time since last: 10612083 ns, Reaching safepoint: 740083 ns, At safepoint: 25091084 ns, Total: 25831167 ns
[2025-01-15T16:03:32.911+0000][7][gc,marking  ] GC(7) Concurrent Mark 27.622ms
[2025-01-15T16:03:32.911+0000][7][gc,marking  ] GC(7) Concurrent Rebuild Remembered Sets
[2025-01-15T16:03:32.911+0000][7][gc,marking  ] GC(7) Concurrent Rebuild Remembered Sets 0.033ms
[2025-01-15T16:03:32.913+0000][7][gc,start    ] GC(7) Pause Cleanup
[2025-01-15T16:03:32.913+0000][7][gc          ] GC(7) Pause Cleanup 51M->51M(4096M) 0.062ms
[2025-01-15T16:03:32.913+0000][7][gc,cpu      ] GC(7) User=0.00s Sys=0.00s Real=0.00s
[2025-01-15T16:03:32.913+0000][7][safepoint   ] Safepoint "G1Concurrent", Time since last: 293083 ns, Reaching safepoint: 1820000 ns, At safepoint: 166917 ns, Total: 1986917 ns
[2025-01-15T16:03:32.913+0000][7][gc,marking  ] GC(7) Concurrent Cleanup for Next Mark
[2025-01-15T16:03:32.914+0000][7][gc,marking  ] GC(7) Concurrent Cleanup for Next Mark 1.392ms
[2025-01-15T16:03:32.914+0000][7][gc          ] GC(7) Concurrent Mark Cycle 40.444ms
[2025-01-15T16:03:33.958+0000][7][safepoint   ] Safepoint "Cleanup", Time since last: 1044389917 ns, Reaching safepoint: 925000 ns, At safepoint: 22958 ns, Total: 947958 ns
[2025-01-15T16:03:34.354+0000][7][safepoint   ] Safepoint "ICBufferFull", Time since last: 395870792 ns, Reaching safepoint: 536625 ns, At safepoint: 11250 ns, Total: 547875 ns
[2025-01-15T16:03:35.182+0000][7][safepoint   ] Safepoint "ICBufferFull", Time since last: 826722709 ns, Reaching safepoint: 463666 ns, At safepoint: 3875 ns, Total: 467541 ns
[2025-01-15T16:03:35.732+0000][7][gc,start    ] GC(8) Pause Young (Concurrent Start) (Metadata GC Threshold)
[2025-01-15T16:03:35.732+0000][7][gc,task     ] GC(8) Using 6 workers of 6 for evacuation
[2025-01-15T16:03:35.732+0000][7][gc,age      ] GC(8) Desired survivor size 161480704 bytes, new threshold 15 (max threshold 15)
[2025-01-15T16:03:35.757+0000][7][gc,age      ] GC(8) Age table with threshold 15 (max threshold 15)
[2025-01-15T16:03:35.757+0000][7][gc,age      ] GC(8) - age   1:    9645920 bytes,    9645920 total
[2025-01-15T16:03:35.757+0000][7][gc,age      ] GC(8) - age   2:   27624448 bytes,   37270368 total
[2025-01-15T16:03:35.757+0000][7][gc,age      ] GC(8) - age   3:    2323064 bytes,   39593432 total
[2025-01-15T16:03:35.757+0000][7][gc,age      ] GC(8) - age   4:     365872 bytes,   39959304 total
[2025-01-15T16:03:35.757+0000][7][gc,age      ] GC(8) - age   5:    2323760 bytes,   42283064 total
[2025-01-15T16:03:35.757+0000][7][gc,age      ] GC(8) - age   6:    3623416 bytes,   45906480 total
[2025-01-15T16:03:35.757+0000][7][gc,age      ] GC(8) - age   7:    9118736 bytes,   55025216 total
[2025-01-15T16:03:35.757+0000][7][gc,phases   ] GC(8)   Pre Evacuate Collection Set: 0.3ms
[2025-01-15T16:03:35.757+0000][7][gc,phases   ] GC(8)   Merge Heap Roots: 0.1ms
[2025-01-15T16:03:35.757+0000][7][gc,phases   ] GC(8)   Evacuate Collection Set: 22.8ms
[2025-01-15T16:03:35.757+0000][7][gc,phases   ] GC(8)   Post Evacuate Collection Set: 1.5ms
[2025-01-15T16:03:35.757+0000][7][gc,phases   ] GC(8)   Other: 0.9ms
[2025-01-15T16:03:35.757+0000][7][gc,heap     ] GC(8) Eden regions: 93->0(164)
[2025-01-15T16:03:35.757+0000][7][gc,heap     ] GC(8) Survivor regions: 12->14(77)
[2025-01-15T16:03:35.758+0000][7][gc,heap     ] GC(8) Old regions: 0->0
[2025-01-15T16:03:35.758+0000][7][gc,heap     ] GC(8) Archive regions: 2->2
[2025-01-15T16:03:35.758+0000][7][gc,heap     ] GC(8) Humongous regions: 0->0
[2025-01-15T16:03:35.758+0000][7][gc,metaspace] GC(8) Metaspace: 58881K(60096K)->58881K(60096K) NonClass: 50870K(51584K)->50870K(51584K) Class: 8010K(8512K)->8010K(8512K)
[2025-01-15T16:03:35.758+0000][7][gc          ] GC(8) Pause Young (Concurrent Start) (Metadata GC Threshold) 421M->59M(4096M) 26.043ms
[2025-01-15T16:03:35.758+0000][7][gc,cpu      ] GC(8) User=0.14s Sys=0.00s Real=0.03s
[2025-01-15T16:03:35.758+0000][7][safepoint   ] Safepoint "CollectForMetadataAllocation", Time since last: 549334209 ns, Reaching safepoint: 672417 ns, At safepoint: 26221125 ns, Total: 26893542 ns
[2025-01-15T16:03:35.758+0000][7][gc          ] GC(9) Concurrent Mark Cycle
[2025-01-15T16:03:35.758+0000][7][gc,marking  ] GC(9) Concurrent Clear Claimed Marks
[2025-01-15T16:03:35.759+0000][7][gc,marking  ] GC(9) Concurrent Clear Claimed Marks 0.111ms
[2025-01-15T16:03:35.759+0000][7][gc,marking  ] GC(9) Concurrent Scan Root Regions
[2025-01-15T16:03:35.768+0000][7][gc,marking  ] GC(9) Concurrent Scan Root Regions 9.470ms
[2025-01-15T16:03:35.768+0000][7][gc,marking  ] GC(9) Concurrent Mark
[2025-01-15T16:03:35.768+0000][7][gc,marking  ] GC(9) Concurrent Mark From Roots
[2025-01-15T16:03:35.768+0000][7][gc,task     ] GC(9) Using 2 workers of 2 for marking
[2025-01-15T16:03:35.769+0000][7][gc,marking  ] GC(9) Concurrent Mark From Roots 0.976ms
[2025-01-15T16:03:35.769+0000][7][gc,marking  ] GC(9) Concurrent Preclean
[2025-01-15T16:03:35.769+0000][7][gc,marking  ] GC(9) Concurrent Preclean 0.099ms
[2025-01-15T16:03:35.770+0000][7][gc,start    ] GC(9) Pause Remark
[2025-01-15T16:03:35.797+0000][7][gc          ] GC(9) Pause Remark 61M->61M(4096M) 26.695ms
[2025-01-15T16:03:35.797+0000][7][gc,cpu      ] GC(9) User=0.02s Sys=0.01s Real=0.02s
[2025-01-15T16:03:35.797+0000][7][safepoint   ] Safepoint "G1Concurrent", Time since last: 11556791 ns, Reaching safepoint: 900750 ns, At safepoint: 26933959 ns, Total: 27834709 ns
[2025-01-15T16:03:35.797+0000][7][gc,marking  ] GC(9) Concurrent Mark 29.167ms
[2025-01-15T16:03:35.797+0000][7][gc,marking  ] GC(9) Concurrent Rebuild Remembered Sets
[2025-01-15T16:03:35.797+0000][7][gc,marking  ] GC(9) Concurrent Rebuild Remembered Sets 0.029ms
[2025-01-15T16:03:35.798+0000][7][gc,start    ] GC(9) Pause Cleanup
[2025-01-15T16:03:35.799+0000][7][gc          ] GC(9) Pause Cleanup 61M->61M(4096M) 0.052ms
[2025-01-15T16:03:35.799+0000][7][gc,cpu      ] GC(9) User=0.00s Sys=0.00s Real=0.00s
[2025-01-15T16:03:35.799+0000][7][safepoint   ] Safepoint "G1Concurrent", Time since last: 179125 ns, Reaching safepoint: 1048791 ns, At safepoint: 142417 ns, Total: 1191208 ns
[2025-01-15T16:03:35.799+0000][7][gc,marking  ] GC(9) Concurrent Cleanup for Next Mark
[2025-01-15T16:03:35.800+0000][7][gc,marking  ] GC(9) Concurrent Cleanup for Next Mark 1.246ms
[2025-01-15T16:03:35.800+0000][7][gc          ] GC(9) Concurrent Mark Cycle 42.227ms
[2025-01-15T16:03:36.857+0000][7][safepoint   ] Safepoint "ICBufferFull", Time since last: 1057316626 ns, Reaching safepoint: 1151750 ns, At safepoint: 10583 ns, Total: 1162333 ns
[2025-01-15T16:03:37.875+0000][7][safepoint   ] Safepoint "ICBufferFull", Time since last: 1016482334 ns, Reaching safepoint: 981041 ns, At safepoint: 10209 ns, Total: 991250 ns
[2025-01-15T16:03:38.724+0000][7][safepoint   ] Safepoint "ICBufferFull", Time since last: 848754042 ns, Reaching safepoint: 923625 ns, At safepoint: 4041 ns, Total: 927666 ns
[2025-01-15T16:03:38.993+0000][7][safepoint   ] Safepoint "ICBufferFull", Time since last: 266883626 ns, Reaching safepoint: 1834166 ns, At safepoint: 4500 ns, Total: 1838666 ns
[2025-01-15T16:03:38.996+0000][7][safepoint   ] Safepoint "ICBufferFull", Time since last: 1480959 ns, Reaching safepoint: 1140541 ns, At safepoint: 5084 ns, Total: 1145625 ns
[2025-01-15T16:03:39.542+0000][7][safepoint   ] Safepoint "ICBufferFull", Time since last: 545883000 ns, Reaching safepoint: 652917 ns, At safepoint: 3833 ns, Total: 656750 ns
[2025-01-15T16:03:40.060+0000][7][safepoint   ] Safepoint "ICBufferFull", Time since last: 516901167 ns, Reaching safepoint: 1192750 ns, At safepoint: 13375 ns, Total: 1206125 ns
[2025-01-15T16:03:40.640+0000][7][safepoint   ] Safepoint "ICBufferFull", Time since last: 578418542 ns, Reaching safepoint: 1296833 ns, At safepoint: 6458 ns, Total: 1303291 ns
[2025-01-15T16:03:40.935+0000][7][gc,start    ] GC(10) Pause Young (Concurrent Start) (Metadata GC Threshold)
[2025-01-15T16:03:40.935+0000][7][gc,task     ] GC(10) Using 6 workers of 6 for evacuation
[2025-01-15T16:03:40.935+0000][7][gc,age      ] GC(10) Desired survivor size 48234496 bytes, new threshold 7 (max threshold 15)
[2025-01-15T16:03:40.988+0000][7][gc,age      ] GC(10) Age table with threshold 7 (max threshold 15)
[2025-01-15T16:03:40.988+0000][7][gc,age      ] GC(10) - age   1:   25062496 bytes,   25062496 total
[2025-01-15T16:03:40.988+0000][7][gc,age      ] GC(10) - age   2:    9037792 bytes,   34100288 total
[2025-01-15T16:03:40.988+0000][7][gc,age      ] GC(10) - age   3:   27523688 bytes,   61623976 total
[2025-01-15T16:03:40.988+0000][7][gc,age      ] GC(10) - age   4:    2309568 bytes,   63933544 total
[2025-01-15T16:03:40.988+0000][7][gc,age      ] GC(10) - age   5:     359776 bytes,   64293320 total
[2025-01-15T16:03:40.988+0000][7][gc,age      ] GC(10) - age   6:    2320528 bytes,   66613848 total
[2025-01-15T16:03:40.988+0000][7][gc,age      ] GC(10) - age   7:    3612528 bytes,   70226376 total
[2025-01-15T16:03:40.988+0000][7][gc,phases   ] GC(10)   Pre Evacuate Collection Set: 0.6ms
[2025-01-15T16:03:40.988+0000][7][gc,phases   ] GC(10)   Merge Heap Roots: 0.3ms
[2025-01-15T16:03:40.989+0000][7][gc,phases   ] GC(10)   Evacuate Collection Set: 49.9ms
[2025-01-15T16:03:40.989+0000][7][gc,phases   ] GC(10)   Post Evacuate Collection Set: 2.2ms
[2025-01-15T16:03:40.989+0000][7][gc,phases   ] GC(10)   Other: 0.6ms
[2025-01-15T16:03:40.989+0000][7][gc,heap     ] GC(10) Eden regions: 105->0(210)
[2025-01-15T16:03:40.989+0000][7][gc,heap     ] GC(10) Survivor regions: 14->18(23)
[2025-01-15T16:03:40.989+0000][7][gc,heap     ] GC(10) Old regions: 0->3
[2025-01-15T16:03:40.989+0000][7][gc,heap     ] GC(10) Archive regions: 2->2
[2025-01-15T16:03:40.989+0000][7][gc,heap     ] GC(10) Humongous regions: 2->2
[2025-01-15T16:03:40.989+0000][7][gc,metaspace] GC(10) Metaspace: 98720K(100288K)->98720K(100288K) NonClass: 84828K(85760K)->84828K(85760K) Class: 13892K(14528K)->13892K(14528K)
[2025-01-15T16:03:40.989+0000][7][gc          ] GC(10) Pause Young (Concurrent Start) (Metadata GC Threshold) 485M->92M(4096M) 53.907ms
[2025-01-15T16:03:40.989+0000][7][gc,cpu      ] GC(10) User=0.16s Sys=0.02s Real=0.06s
[2025-01-15T16:03:40.989+0000][7][gc          ] GC(11) Concurrent Mark Cycle
[2025-01-15T16:03:40.989+0000][7][gc,marking  ] GC(11) Concurrent Clear Claimed Marks
[2025-01-15T16:03:40.989+0000][7][gc,marking  ] GC(11) Concurrent Clear Claimed Marks 0.171ms
[2025-01-15T16:03:40.989+0000][7][gc,marking  ] GC(11) Concurrent Scan Root Regions
[2025-01-15T16:03:40.989+0000][7][safepoint   ] Safepoint "CollectForMetadataAllocation", Time since last: 294067876 ns, Reaching safepoint: 762333 ns, At safepoint: 54117417 ns, Total: 54879750 ns
[2025-01-15T16:03:41.003+0000][7][gc,marking  ] GC(11) Concurrent Scan Root Regions 13.321ms
[2025-01-15T16:03:41.004+0000][7][gc,marking  ] GC(11) Concurrent Mark
[2025-01-15T16:03:41.004+0000][7][gc,marking  ] GC(11) Concurrent Mark From Roots
[2025-01-15T16:03:41.004+0000][7][gc,task     ] GC(11) Using 2 workers of 2 for marking
[2025-01-15T16:03:41.005+0000][7][gc,marking  ] GC(11) Concurrent Mark From Roots 1.391ms
[2025-01-15T16:03:41.006+0000][7][gc,marking  ] GC(11) Concurrent Preclean
[2025-01-15T16:03:41.006+0000][7][gc,marking  ] GC(11) Concurrent Preclean 0.110ms
[2025-01-15T16:03:41.008+0000][7][gc,start    ] GC(11) Pause Remark
[2025-01-15T16:03:41.037+0000][7][gc          ] GC(11) Pause Remark 100M->100M(4096M) 29.719ms
[2025-01-15T16:03:41.037+0000][7][gc,cpu      ] GC(11) User=0.02s Sys=0.02s Real=0.03s
[2025-01-15T16:03:41.038+0000][7][safepoint   ] Safepoint "G1Concurrent", Time since last: 17010708 ns, Reaching safepoint: 1575500 ns, At safepoint: 30039917 ns, Total: 31615417 ns
[2025-01-15T16:03:41.038+0000][7][gc,marking  ] GC(11) Concurrent Mark 33.854ms
[2025-01-15T16:03:41.038+0000][7][gc,marking  ] GC(11) Concurrent Rebuild Remembered Sets
[2025-01-15T16:03:41.052+0000][7][gc,marking  ] GC(11) Concurrent Rebuild Remembered Sets 14.673ms
[2025-01-15T16:03:41.053+0000][7][gc,start    ] GC(11) Pause Cleanup
[2025-01-15T16:03:41.054+0000][7][gc          ] GC(11) Pause Cleanup 102M->102M(4096M) 0.863ms
[2025-01-15T16:03:41.054+0000][7][gc,cpu      ] GC(11) User=0.00s Sys=0.00s Real=0.00s
[2025-01-15T16:03:41.054+0000][7][safepoint   ] Safepoint "G1Concurrent", Time since last: 14951041 ns, Reaching safepoint: 874250 ns, At safepoint: 980042 ns, Total: 1854292 ns
[2025-01-15T16:03:41.054+0000][7][gc,marking  ] GC(11) Concurrent Cleanup for Next Mark
[2025-01-15T16:03:41.061+0000][7][gc,marking  ] GC(11) Concurrent Cleanup for Next Mark 6.805ms
[2025-01-15T16:03:41.061+0000][7][gc          ] GC(11) Concurrent Mark Cycle 72.545ms
[2025-01-15T16:03:41.989+0000][7][safepoint   ] Safepoint "ICBufferFull", Time since last: 932673917 ns, Reaching safepoint: 2415375 ns, At safepoint: 25708 ns, Total: 2441083 ns
[2025-01-15T16:03:42.809+0000][7][safepoint   ] Safepoint "ICBufferFull", Time since last: 818409126 ns, Reaching safepoint: 1411791 ns, At safepoint: 26334 ns, Total: 1438125 ns
[2025-01-15T16:03:42.810+0000][7][safepoint   ] Safepoint "ICBufferFull", Time since last: 239208 ns, Reaching safepoint: 892917 ns, At safepoint: 30666 ns, Total: 923583 ns
[2025-01-15T16:03:43.701+0000][7][safepoint   ] Safepoint "ICBufferFull", Time since last: 889187501 ns, Reaching safepoint: 953875 ns, At safepoint: 13583 ns, Total: 967458 ns
[2025-01-15T16:03:44.704+0000][7][safepoint   ] Safepoint "Cleanup", Time since last: 1001162001 ns, Reaching safepoint: 1998833 ns, At safepoint: 30708 ns, Total: 2029541 ns
[2025-01-15T16:03:45.707+0000][7][safepoint   ] Safepoint "Cleanup", Time since last: 1002489376 ns, Reaching safepoint: 438750 ns, At safepoint: 49666 ns, Total: 488416 ns
[2025-01-15T16:03:46.709+0000][7][safepoint   ] Safepoint "Cleanup", Time since last: 1002476459 ns, Reaching safepoint: 183292 ns, At safepoint: 4792 ns, Total: 188084 ns
[2025-01-15T16:03:48.713+0000][7][safepoint   ] Safepoint "Cleanup", Time since last: 2003764542 ns, Reaching safepoint: 149584 ns, At safepoint: 6625 ns, Total: 156209 ns
[2025-01-15T16:03:50.716+0000][7][safepoint   ] Safepoint "Cleanup", Time since last: 2001857542 ns, Reaching safepoint: 179792 ns, At safepoint: 6833 ns, Total: 186625 ns
[2025-01-15T16:03:55.722+0000][7][safepoint   ] Safepoint "Cleanup", Time since last: 5006045169 ns, Reaching safepoint: 178125 ns, At safepoint: 11167 ns, Total: 189292 ns
[2025-01-15T16:03:57.727+0000][7][safepoint   ] Safepoint "Cleanup", Time since last: 2003095376 ns, Reaching safepoint: 2007791 ns, At safepoint: 39792 ns, Total: 2047583 ns
[2025-01-15T16:04:00.738+0000][7][safepoint   ] Safepoint "Cleanup", Time since last: 3009444001 ns, Reaching safepoint: 1224250 ns, At safepoint: 35584 ns, Total: 1259834 ns
[2025-01-15T16:04:01.744+0000][7][safepoint   ] Safepoint "Cleanup", Time since last: 1004495667 ns, Reaching safepoint: 804750 ns, At safepoint: 36416 ns, Total: 841166 ns
[2025-01-15T16:04:02.746+0000][7][safepoint   ] Safepoint "Cleanup", Time since last: 1002200126 ns, Reaching safepoint: 217500 ns, At safepoint: 22208 ns, Total: 239708 ns
[2025-01-15T16:04:04.748+0000][7][safepoint   ] Safepoint "Cleanup", Time since last: 2002146501 ns, Reaching safepoint: 234167 ns, At safepoint: 17292 ns, Total: 251459 ns
[2025-01-15T16:04:05.750+0000][7][safepoint   ] Safepoint "Cleanup", Time since last: 1001198083 ns, Reaching safepoint: 177292 ns, At safepoint: 7792 ns, Total: 185084 ns
[2025-01-15T16:04:06.750+0000][7][safepoint   ] Safepoint "Cleanup", Time since last: 1000382834 ns, Reaching safepoint: 227291 ns, At safepoint: 25250 ns, Total: 252541 ns
[2025-01-15T16:04:07.752+0000][7][safepoint   ] Safepoint "Cleanup", Time since last: 1000658042 ns, Reaching safepoint: 1346959 ns, At safepoint: 53250 ns, Total: 1400209 ns
[2025-01-15T16:04:09.758+0000][7][safepoint   ] Safepoint "Cleanup", Time since last: 2004503792 ns, Reaching safepoint: 1426250 ns, At safepoint: 16334 ns, Total: 1442584 ns
[2025-01-15T16:04:10.762+0000][7][safepoint   ] Safepoint "Cleanup", Time since last: 1003060083 ns, Reaching safepoint: 326917 ns, At safepoint: 5833 ns, Total: 332750 ns
[2025-01-15T16:04:12.766+0000][7][safepoint   ] Safepoint "Cleanup", Time since last: 2003928543 ns, Reaching safepoint: 460417 ns, At safepoint: 18750 ns, Total: 479167 ns
[2025-01-15T16:04:13.771+0000][7][safepoint   ] Safepoint "Cleanup", Time since last: 1003512875 ns, Reaching safepoint: 1350375 ns, At safepoint: 25625 ns, Total: 1376000 ns
[2025-01-15T16:04:14.773+0000][7][safepoint   ] Safepoint "Cleanup", Time since last: 1001266667 ns, Reaching safepoint: 223000 ns, At safepoint: 27750 ns, Total: 250750 ns
[2025-01-15T16:04:16.776+0000][7][safepoint   ] Safepoint "Cleanup", Time since last: 2002458376 ns, Reaching safepoint: 852875 ns, At safepoint: 29375 ns, Total: 882250 ns
[2025-01-15T16:04:17.779+0000][7][safepoint   ] Safepoint "Cleanup", Time since last: 1002601251 ns, Reaching safepoint: 928250 ns, At safepoint: 36500 ns, Total: 964750 ns
[2025-01-15T16:04:19.799+0000][7][safepoint   ] Safepoint "Cleanup", Time since last: 2018893417 ns, Reaching safepoint: 472209 ns, At safepoint: 65208 ns, Total: 537417 ns
[2025-01-15T16:04:20.801+0000][7][safepoint   ] Safepoint "Cleanup", Time since last: 1002473250 ns, Reaching safepoint: 383583 ns, At safepoint: 12875 ns, Total: 396458 ns
[2025-01-15T16:04:22.809+0000][7][safepoint   ] Safepoint "Cleanup", Time since last: 2007899793 ns, Reaching safepoint: 317542 ns, At safepoint: 12791 ns, Total: 330333 ns
[2025-01-15T16:04:26.820+0000][7][safepoint   ] Safepoint "Cleanup", Time since last: 4008725669 ns, Reaching safepoint: 1328708 ns, At safepoint: 32917 ns, Total: 1361625 ns
[2025-01-15T16:04:30.825+0000][7][safepoint   ] Safepoint "Cleanup", Time since last: 4005409460 ns, Reaching safepoint: 300750 ns, At safepoint: 12292 ns, Total: 313042 ns
[2025-01-15T16:04:32.833+0000][7][safepoint   ] Safepoint "Cleanup", Time since last: 2007030959 ns, Reaching safepoint: 340583 ns, At safepoint: 12042 ns, Total: 352625 ns
[2025-01-15T16:04:36.840+0000][7][safepoint   ] Safepoint "Cleanup", Time since last: 4006469335 ns, Reaching safepoint: 745709 ns, At safepoint: 27791 ns, Total: 773500 ns
[2025-01-15T16:04:37.845+0000][7][safepoint   ] Safepoint "Cleanup", Time since last: 1004806709 ns, Reaching safepoint: 663667 ns, At safepoint: 30333 ns, Total: 694000 ns
[2025-01-15T16:04:38.848+0000][7][safepoint   ] Safepoint "Cleanup", Time since last: 1001615042 ns, Reaching safepoint: 601875 ns, At safepoint: 27500 ns, Total: 629375 ns
[2025-01-15T16:04:39.849+0000][7][safepoint   ] Safepoint "Cleanup", Time since last: 1001337584 ns, Reaching safepoint: 464250 ns, At safepoint: 21375 ns, Total: 485625 ns
[2025-01-15T16:04:42.861+0000][7][safepoint   ] Safepoint "Cleanup", Time since last: 3011584251 ns, Reaching safepoint: 386084 ns, At safepoint: 15250 ns, Total: 401334 ns
[2025-01-15T16:04:46.433+0000][7][safepoint   ] Safepoint "Cleanup", Time since last: 3571529293 ns, Reaching safepoint: 167333 ns, At safepoint: 11750 ns, Total: 179083 ns
[2025-01-15T16:04:47.436+0000][7][safepoint   ] Safepoint "Cleanup", Time since last: 1001289501 ns, Reaching safepoint: 1128042 ns, At safepoint: 91041 ns, Total: 1219083 ns
[2025-01-15T16:04:50.441+0000][7][safepoint   ] Safepoint "Cleanup", Time since last: 3003906085 ns, Reaching safepoint: 1790542 ns, At safepoint: 41875 ns, Total: 1832417 ns
[2025-01-15T16:04:51.448+0000][7][safepoint   ] Safepoint "Cleanup", Time since last: 1005670750 ns, Reaching safepoint: 806792 ns, At safepoint: 23208 ns, Total: 830000 ns
[2025-01-15T16:04:52.453+0000][7][safepoint   ] Safepoint "Cleanup", Time since last: 1003600417 ns, Reaching safepoint: 1182958 ns, At safepoint: 9250 ns, Total: 1192208 ns
[2025-01-15T16:04:53.454+0000][7][safepoint   ] Safepoint "Cleanup", Time since last: 1000877459 ns, Reaching safepoint: 356792 ns, At safepoint: 9917 ns, Total: 366709 ns
[2025-01-15T16:04:56.457+0000][7][safepoint   ] Safepoint "Cleanup", Time since last: 3002629793 ns, Reaching safepoint: 280375 ns, At safepoint: 11875 ns, Total: 292250 ns
[2025-01-15T16:05:01.473+0000][7][safepoint   ] Safepoint "Cleanup", Time since last: 5015102294 ns, Reaching safepoint: 537333 ns, At safepoint: 24125 ns, Total: 561458 ns
[2025-01-15T16:05:05.483+0000][7][safepoint   ] Safepoint "Cleanup", Time since last: 4008602210 ns, Reaching safepoint: 1469000 ns, At safepoint: 74500 ns, Total: 1543500 ns
[2025-01-15T16:05:10.494+0000][7][safepoint   ] Safepoint "Cleanup", Time since last: 5011202503 ns, Reaching safepoint: 386250 ns, At safepoint: 12500 ns, Total: 398750 ns
[2025-01-15T16:05:11.499+0000][7][safepoint   ] Safepoint "Cleanup", Time since last: 1004175167 ns, Reaching safepoint: 595208 ns, At safepoint: 13458 ns, Total: 608666 ns
[2025-01-15T16:05:15.508+0000][7][safepoint   ] Safepoint "Cleanup", Time since last: 4007553586 ns, Reaching safepoint: 1205375 ns, At safepoint: 37625 ns, Total: 1243000 ns
[2025-01-15T16:05:39.567+0000][7][safepoint   ] Safepoint "Cleanup", Time since last: 24057587594 ns, Reaching safepoint: 1886458 ns, At safepoint: 33250 ns, Total: 1919708 ns
[2025-01-15T16:05:40.572+0000][7][safepoint   ] Safepoint "Cleanup", Time since last: 1004267459 ns, Reaching safepoint: 934833 ns, At safepoint: 28667 ns, Total: 963500 ns
[2025-01-15T16:05:46.597+0000][7][safepoint   ] Safepoint "Cleanup", Time since last: 6016316003 ns, Reaching safepoint: 7748125 ns, At safepoint: 62041 ns, Total: 7810166 ns
[2025-01-15T16:05:48.601+0000][7][safepoint   ] Safepoint "Cleanup", Time since last: 2003514210 ns, Reaching safepoint: 802958 ns, At safepoint: 31417 ns, Total: 834375 ns
[2025-01-15T16:05:50.605+0000][7][safepoint   ] Safepoint "Cleanup", Time since last: 2003222167 ns, Reaching safepoint: 589583 ns, At safepoint: 13292 ns, Total: 602875 ns
[2025-01-15T16:05:57.628+0000][7][safepoint   ] Safepoint "Cleanup", Time since last: 7022655044 ns, Reaching safepoint: 1012792 ns, At safepoint: 27125 ns, Total: 1039917 ns
[2025-01-15T16:06:06.642+0000][7][safepoint   ] Safepoint "Cleanup", Time since last: 9013493546 ns, Reaching safepoint: 625041 ns, At safepoint: 18792 ns, Total: 643833 ns
[2025-01-15T16:06:07.646+0000][7][safepoint   ] Safepoint "Cleanup", Time since last: 1002827542 ns, Reaching safepoint: 782459 ns, At safepoint: 22458 ns, Total: 804917 ns
[2025-01-15T16:06:13.658+0000][7][safepoint   ] Safepoint "Cleanup", Time since last: 6010782961 ns, Reaching safepoint: 1283208 ns, At safepoint: 44459 ns, Total: 1327667 ns
[2025-01-15T16:06:16.665+0000][7][safepoint   ] Safepoint "Cleanup", Time since last: 3007114376 ns, Reaching safepoint: 207792 ns, At safepoint: 10667 ns, Total: 218459 ns
[2025-01-15T16:06:21.682+0000][7][safepoint   ] Safepoint "Cleanup", Time since last: 5005604459 ns, Reaching safepoint: 374125 ns, At safepoint: 6792 ns, Total: 380917 ns
[2025-01-15T16:06:22.683+0000][7][safepoint   ] Safepoint "Cleanup", Time since last: 1000708917 ns, Reaching safepoint: 404167 ns, At safepoint: 21541 ns, Total: 425708 ns
[2025-01-15T16:06:27.689+0000][7][safepoint   ] Safepoint "Cleanup", Time since last: 5005938170 ns, Reaching safepoint: 382291 ns, At safepoint: 19084 ns, Total: 401375 ns
[2025-01-15T16:06:37.699+0000][7][safepoint   ] Safepoint "Cleanup", Time since last: 10009829504 ns, Reaching safepoint: 205417 ns, At safepoint: 24250 ns, Total: 229667 ns
[2025-01-15T16:06:38.702+0000][7][safepoint   ] Safepoint "Cleanup", Time since last: 1002147584 ns, Reaching safepoint: 137250 ns, At safepoint: 8750 ns, Total: 146000 ns
[2025-01-15T16:06:40.704+0000][7][safepoint   ] Safepoint "Cleanup", Time since last: 2001736292 ns, Reaching safepoint: 245625 ns, At safepoint: 10125 ns, Total: 255750 ns
[2025-01-15T16:06:41.705+0000][7][safepoint   ] Safepoint "Cleanup", Time since last: 1000803251 ns, Reaching safepoint: 189417 ns, At safepoint: 12458 ns, Total: 201875 ns
[2025-01-15T16:06:43.712+0000][7][safepoint   ] Safepoint "Cleanup", Time since last: 2002947043 ns, Reaching safepoint: 4781250 ns, At safepoint: 79375 ns, Total: 4860625 ns
[2025-01-15T16:06:48.718+0000][7][safepoint   ] Safepoint "Cleanup", Time since last: 5004935044 ns, Reaching safepoint: 351458 ns, At safepoint: 12625 ns, Total: 364083 ns
[2025-01-15T16:07:02.741+0000][7][safepoint   ] Safepoint "Cleanup", Time since last: 14018721215 ns, Reaching safepoint: 2478375 ns, At safepoint: 94875 ns, Total: 2573250 ns
[2025-01-15T16:07:08.748+0000][7][safepoint   ] Safepoint "Cleanup", Time since last: 6006675419 ns, Reaching safepoint: 386125 ns, At safepoint: 15250 ns, Total: 401375 ns
[2025-01-15T16:07:10.752+0000][7][safepoint   ] Safepoint "Cleanup", Time since last: 2003439001 ns, Reaching safepoint: 689542 ns, At safepoint: 55041 ns, Total: 744583 ns
[2025-01-15T16:07:11.762+0000][7][safepoint   ] Safepoint "Cleanup", Time since last: 1008973959 ns, Reaching safepoint: 293042 ns, At safepoint: 24375 ns, Total: 317417 ns
[2025-01-15T16:07:29.782+0000][7][safepoint   ] Safepoint "Cleanup", Time since last: 18020387549 ns, Reaching safepoint: 967000 ns, At safepoint: 50834 ns, Total: 1017834 ns
[2025-01-15T16:07:40.802+0000][7][safepoint   ] Safepoint "Cleanup", Time since last: 11016002755 ns, Reaching safepoint: 3516041 ns, At safepoint: 57709 ns, Total: 3573750 ns
[2025-01-15T16:07:52.840+0000][7][safepoint   ] Safepoint "Cleanup", Time since last: 12036907214 ns, Reaching safepoint: 195875 ns, At safepoint: 7458 ns, Total: 203333 ns
[2025-01-15T16:08:09.881+0000][7][safepoint   ] Safepoint "Cleanup", Time since last: 17039888341 ns, Reaching safepoint: 1144000 ns, At safepoint: 33625 ns, Total: 1177625 ns
[2025-01-15T16:08:12.894+0000][7][safepoint   ] Safepoint "Cleanup", Time since last: 3012809543 ns, Reaching safepoint: 148709 ns, At safepoint: 15333 ns, Total: 164042 ns
[2025-01-15T16:08:19.912+0000][7][safepoint   ] Safepoint "Cleanup", Time since last: 7016847295 ns, Reaching safepoint: 648042 ns, At safepoint: 28541 ns, Total: 676583 ns
[2025-01-15T16:08:21.916+0000][7][safepoint   ] Safepoint "Cleanup", Time since last: 2003701043 ns, Reaching safepoint: 1115666 ns, At safepoint: 27125 ns, Total: 1142791 ns
[2025-01-15T16:08:25.933+0000][7][safepoint   ] Safepoint "Cleanup", Time since last: 4016469169 ns, Reaching safepoint: 342375 ns, At safepoint: 12167 ns, Total: 354542 ns
[2025-01-15T16:08:26.934+0000][7][safepoint   ] Safepoint "Cleanup", Time since last: 1000583667 ns, Reaching safepoint: 419833 ns, At safepoint: 24875 ns, Total: 444708 ns
[2025-01-15T16:08:29.940+0000][7][safepoint   ] Safepoint "Cleanup", Time since last: 3006191210 ns, Reaching safepoint: 540458 ns, At safepoint: 21417 ns, Total: 561875 ns
[2025-01-15T16:08:30.948+0000][7][safepoint   ] Safepoint "Cleanup", Time since last: 1006450542 ns, Reaching safepoint: 707667 ns, At safepoint: 13500 ns, Total: 721167 ns
[2025-01-15T16:08:39.961+0000][7][safepoint   ] Safepoint "Cleanup", Time since last: 9012941962 ns, Reaching safepoint: 748750 ns, At safepoint: 37250 ns, Total: 786000 ns
[2025-01-15T16:08:40.969+0000][7][safepoint   ] Safepoint "Cleanup", Time since last: 1007027459 ns, Reaching safepoint: 697000 ns, At safepoint: 51750 ns, Total: 748750 ns
[2025-01-15T16:08:45.978+0000][7][safepoint   ] Safepoint "Cleanup", Time since last: 5008421544 ns, Reaching safepoint: 954209 ns, At safepoint: 33208 ns, Total: 987417 ns
[2025-01-15T16:09:00.012+0000][7][safepoint   ] Safepoint "Cleanup", Time since last: 14033353631 ns, Reaching safepoint: 531500 ns, At safepoint: 19791 ns, Total: 551291 ns
[2025-01-15T16:09:10.029+0000][7][safepoint   ] Safepoint "Cleanup", Time since last: 10016844880 ns, Reaching safepoint: 241083 ns, At safepoint: 10959 ns, Total: 252042 ns
[2025-01-15T16:09:20.044+0000][7][safepoint   ] Safepoint "Cleanup", Time since last: 10014802255 ns, Reaching safepoint: 210291 ns, At safepoint: 7125 ns, Total: 217416 ns
[2025-01-15T16:09:33.064+0000][7][safepoint   ] Safepoint "Cleanup", Time since last: 13019673756 ns, Reaching safepoint: 333250 ns, At safepoint: 14542 ns, Total: 347792 ns
[2025-01-15T16:09:39.076+0000][7][safepoint   ] Safepoint "Cleanup", Time since last: 6012124086 ns, Reaching safepoint: 527667 ns, At safepoint: 18125 ns, Total: 545792 ns
[2025-01-15T16:09:40.078+0000][7][safepoint   ] Safepoint "Cleanup", Time since last: 1001069792 ns, Reaching safepoint: 195125 ns, At safepoint: 8333 ns, Total: 203458 ns
[2025-01-15T16:09:41.081+0000][7][safepoint   ] Safepoint "Cleanup", Time since last: 1002297792 ns, Reaching safepoint: 1167500 ns, At safepoint: 34709 ns, Total: 1202209 ns
[2025-01-15T16:09:45.096+0000][7][safepoint   ] Safepoint "Cleanup", Time since last: 4012323293 ns, Reaching safepoint: 2085458 ns, At safepoint: 45500 ns, Total: 2130958 ns
[2025-01-15T16:09:48.103+0000][7][safepoint   ] Safepoint "Cleanup", Time since last: 3006557252 ns, Reaching safepoint: 1242292 ns, At safepoint: 36833 ns, Total: 1279125 ns
[2025-01-15T16:09:51.112+0000][7][safepoint   ] Safepoint "Cleanup", Time since last: 3007027626 ns, Reaching safepoint: 2029042 ns, At safepoint: 32791 ns, Total: 2061833 ns
[2025-01-15T16:09:52.116+0000][7][safepoint   ] Safepoint "Cleanup", Time since last: 1003401918 ns, Reaching safepoint: 738291 ns, At safepoint: 36459 ns, Total: 774750 ns
[2025-01-15T16:10:01.140+0000][7][safepoint   ] Safepoint "Cleanup", Time since last: 9022709170 ns, Reaching safepoint: 1082584 ns, At safepoint: 36666 ns, Total: 1119250 ns
[2025-01-15T16:10:11.165+0000][7][safepoint   ] Safepoint "Cleanup", Time since last: 10024404297 ns, Reaching safepoint: 781833 ns, At safepoint: 33542 ns, Total: 815375 ns
[2025-01-15T16:10:21.187+0000][7][safepoint   ] Safepoint "Cleanup", Time since last: 10017862879 ns, Reaching safepoint: 2032041 ns, At safepoint: 48959 ns, Total: 2081000 ns
[2025-01-15T16:10:41.224+0000][7][safepoint   ] Safepoint "Cleanup", Time since last: 20037042509 ns, Reaching safepoint: 432959 ns, At safepoint: 22958 ns, Total: 455917 ns
[2025-01-15T16:10:49.242+0000][7][safepoint   ] Safepoint "Cleanup", Time since last: 8017230545 ns, Reaching safepoint: 651167 ns, At safepoint: 44167 ns, Total: 695334 ns
[2025-01-15T16:10:51.244+0000][7][safepoint   ] Safepoint "Cleanup", Time since last: 2002162750 ns, Reaching safepoint: 135708 ns, At safepoint: 14667 ns, Total: 150375 ns
[2025-01-15T16:11:04.280+0000][7][safepoint   ] Safepoint "Cleanup", Time since last: 13035327923 ns, Reaching safepoint: 686042 ns, At safepoint: 34875 ns, Total: 720917 ns
[2025-01-15T16:11:21.315+0000][7][safepoint   ] Safepoint "Cleanup", Time since last: 17034811382 ns, Reaching safepoint: 112458 ns, At safepoint: 9667 ns, Total: 122125 ns
[2025-01-15T16:11:22.319+0000][7][safepoint   ] Safepoint "Cleanup", Time since last: 1003116084 ns, Reaching safepoint: 791500 ns, At safepoint: 38750 ns, Total: 830250 ns
[2025-01-15T16:11:32.342+0000][7][safepoint   ] Safepoint "Cleanup", Time since last: 10022027338 ns, Reaching safepoint: 1143583 ns, At safepoint: 38625 ns, Total: 1182208 ns
[2025-01-15T16:11:39.367+0000][7][safepoint   ] Safepoint "Cleanup", Time since last: 7024160795 ns, Reaching safepoint: 794125 ns, At safepoint: 26792 ns, Total: 820917 ns
[2025-01-15T16:11:40.369+0000][7][safepoint   ] Safepoint "Cleanup", Time since last: 1001454209 ns, Reaching safepoint: 680416 ns, At safepoint: 29459 ns, Total: 709875 ns
[2025-01-15T16:11:43.377+0000][7][safepoint   ] Safepoint "Cleanup", Time since last: 3005623501 ns, Reaching safepoint: 1987417 ns, At safepoint: 37375 ns, Total: 2024792 ns
[2025-01-15T16:12:02.414+0000][7][safepoint   ] Safepoint "Cleanup", Time since last: 19036324008 ns, Reaching safepoint: 867041 ns, At safepoint: 42292 ns, Total: 909333 ns
[2025-01-15T16:12:06.427+0000][7][safepoint   ] Safepoint "Cleanup", Time since last: 4012891585 ns, Reaching safepoint: 544959 ns, At safepoint: 22666 ns, Total: 567625 ns
[2025-01-15T16:12:10.440+0000][7][safepoint   ] Safepoint "Cleanup", Time since last: 4011845669 ns, Reaching safepoint: 296250 ns, At safepoint: 42625 ns, Total: 338875 ns
[2025-01-15T16:12:12.448+0000][7][safepoint   ] Safepoint "Cleanup", Time since last: 2007025668 ns, Reaching safepoint: 967750 ns, At safepoint: 40916 ns, Total: 1008666 ns
[2025-01-15T16:12:13.451+0000][7][safepoint   ] Safepoint "Cleanup", Time since last: 1002554292 ns, Reaching safepoint: 758917 ns, At safepoint: 45833 ns, Total: 804750 ns
[2025-01-15T16:12:16.461+0000][7][safepoint   ] Safepoint "Cleanup", Time since last: 3006198543 ns, Reaching safepoint: 3409000 ns, At safepoint: 159417 ns, Total: 3568417 ns
[2025-01-15T16:12:21.470+0000][7][safepoint   ] Safepoint "Cleanup", Time since last: 5008346461 ns, Reaching safepoint: 842166 ns, At safepoint: 39917 ns, Total: 882083 ns
[2025-01-15T16:12:32.495+0000][7][safepoint   ] Safepoint "Cleanup", Time since last: 11023623630 ns, Reaching safepoint: 628625 ns, At safepoint: 303042 ns, Total: 931667 ns
[2025-01-15T16:12:40.513+0000][7][safepoint   ] Safepoint "Cleanup", Time since last: 8017696837 ns, Reaching safepoint: 672167 ns, At safepoint: 22250 ns, Total: 694417 ns
[2025-01-15T16:12:42.516+0000][7][safepoint   ] Safepoint "Cleanup", Time since last: 2002169376 ns, Reaching safepoint: 268208 ns, At safepoint: 29042 ns, Total: 297250 ns
[2025-01-15T16:13:10.567+0000][7][safepoint   ] Safepoint "Cleanup", Time since last: 28048884387 ns, Reaching safepoint: 2258292 ns, At safepoint: 139625 ns, Total: 2397917 ns
[2025-01-15T16:13:11.571+0000][7][safepoint   ] Safepoint "Cleanup", Time since last: 1003147292 ns, Reaching safepoint: 903916 ns, At safepoint: 35709 ns, Total: 939625 ns
[2025-01-15T16:13:12.573+0000][7][safepoint   ] Safepoint "Cleanup", Time since last: 1001418292 ns, Reaching safepoint: 495833 ns, At safepoint: 47709 ns, Total: 543542 ns
[2025-01-15T16:13:13.576+0000][7][safepoint   ] Safepoint "Cleanup", Time since last: 1002193833 ns, Reaching safepoint: 894917 ns, At safepoint: 35167 ns, Total: 930084 ns
[2025-01-15T16:13:23.601+0000][7][safepoint   ] Safepoint "Cleanup", Time since last: 10024850962 ns, Reaching safepoint: 603417 ns, At safepoint: 32500 ns, Total: 635917 ns
[2025-01-15T16:13:33.625+0000][7][safepoint   ] Safepoint "Cleanup", Time since last: 10021988171 ns, Reaching safepoint: 1983958 ns, At safepoint: 37042 ns, Total: 2021000 ns
[2025-01-15T16:13:40.642+0000][7][safepoint   ] Safepoint "Cleanup", Time since last: 7015798837 ns, Reaching safepoint: 1168916 ns, At safepoint: 6375 ns, Total: 1175291 ns
[2025-01-15T16:13:43.651+0000][7][safepoint   ] Safepoint "Cleanup", Time since last: 3007330168 ns, Reaching safepoint: 1022875 ns, At safepoint: 54500 ns, Total: 1077375 ns
[2025-01-15T16:13:52.668+0000][7][safepoint   ] Safepoint "Cleanup", Time since last: 9016665962 ns, Reaching safepoint: 529708 ns, At safepoint: 34334 ns, Total: 564042 ns
[2025-01-15T16:13:53.673+0000][7][safepoint   ] Safepoint "Cleanup", Time since last: 1003697292 ns, Reaching safepoint: 937917 ns, At safepoint: 32000 ns, Total: 969917 ns
[2025-01-15T16:14:03.692+0000][7][safepoint   ] Safepoint "Cleanup", Time since last: 10019075171 ns, Reaching safepoint: 271625 ns, At safepoint: 24542 ns, Total: 296167 ns
[2025-01-15T16:14:10.712+0000][7][safepoint   ] Safepoint "Cleanup", Time since last: 7019062336 ns, Reaching safepoint: 653625 ns, At safepoint: 12959 ns, Total: 666584 ns
[2025-01-15T16:14:13.717+0000][7][safepoint   ] Safepoint "Cleanup", Time since last: 3004893543 ns, Reaching safepoint: 474541 ns, At safepoint: 19125 ns, Total: 493666 ns
[2025-01-15T16:14:23.737+0000][7][safepoint   ] Safepoint "Cleanup", Time since last: 10019339671 ns, Reaching safepoint: 347500 ns, At safepoint: 25209 ns, Total: 372709 ns
[2025-01-15T16:14:44.781+0000][7][safepoint   ] Safepoint "Cleanup", Time since last: 21043420385 ns, Reaching safepoint: 718750 ns, At safepoint: 34750 ns, Total: 753500 ns
[2025-01-15T16:14:54.796+0000][7][safepoint   ] Safepoint "Cleanup", Time since last: 10015681337 ns, Reaching safepoint: 395834 ns, At safepoint: 15875 ns, Total: 411709 ns
[2025-01-15T16:14:59.807+0000][7][safepoint   ] Safepoint "Cleanup", Time since last: 5010099044 ns, Reaching safepoint: 663166 ns, At safepoint: 33542 ns, Total: 696708 ns
[2025-01-15T16:15:12.840+0000][7][safepoint   ] Safepoint "Cleanup", Time since last: 13033062590 ns, Reaching safepoint: 413333 ns, At safepoint: 29750 ns, Total: 443083 ns
[2025-01-15T16:15:24.867+0000][7][safepoint   ] Safepoint "Cleanup", Time since last: 12025021380 ns, Reaching safepoint: 1090667 ns, At safepoint: 35000 ns, Total: 1125667 ns
[2025-01-15T16:15:34.881+0000][7][safepoint   ] Safepoint "Cleanup", Time since last: 10012714338 ns, Reaching safepoint: 746917 ns, At safepoint: 26083 ns, Total: 773000 ns
[2025-01-15T16:15:38.891+0000][7][safepoint   ] Safepoint "Cleanup", Time since last: 4009877960 ns, Reaching safepoint: 755917 ns, At safepoint: 32416 ns, Total: 788333 ns
[2025-01-15T16:15:40.898+0000][7][safepoint   ] Safepoint "Cleanup", Time since last: 2005840501 ns, Reaching safepoint: 539875 ns, At safepoint: 26167 ns, Total: 566042 ns
[2025-01-15T16:15:42.904+0000][7][safepoint   ] Safepoint "Cleanup", Time since last: 2006170334 ns, Reaching safepoint: 181167 ns, At safepoint: 15083 ns, Total: 196250 ns
[2025-01-15T16:15:43.908+0000][7][safepoint   ] Safepoint "Cleanup", Time since last: 1003183501 ns, Reaching safepoint: 527667 ns, At safepoint: 23833 ns, Total: 551500 ns
[2025-01-15T16:15:44.911+0000][7][safepoint   ] Safepoint "Cleanup", Time since last: 1002152917 ns, Reaching safepoint: 733625 ns, At safepoint: 25875 ns, Total: 759500 ns
[2025-01-15T16:15:54.937+0000][7][safepoint   ] Safepoint "Cleanup", Time since last: 10025348754 ns, Reaching safepoint: 888166 ns, At safepoint: 38084 ns, Total: 926250 ns
[2025-01-15T16:16:04.957+0000][7][safepoint   ] Safepoint "Cleanup", Time since last: 10019298130 ns, Reaching safepoint: 374750 ns, At safepoint: 20958 ns, Total: 395708 ns
[2025-01-15T16:16:10.969+0000][7][safepoint   ] Safepoint "Cleanup", Time since last: 6010946586 ns, Reaching safepoint: 1071250 ns, At safepoint: 47042 ns, Total: 1118292 ns
[2025-01-15T16:16:14.978+0000][7][safepoint   ] Safepoint "Cleanup", Time since last: 4009156627 ns, Reaching safepoint: 215166 ns, At safepoint: 18875 ns, Total: 234041 ns
[2025-01-15T16:16:36.015+0000][7][safepoint   ] Safepoint "Cleanup", Time since last: 21036500176 ns, Reaching safepoint: 566042 ns, At safepoint: 11667 ns, Total: 577709 ns
[2025-01-15T16:16:41.028+0000][7][safepoint   ] Safepoint "Cleanup", Time since last: 5011263169 ns, Reaching safepoint: 1311541 ns, At safepoint: 16875 ns, Total: 1328416 ns
[2025-01-15T16:16:54.046+0000][7][safepoint   ] Safepoint "Cleanup", Time since last: 13016914173 ns, Reaching safepoint: 659375 ns, At safepoint: 27625 ns, Total: 687000 ns
[2025-01-15T16:16:56.051+0000][7][safepoint   ] Safepoint "Cleanup", Time since last: 2004918209 ns, Reaching safepoint: 220334 ns, At safepoint: 11416 ns, Total: 231750 ns
[2025-01-15T16:16:58.057+0000][7][safepoint   ] Safepoint "Cleanup", Time since last: 2005008251 ns, Reaching safepoint: 1180792 ns, At safepoint: 26708 ns, Total: 1207500 ns
[2025-01-15T16:17:01.067+0000][7][safepoint   ] Safepoint "Cleanup", Time since last: 3007716502 ns, Reaching safepoint: 2089416 ns, At safepoint: 38417 ns, Total: 2127833 ns
[2025-01-15T16:17:39.160+0000][7][safepoint   ] Safepoint "Cleanup", Time since last: 38092854435 ns, Reaching safepoint: 1162000 ns, At safepoint: 27416 ns, Total: 1189416 ns
[2025-01-15T16:17:46.178+0000][7][safepoint   ] Safepoint "Cleanup", Time since last: 7017022087 ns, Reaching safepoint: 364500 ns, At safepoint: 16375 ns, Total: 380875 ns
[2025-01-15T16:17:56.192+0000][7][safepoint   ] Safepoint "Cleanup", Time since last: 10013754296 ns, Reaching safepoint: 139000 ns, At safepoint: 5375 ns, Total: 144375 ns
[2025-01-15T16:18:11.217+0000][7][safepoint   ] Safepoint "Cleanup", Time since last: 15024354299 ns, Reaching safepoint: 750583 ns, At safepoint: 40000 ns, Total: 790583 ns
[2025-01-15T16:18:13.221+0000][7][safepoint   ] Safepoint "Cleanup", Time since last: 2003658501 ns, Reaching safepoint: 234875 ns, At safepoint: 17417 ns, Total: 252292 ns
[2025-01-15T16:18:17.230+0000][7][safepoint   ] Safepoint "Cleanup", Time since last: 4008742460 ns, Reaching safepoint: 640292 ns, At safepoint: 31375 ns, Total: 671667 ns
[2025-01-15T16:18:33.270+0000][7][safepoint   ] Safepoint "Cleanup", Time since last: 16038753299 ns, Reaching safepoint: 1018166 ns, At safepoint: 360917 ns, Total: 1379083 ns
[2025-01-15T16:19:13.366+0000][7][safepoint   ] Safepoint "Cleanup", Time since last: 40094470352 ns, Reaching safepoint: 1768125 ns, At safepoint: 39084 ns, Total: 1807209 ns
[2025-01-15T16:19:17.375+0000][7][safepoint   ] Safepoint "Cleanup", Time since last: 4007830001 ns, Reaching safepoint: 610375 ns, At safepoint: 37875 ns, Total: 648250 ns
[2025-01-15T16:19:40.417+0000][7][safepoint   ] Safepoint "Cleanup", Time since last: 23042156969 ns, Reaching safepoint: 310834 ns, At safepoint: 9750 ns, Total: 320584 ns
[2025-01-15T16:19:43.424+0000][7][safepoint   ] Safepoint "Cleanup", Time since last: 3007205293 ns, Reaching safepoint: 503667 ns, At safepoint: 35208 ns, Total: 538875 ns
[2025-01-15T16:19:58.453+0000][7][safepoint   ] Safepoint "Cleanup", Time since last: 15026953298 ns, Reaching safepoint: 1123875 ns, At safepoint: 34750 ns, Total: 1158625 ns
[2025-01-15T16:20:08.478+0000][7][safepoint   ] Safepoint "Cleanup", Time since last: 10024220255 ns, Reaching safepoint: 1028834 ns, At safepoint: 23083 ns, Total: 1051917 ns
[2025-01-15T16:20:10.483+0000][7][safepoint   ] Safepoint "Cleanup", Time since last: 2003404959 ns, Reaching safepoint: 1469000 ns, At safepoint: 18834 ns, Total: 1487834 ns
[2025-01-15T16:20:11.487+0000][7][safepoint   ] Safepoint "Cleanup", Time since last: 1002862583 ns, Reaching safepoint: 437417 ns, At safepoint: 104708 ns, Total: 542125 ns
[2025-01-15T16:20:13.493+0000][7][safepoint   ] Safepoint "Cleanup", Time since last: 2003422543 ns, Reaching safepoint: 2543292 ns, At safepoint: 47833 ns, Total: 2591125 ns
[2025-01-15T16:20:18.506+0000][7][safepoint   ] Safepoint "Cleanup", Time since last: 5011657252 ns, Reaching safepoint: 1289125 ns, At safepoint: 33750 ns, Total: 1322875 ns
[2025-01-15T16:20:31.535+0000][7][safepoint   ] Safepoint "Cleanup", Time since last: 13029443756 ns, Reaching safepoint: 563125 ns, At safepoint: 17250 ns, Total: 580375 ns
[2025-01-15T16:20:40.557+0000][7][safepoint   ] Safepoint "Cleanup", Time since last: 9020395962 ns, Reaching safepoint: 909417 ns, At safepoint: 31000 ns, Total: 940417 ns
[2025-01-15T16:20:48.574+0000][7][safepoint   ] Safepoint "Cleanup", Time since last: 8016954837 ns, Reaching safepoint: 523750 ns, At safepoint: 33667 ns, Total: 557417 ns
[2025-01-15T16:20:58.592+0000][7][safepoint   ] Safepoint "Cleanup", Time since last: 10017300879 ns, Reaching safepoint: 602916 ns, At safepoint: 16209 ns, Total: 619125 ns
[2025-01-15T16:21:10.624+0000][7][safepoint   ] Safepoint "Cleanup", Time since last: 12030408880 ns, Reaching safepoint: 1111000 ns, At safepoint: 40125 ns, Total: 1151125 ns
[2025-01-15T16:21:29.668+0000][7][safepoint   ] Safepoint "Cleanup", Time since last: 19043503758 ns, Reaching safepoint: 900000 ns, At safepoint: 39292 ns, Total: 939292 ns
[2025-01-15T16:21:39.696+0000][7][safepoint   ] Safepoint "Cleanup", Time since last: 10026403255 ns, Reaching safepoint: 802333 ns, At safepoint: 38542 ns, Total: 840875 ns
[2025-01-15T16:21:40.699+0000][7][safepoint   ] Safepoint "Cleanup", Time since last: 1003196750 ns, Reaching safepoint: 587292 ns, At safepoint: 29625 ns, Total: 616917 ns
[2025-01-15T16:21:41.705+0000][7][safepoint   ] Safepoint "Cleanup", Time since last: 1004346625 ns, Reaching safepoint: 793667 ns, At safepoint: 40750 ns, Total: 834417 ns
[2025-01-15T16:21:42.722+0000][7][safepoint   ] Safepoint "Cleanup", Time since last: 1016613584 ns, Reaching safepoint: 889208 ns, At safepoint: 26792 ns, Total: 916000 ns
[2025-01-15T16:21:43.725+0000][7][safepoint   ] Safepoint "Cleanup", Time since last: 1002237334 ns, Reaching safepoint: 733208 ns, At safepoint: 32458 ns, Total: 765666 ns
[2025-01-15T16:21:49.740+0000][7][safepoint   ] Safepoint "Cleanup", Time since last: 6014289212 ns, Reaching safepoint: 894208 ns, At safepoint: 39208 ns, Total: 933416 ns
[2025-01-15T16:21:59.757+0000][7][safepoint   ] Safepoint "Cleanup", Time since last: 10016468713 ns, Reaching safepoint: 850875 ns, At safepoint: 46250 ns, Total: 897125 ns
[2025-01-15T16:22:05.773+0000][7][safepoint   ] Safepoint "Cleanup", Time since last: 6015342503 ns, Reaching safepoint: 357917 ns, At safepoint: 22666 ns, Total: 380583 ns
[2025-01-15T16:22:09.784+0000][7][safepoint   ] Safepoint "Cleanup", Time since last: 4010675460 ns, Reaching safepoint: 920125 ns, At safepoint: 36709 ns, Total: 956834 ns
[2025-01-15T16:22:11.791+0000][7][safepoint   ] Safepoint "Cleanup", Time since last: 2005829792 ns, Reaching safepoint: 881542 ns, At safepoint: 36458 ns, Total: 918000 ns
[2025-01-15T16:22:12.801+0000][7][safepoint   ] Safepoint "Cleanup", Time since last: 1007162751 ns, Reaching safepoint: 2214250 ns, At safepoint: 38458 ns, Total: 2252708 ns
[2025-01-15T16:22:13.803+0000][7][safepoint   ] Safepoint "Cleanup", Time since last: 1001751042 ns, Reaching safepoint: 279000 ns, At safepoint: 17042 ns, Total: 296042 ns
[2025-01-15T16:22:19.819+0000][7][safepoint   ] Safepoint "Cleanup", Time since last: 6015614586 ns, Reaching safepoint: 416625 ns, At safepoint: 11959 ns, Total: 428584 ns
[2025-01-15T16:22:39.862+0000][7][safepoint   ] Safepoint "Cleanup", Time since last: 20042578342 ns, Reaching safepoint: 1009500 ns, At safepoint: 37958 ns, Total: 1047458 ns
[2025-01-15T16:22:41.868+0000][7][safepoint   ] Safepoint "Cleanup", Time since last: 2004714043 ns, Reaching safepoint: 1041750 ns, At safepoint: 42625 ns, Total: 1084375 ns
[2025-01-15T16:22:49.892+0000][7][safepoint   ] Safepoint "Cleanup", Time since last: 8023163170 ns, Reaching safepoint: 268667 ns, At safepoint: 15625 ns, Total: 284292 ns
[2025-01-15T16:22:56.909+0000][7][safepoint   ] Safepoint "Cleanup", Time since last: 7017189461 ns, Reaching safepoint: 737125 ns, At safepoint: 37333 ns, Total: 774458 ns
[2025-01-15T16:23:01.921+0000][7][safepoint   ] Safepoint "Cleanup", Time since last: 5011017336 ns, Reaching safepoint: 546042 ns, At safepoint: 19500 ns, Total: 565542 ns
[2025-01-15T16:23:10.938+0000][7][safepoint   ] Safepoint "Cleanup", Time since last: 9015873962 ns, Reaching safepoint: 1279334 ns, At safepoint: 51333 ns, Total: 1330667 ns
[2025-01-15T16:23:20.968+0000][7][safepoint   ] Safepoint "Cleanup", Time since last: 10027359630 ns, Reaching safepoint: 2014791 ns, At safepoint: 36042 ns, Total: 2050833 ns
[2025-01-15T16:23:41.005+0000][7][safepoint   ] Safepoint "Cleanup", Time since last: 20035218426 ns, Reaching safepoint: 2171542 ns, At safepoint: 33125 ns, Total: 2204667 ns
[2025-01-15T16:24:11.058+0000][7][safepoint   ] Safepoint "Cleanup", Time since last: 30052075180 ns, Reaching safepoint: 383542 ns, At safepoint: 12833 ns, Total: 396375 ns
[2025-01-15T16:24:21.072+0000][7][safepoint   ] Safepoint "Cleanup", Time since last: 10013755754 ns, Reaching safepoint: 423959 ns, At safepoint: 16875 ns, Total: 440834 ns
[2025-01-15T16:24:31.088+0000][7][safepoint   ] Safepoint "Cleanup", Time since last: 10015379671 ns, Reaching safepoint: 325208 ns, At safepoint: 17584 ns, Total: 342792 ns
[2025-01-15T16:24:39.101+0000][7][safepoint   ] Safepoint "Cleanup", Time since last: 8011368003 ns, Reaching safepoint: 1566667 ns, At safepoint: 14958 ns, Total: 1581625 ns
[2025-01-15T16:24:39.166+0000][7][gc,heap,exit] Heap
[2025-01-15T16:24:39.166+0000][7][gc,heap,exit]  garbage-first heap   total 4194304K, used 809205K [0x0000000700000000, 0x0000000800000000)
[2025-01-15T16:24:39.166+0000][7][gc,heap,exit]   region size 4096K, 193 young (790528K), 18 survivors (73728K)
[2025-01-15T16:24:39.167+0000][7][gc,heap,exit]  Metaspace       used 105924K, committed 107520K, reserved 1146880K
[2025-01-15T16:24:39.167+0000][7][gc,heap,exit]   class space    used 14888K, committed 15552K, reserved 1048576K
