[2024-12-23T20:22:37.350+0000][474][gc] Using G1
[2024-12-23T20:22:37.361+0000][474][gc,init] Version: 17.0.2+8 (release)
[2024-12-23T20:22:37.361+0000][474][gc,init] CPUs: 8 total, 6 available
[2024-12-23T20:22:37.361+0000][474][gc,init] Memory: 16384M
[2024-12-23T20:22:37.361+0000][474][gc,init] Large Page Support: Disabled
[2024-12-23T20:22:37.362+0000][474][gc,init] NUMA Support: Disabled
[2024-12-23T20:22:37.362+0000][474][gc,init] Compressed Oops: Enabled (Zero based)
[2024-12-23T20:22:37.362+0000][474][gc,init] Heap Region Size: 4M
[2024-12-23T20:22:37.362+0000][474][gc,init] Heap Min Capacity: 8G
[2024-12-23T20:22:37.362+0000][474][gc,init] Heap Initial Capacity: 8G
[2024-12-23T20:22:37.362+0000][474][gc,init] Heap Max Capacity: 8G
[2024-12-23T20:22:37.362+0000][474][gc,init] Pre-touch: Disabled
[2024-12-23T20:22:37.362+0000][474][gc,init] Parallel Workers: 6
[2024-12-23T20:22:37.362+0000][474][gc,init] Concurrent Workers: 2
[2024-12-23T20:22:37.362+0000][474][gc,init] Concurrent Refinement Workers: 6
[2024-12-23T20:22:37.362+0000][474][gc,init] Periodic GC: Disabled
[2024-12-23T20:22:37.363+0000][474][gc,metaspace] CDS archive(s) not mapped
[2024-12-23T20:22:37.363+0000][474][gc,metaspace] Compressed class space mapped at: 0x00000007c0000000-0x0000000800000000, reserved size: 1073741824
[2024-12-23T20:22:37.363+0000][474][gc,metaspace] Narrow klass base: 0x0000000000000000, Narrow klass shift: 3, Narrow klass range: 0x800000000
[2024-12-23T20:22:37.537+0000][474][gc,heap,exit] Heap
[2024-12-23T20:22:37.538+0000][474][gc,heap,exit]  garbage-first heap   total 8388608K, used 4098K [0x00000005c0000000, 0x00000007c0000000)
[2024-12-23T20:22:37.538+0000][474][gc,heap,exit]   region size 4096K, 2 young (8192K), 0 survivors (0K)
[2024-12-23T20:22:37.539+0000][474][gc,heap,exit]  Metaspace       used 3440K, committed 3520K, reserved 1056768K
[2024-12-23T20:22:37.539+0000][474][gc,heap,exit]   class space    used 277K, committed 320K, reserved 1048576K
