[2024-12-23T20:22:37.728+0000][7][gc] Using G1
[2024-12-23T20:22:40.906+0000][7][gc,init] Version: 17.0.2+8 (release)
[2024-12-23T20:22:40.906+0000][7][gc,init] CPUs: 8 total, 6 available
[2024-12-23T20:22:40.907+0000][7][gc,init] Memory: 16384M
[2024-12-23T20:22:40.907+0000][7][gc,init] Large Page Support: Disabled
[2024-12-23T20:22:40.907+0000][7][gc,init] NUMA Support: Disabled
[2024-12-23T20:22:40.907+0000][7][gc,init] Compressed Oops: Enabled (Zero based)
[2024-12-23T20:22:40.907+0000][7][gc,init] Heap Region Size: 4M
[2024-12-23T20:22:40.907+0000][7][gc,init] Heap Min Capacity: 8G
[2024-12-23T20:22:40.907+0000][7][gc,init] Heap Initial Capacity: 8G
[2024-12-23T20:22:40.907+0000][7][gc,init] Heap Max Capacity: 8G
[2024-12-23T20:22:40.907+0000][7][gc,init] Pre-touch: Enabled
[2024-12-23T20:22:40.907+0000][7][gc,init] Parallel Workers: 6
[2024-12-23T20:22:40.907+0000][7][gc,init] Concurrent Workers: 2
[2024-12-23T20:22:40.907+0000][7][gc,init] Concurrent Refinement Workers: 6
[2024-12-23T20:22:40.907+0000][7][gc,init] Periodic GC: Disabled
[2024-12-23T20:22:40.909+0000][7][gc,metaspace] CDS archive(s) mapped at: [0x0000000800000000-0x0000000800bd2000-0x0000000800bd2000), size 12394496, SharedBaseAddress: 0x0000000800000000, ArchiveRelocationMode: 0.
[2024-12-23T20:22:40.909+0000][7][gc,metaspace] Compressed class space mapped at: 0x0000000800c00000-0x0000000840c00000, reserved size: 1073741824
[2024-12-23T20:22:40.909+0000][7][gc,metaspace] Narrow klass base: 0x0000000800000000, Narrow klass shift: 0, Narrow klass range: 0x100000000
[2024-12-23T20:22:41.806+0000][7][safepoint   ] Safepoint "ICBufferFull", Time since last: 853639500 ns, Reaching safepoint: 939292 ns, At safepoint: 98583 ns, Total: 1037875 ns
[2024-12-23T20:22:42.386+0000][7][safepoint   ] Safepoint "ICBufferFull", Time since last: 578855876 ns, Reaching safepoint: 676041 ns, At safepoint: 8917 ns, Total: 684958 ns
[2024-12-23T20:22:43.309+0000][7][safepoint   ] Safepoint "ICBufferFull", Time since last: 922826042 ns, Reaching safepoint: 645708 ns, At safepoint: 12042 ns, Total: 657750 ns
[2024-12-23T20:22:44.262+0000][7][safepoint   ] Safepoint "ICBufferFull", Time since last: 951729751 ns, Reaching safepoint: 1014541 ns, At safepoint: 13375 ns, Total: 1027916 ns
[2024-12-23T20:22:44.396+0000][7][safepoint   ] Safepoint "ICBufferFull", Time since last: 133992959 ns, Reaching safepoint: 322625 ns, At safepoint: 3791 ns, Total: 326416 ns
[2024-12-23T20:22:44.409+0000][7][safepoint   ] Safepoint "ICBufferFull", Time since last: 12632167 ns, Reaching safepoint: 90125 ns, At safepoint: 2083 ns, Total: 92208 ns
[2024-12-23T20:22:44.424+0000][7][safepoint   ] Safepoint "ICBufferFull", Time since last: 14650459 ns, Reaching safepoint: 82625 ns, At safepoint: 2666 ns, Total: 85291 ns
[2024-12-23T20:22:44.436+0000][7][safepoint   ] Safepoint "ICBufferFull", Time since last: 11815917 ns, Reaching safepoint: 64958 ns, At safepoint: 1959 ns, Total: 66917 ns
[2024-12-23T20:22:44.448+0000][7][safepoint   ] Safepoint "ICBufferFull", Time since last: 12349916 ns, Reaching safepoint: 55584 ns, At safepoint: 2375 ns, Total: 57959 ns
[2024-12-23T20:22:44.683+0000][7][safepoint   ] Safepoint "ICBufferFull", Time since last: 234446208 ns, Reaching safepoint: 595625 ns, At safepoint: 8042 ns, Total: 603667 ns
[2024-12-23T20:22:45.358+0000][7][gc,start    ] GC(0) Pause Young (Normal) (G1 Evacuation Pause)
[2024-12-23T20:22:45.358+0000][7][gc,task     ] GC(0) Using 6 workers of 6 for evacuation
[2024-12-23T20:22:45.359+0000][7][gc,age      ] GC(0) Desired survivor size 27262976 bytes, new threshold 15 (max threshold 15)
[2024-12-23T20:22:45.410+0000][7][gc,age      ] GC(0) Age table with threshold 15 (max threshold 15)
[2024-12-23T20:22:45.411+0000][7][gc,age      ] GC(0) - age   1:   14736160 bytes,   14736160 total
[2024-12-23T20:22:45.413+0000][7][gc,phases   ] GC(0)   Pre Evacuate Collection Set: 1.1ms
[2024-12-23T20:22:45.413+0000][7][gc,phases   ] GC(0)   Merge Heap Roots: 4.8ms
[2024-12-23T20:22:45.414+0000][7][gc,phases   ] GC(0)   Evacuate Collection Set: 35.5ms
[2024-12-23T20:22:45.414+0000][7][gc,phases   ] GC(0)   Post Evacuate Collection Set: 9.3ms
[2024-12-23T20:22:45.414+0000][7][gc,phases   ] GC(0)   Other: 4.4ms
[2024-12-23T20:22:45.415+0000][7][gc,heap     ] GC(0) Eden regions: 102->0(98)
[2024-12-23T20:22:45.415+0000][7][gc,heap     ] GC(0) Survivor regions: 0->4(13)
[2024-12-23T20:22:45.415+0000][7][gc,heap     ] GC(0) Old regions: 0->0
[2024-12-23T20:22:45.415+0000][7][gc,heap     ] GC(0) Archive regions: 2->2
[2024-12-23T20:22:45.415+0000][7][gc,heap     ] GC(0) Humongous regions: 0->0
[2024-12-23T20:22:45.415+0000][7][gc,metaspace] GC(0) Metaspace: 18654K(19072K)->18654K(19072K) NonClass: 16391K(16640K)->16391K(16640K) Class: 2263K(2432K)->2263K(2432K)
[2024-12-23T20:22:45.416+0000][7][gc          ] GC(0) Pause Young (Normal) (G1 Evacuation Pause) 411M->18M(8192M) 57.875ms
[2024-12-23T20:22:45.416+0000][7][gc,cpu      ] GC(0) User=0.06s Sys=0.02s Real=0.06s
[2024-12-23T20:22:45.416+0000][7][safepoint   ] Safepoint "G1CollectForAllocation", Time since last: 671756292 ns, Reaching safepoint: 817541 ns, At safepoint: 60317084 ns, Total: 61134625 ns
[2024-12-23T20:22:46.098+0000][7][gc,start    ] GC(1) Pause Young (Normal) (G1 Evacuation Pause)
[2024-12-23T20:22:46.099+0000][7][gc,task     ] GC(1) Using 6 workers of 6 for evacuation
[2024-12-23T20:22:46.099+0000][7][gc,age      ] GC(1) Desired survivor size 27262976 bytes, new threshold 15 (max threshold 15)
[2024-12-23T20:22:46.113+0000][7][gc,age      ] GC(1) Age table with threshold 15 (max threshold 15)
[2024-12-23T20:22:46.113+0000][7][gc,age      ] GC(1) - age   1:    4186592 bytes,    4186592 total
[2024-12-23T20:22:46.113+0000][7][gc,age      ] GC(1) - age   2:   13233928 bytes,   17420520 total
[2024-12-23T20:22:46.113+0000][7][gc,phases   ] GC(1)   Pre Evacuate Collection Set: 0.3ms
[2024-12-23T20:22:46.113+0000][7][gc,phases   ] GC(1)   Merge Heap Roots: 0.1ms
[2024-12-23T20:22:46.113+0000][7][gc,phases   ] GC(1)   Evacuate Collection Set: 13.2ms
[2024-12-23T20:22:46.113+0000][7][gc,phases   ] GC(1)   Post Evacuate Collection Set: 0.7ms
[2024-12-23T20:22:46.114+0000][7][gc,phases   ] GC(1)   Other: 0.6ms
[2024-12-23T20:22:46.114+0000][7][gc,heap     ] GC(1) Eden regions: 98->0(97)
[2024-12-23T20:22:46.114+0000][7][gc,heap     ] GC(1) Survivor regions: 4->5(13)
[2024-12-23T20:22:46.114+0000][7][gc,heap     ] GC(1) Old regions: 0->0
[2024-12-23T20:22:46.114+0000][7][gc,heap     ] GC(1) Archive regions: 2->2
[2024-12-23T20:22:46.114+0000][7][gc,heap     ] GC(1) Humongous regions: 0->0
[2024-12-23T20:22:46.114+0000][7][gc,metaspace] GC(1) Metaspace: 19707K(20096K)->19707K(20096K) NonClass: 17296K(17536K)->17296K(17536K) Class: 2410K(2560K)->2410K(2560K)
[2024-12-23T20:22:46.114+0000][7][gc          ] GC(1) Pause Young (Normal) (G1 Evacuation Pause) 410M->21M(8192M) 15.350ms
[2024-12-23T20:22:46.114+0000][7][gc,cpu      ] GC(1) User=0.03s Sys=0.01s Real=0.02s
[2024-12-23T20:22:46.114+0000][7][safepoint   ] Safepoint "G1CollectForAllocation", Time since last: 681802500 ns, Reaching safepoint: 666750 ns, At safepoint: 15489625 ns, Total: 16156375 ns
[2024-12-23T20:22:46.787+0000][7][gc,start    ] GC(2) Pause Young (Normal) (G1 Evacuation Pause)
[2024-12-23T20:22:46.787+0000][7][gc,task     ] GC(2) Using 6 workers of 6 for evacuation
[2024-12-23T20:22:46.787+0000][7][gc,age      ] GC(2) Desired survivor size 27262976 bytes, new threshold 15 (max threshold 15)
[2024-12-23T20:22:46.795+0000][7][gc,age      ] GC(2) Age table with threshold 15 (max threshold 15)
[2024-12-23T20:22:46.795+0000][7][gc,age      ] GC(2) - age   1:    3065104 bytes,    3065104 total
[2024-12-23T20:22:46.795+0000][7][gc,age      ] GC(2) - age   2:    2423416 bytes,    5488520 total
[2024-12-23T20:22:46.795+0000][7][gc,age      ] GC(2) - age   3:   13226200 bytes,   18714720 total
[2024-12-23T20:22:46.796+0000][7][gc,phases   ] GC(2)   Pre Evacuate Collection Set: 0.2ms
[2024-12-23T20:22:46.796+0000][7][gc,phases   ] GC(2)   Merge Heap Roots: 0.1ms
[2024-12-23T20:22:46.796+0000][7][gc,phases   ] GC(2)   Evacuate Collection Set: 7.2ms
[2024-12-23T20:22:46.796+0000][7][gc,phases   ] GC(2)   Post Evacuate Collection Set: 0.8ms
[2024-12-23T20:22:46.796+0000][7][gc,phases   ] GC(2)   Other: 0.6ms
[2024-12-23T20:22:46.796+0000][7][gc,heap     ] GC(2) Eden regions: 97->0(99)
[2024-12-23T20:22:46.796+0000][7][gc,heap     ] GC(2) Survivor regions: 5->5(13)
[2024-12-23T20:22:46.796+0000][7][gc,heap     ] GC(2) Old regions: 0->0
[2024-12-23T20:22:46.796+0000][7][gc,heap     ] GC(2) Archive regions: 2->2
[2024-12-23T20:22:46.796+0000][7][gc,heap     ] GC(2) Humongous regions: 0->0
[2024-12-23T20:22:46.796+0000][7][gc,metaspace] GC(2) Metaspace: 20964K(21504K)->20964K(21504K) NonClass: 18386K(18752K)->18386K(18752K) Class: 2578K(2752K)->2578K(2752K)
[2024-12-23T20:22:46.796+0000][7][gc          ] GC(2) Pause Young (Normal) (G1 Evacuation Pause) 409M->23M(8192M) 9.341ms
[2024-12-23T20:22:46.796+0000][7][gc,cpu      ] GC(2) User=0.03s Sys=0.00s Real=0.01s
[2024-12-23T20:22:46.796+0000][7][safepoint   ] Safepoint "G1CollectForAllocation", Time since last: 672182209 ns, Reaching safepoint: 566666 ns, At safepoint: 9470750 ns, Total: 10037416 ns
[2024-12-23T20:22:46.978+0000][7][gc,start    ] GC(3) Pause Young (Concurrent Start) (Metadata GC Threshold)
[2024-12-23T20:22:46.978+0000][7][gc,task     ] GC(3) Using 6 workers of 6 for evacuation
[2024-12-23T20:22:46.978+0000][7][gc,age      ] GC(3) Desired survivor size 27262976 bytes, new threshold 15 (max threshold 15)
[2024-12-23T20:22:46.990+0000][7][gc,age      ] GC(3) Age table with threshold 15 (max threshold 15)
[2024-12-23T20:22:46.990+0000][7][gc,age      ] GC(3) - age   1:     552464 bytes,     552464 total
[2024-12-23T20:22:46.990+0000][7][gc,age      ] GC(3) - age   2:    2437248 bytes,    2989712 total
[2024-12-23T20:22:46.990+0000][7][gc,age      ] GC(3) - age   3:    2423416 bytes,    5413128 total
[2024-12-23T20:22:46.990+0000][7][gc,age      ] GC(3) - age   4:   13225728 bytes,   18638856 total
[2024-12-23T20:22:46.990+0000][7][gc,phases   ] GC(3)   Pre Evacuate Collection Set: 0.2ms
[2024-12-23T20:22:46.990+0000][7][gc,phases   ] GC(3)   Merge Heap Roots: 0.1ms
[2024-12-23T20:22:46.990+0000][7][gc,phases   ] GC(3)   Evacuate Collection Set: 10.5ms
[2024-12-23T20:22:46.990+0000][7][gc,phases   ] GC(3)   Post Evacuate Collection Set: 0.7ms
[2024-12-23T20:22:46.990+0000][7][gc,phases   ] GC(3)   Other: 0.9ms
[2024-12-23T20:22:46.990+0000][7][gc,heap     ] GC(3) Eden regions: 30->0(107)
[2024-12-23T20:22:46.991+0000][7][gc,heap     ] GC(3) Survivor regions: 5->5(13)
[2024-12-23T20:22:46.991+0000][7][gc,heap     ] GC(3) Old regions: 0->0
[2024-12-23T20:22:46.991+0000][7][gc,heap     ] GC(3) Archive regions: 2->2
[2024-12-23T20:22:46.991+0000][7][gc,heap     ] GC(3) Humongous regions: 0->0
[2024-12-23T20:22:46.991+0000][7][gc,metaspace] GC(3) Metaspace: 21068K(21504K)->21068K(21504K) NonClass: 18468K(18752K)->18468K(18752K) Class: 2599K(2752K)->2599K(2752K)
[2024-12-23T20:22:46.991+0000][7][gc          ] GC(3) Pause Young (Concurrent Start) (Metadata GC Threshold) 143M->23M(8192M) 12.802ms
[2024-12-23T20:22:46.991+0000][7][gc,cpu      ] GC(3) User=0.03s Sys=0.00s Real=0.02s
[2024-12-23T20:22:46.991+0000][7][gc          ] GC(4) Concurrent Mark Cycle
[2024-12-23T20:22:46.991+0000][7][safepoint   ] Safepoint "CollectForMetadataAllocation", Time since last: 181491959 ns, Reaching safepoint: 162208 ns, At safepoint: 13312292 ns, Total: 13474500 ns
[2024-12-23T20:22:46.991+0000][7][gc,marking  ] GC(4) Concurrent Clear Claimed Marks
[2024-12-23T20:22:46.992+0000][7][gc,marking  ] GC(4) Concurrent Clear Claimed Marks 1.151ms
[2024-12-23T20:22:46.992+0000][7][gc,marking  ] GC(4) Concurrent Scan Root Regions
[2024-12-23T20:22:46.998+0000][7][gc,marking  ] GC(4) Concurrent Scan Root Regions 5.570ms
[2024-12-23T20:22:47.000+0000][7][gc,marking  ] GC(4) Concurrent Mark
[2024-12-23T20:22:47.000+0000][7][gc,marking  ] GC(4) Concurrent Mark From Roots
[2024-12-23T20:22:47.000+0000][7][gc,task     ] GC(4) Using 2 workers of 2 for marking
[2024-12-23T20:22:47.006+0000][7][gc,marking  ] GC(4) Concurrent Mark From Roots 5.989ms
[2024-12-23T20:22:47.006+0000][7][gc,marking  ] GC(4) Concurrent Preclean
[2024-12-23T20:22:47.007+0000][7][gc,marking  ] GC(4) Concurrent Preclean 0.997ms
[2024-12-23T20:22:47.009+0000][7][gc,start    ] GC(4) Pause Remark
[2024-12-23T20:22:47.043+0000][7][gc          ] GC(4) Pause Remark 25M->25M(8192M) 34.391ms
[2024-12-23T20:22:47.044+0000][7][gc,cpu      ] GC(4) User=0.02s Sys=0.01s Real=0.04s
[2024-12-23T20:22:47.044+0000][7][safepoint   ] Safepoint "G1Concurrent", Time since last: 16553125 ns, Reaching safepoint: 1372000 ns, At safepoint: 34665375 ns, Total: 36037375 ns
[2024-12-23T20:22:47.049+0000][7][gc,marking  ] GC(4) Concurrent Mark 49.093ms
[2024-12-23T20:22:47.049+0000][7][gc,marking  ] GC(4) Concurrent Rebuild Remembered Sets
[2024-12-23T20:22:47.049+0000][7][gc,marking  ] GC(4) Concurrent Rebuild Remembered Sets 0.109ms
[2024-12-23T20:22:47.050+0000][7][gc,start    ] GC(4) Pause Cleanup
[2024-12-23T20:22:47.050+0000][7][gc          ] GC(4) Pause Cleanup 25M->25M(8192M) 0.157ms
[2024-12-23T20:22:47.050+0000][7][gc,cpu      ] GC(4) User=0.00s Sys=0.00s Real=0.00s
[2024-12-23T20:22:47.050+0000][7][safepoint   ] Safepoint "G1Concurrent", Time since last: 5521750 ns, Reaching safepoint: 769292 ns, At safepoint: 253416 ns, Total: 1022708 ns
[2024-12-23T20:22:47.054+0000][7][gc,marking  ] GC(4) Concurrent Cleanup for Next Mark
[2024-12-23T20:22:47.066+0000][7][gc,marking  ] GC(4) Concurrent Cleanup for Next Mark 12.683ms
[2024-12-23T20:22:47.067+0000][7][gc          ] GC(4) Concurrent Mark Cycle 76.400ms
[2024-12-23T20:22:47.588+0000][7][safepoint   ] Safepoint "ICBufferFull", Time since last: 537332084 ns, Reaching safepoint: 702958 ns, At safepoint: 5709 ns, Total: 708667 ns
[2024-12-23T20:22:47.600+0000][7][safepoint   ] Safepoint "ICBufferFull", Time since last: 11735875 ns, Reaching safepoint: 93583 ns, At safepoint: 3625 ns, Total: 97208 ns
[2024-12-23T20:22:47.611+0000][7][safepoint   ] Safepoint "ICBufferFull", Time since last: 10998292 ns, Reaching safepoint: 86333 ns, At safepoint: 2625 ns, Total: 88958 ns
[2024-12-23T20:22:47.622+0000][7][safepoint   ] Safepoint "ICBufferFull", Time since last: 10819083 ns, Reaching safepoint: 93084 ns, At safepoint: 2250 ns, Total: 95334 ns
[2024-12-23T20:22:47.655+0000][7][safepoint   ] Safepoint "ICBufferFull", Time since last: 32892333 ns, Reaching safepoint: 74917 ns, At safepoint: 3583 ns, Total: 78500 ns
[2024-12-23T20:22:47.666+0000][7][safepoint   ] Safepoint "ICBufferFull", Time since last: 10778958 ns, Reaching safepoint: 97250 ns, At safepoint: 4209 ns, Total: 101459 ns
[2024-12-23T20:22:47.726+0000][7][safepoint   ] Safepoint "ICBufferFull", Time since last: 59819166 ns, Reaching safepoint: 134084 ns, At safepoint: 8500 ns, Total: 142584 ns
[2024-12-23T20:22:47.737+0000][7][safepoint   ] Safepoint "ICBufferFull", Time since last: 11189333 ns, Reaching safepoint: 76917 ns, At safepoint: 2250 ns, Total: 79167 ns
[2024-12-23T20:22:47.765+0000][7][safepoint   ] Safepoint "ICBufferFull", Time since last: 27715375 ns, Reaching safepoint: 158541 ns, At safepoint: 4542 ns, Total: 163083 ns
[2024-12-23T20:22:47.834+0000][7][safepoint   ] Safepoint "ICBufferFull", Time since last: 68739708 ns, Reaching safepoint: 354500 ns, At safepoint: 4167 ns, Total: 358667 ns
[2024-12-23T20:22:48.349+0000][7][safepoint   ] Safepoint "ICBufferFull", Time since last: 514129584 ns, Reaching safepoint: 588583 ns, At safepoint: 11417 ns, Total: 600000 ns
[2024-12-23T20:22:49.367+0000][7][safepoint   ] Safepoint "ICBufferFull", Time since last: 1018224792 ns, Reaching safepoint: 360083 ns, At safepoint: 3500 ns, Total: 363583 ns
[2024-12-23T20:22:49.696+0000][7][gc,start    ] GC(5) Pause Young (Concurrent Start) (Metadata GC Threshold)
[2024-12-23T20:22:49.696+0000][7][gc,task     ] GC(5) Using 6 workers of 6 for evacuation
[2024-12-23T20:22:49.696+0000][7][gc,age      ] GC(5) Desired survivor size 29360128 bytes, new threshold 15 (max threshold 15)
[2024-12-23T20:22:49.711+0000][7][gc,age      ] GC(5) Age table with threshold 15 (max threshold 15)
[2024-12-23T20:22:49.711+0000][7][gc,age      ] GC(5) - age   1:   27367656 bytes,   27367656 total
[2024-12-23T20:22:49.711+0000][7][gc,age      ] GC(5) - age   2:     539600 bytes,   27907256 total
[2024-12-23T20:22:49.711+0000][7][gc,age      ] GC(5) - age   3:    2396648 bytes,   30303904 total
[2024-12-23T20:22:49.711+0000][7][gc,age      ] GC(5) - age   4:    2401176 bytes,   32705080 total
[2024-12-23T20:22:49.711+0000][7][gc,age      ] GC(5) - age   5:   13051744 bytes,   45756824 total
[2024-12-23T20:22:49.712+0000][7][gc,phases   ] GC(5)   Pre Evacuate Collection Set: 0.3ms
[2024-12-23T20:22:49.712+0000][7][gc,phases   ] GC(5)   Merge Heap Roots: 0.1ms
[2024-12-23T20:22:49.712+0000][7][gc,phases   ] GC(5)   Evacuate Collection Set: 13.0ms
[2024-12-23T20:22:49.712+0000][7][gc,phases   ] GC(5)   Post Evacuate Collection Set: 1.4ms
[2024-12-23T20:22:49.712+0000][7][gc,phases   ] GC(5)   Other: 0.8ms
[2024-12-23T20:22:49.712+0000][7][gc,heap     ] GC(5) Eden regions: 71->0(106)
[2024-12-23T20:22:49.712+0000][7][gc,heap     ] GC(5) Survivor regions: 5->12(14)
[2024-12-23T20:22:49.712+0000][7][gc,heap     ] GC(5) Old regions: 0->0
[2024-12-23T20:22:49.712+0000][7][gc,heap     ] GC(5) Archive regions: 2->2
[2024-12-23T20:22:49.712+0000][7][gc,heap     ] GC(5) Humongous regions: 0->0
[2024-12-23T20:22:49.712+0000][7][gc,metaspace] GC(5) Metaspace: 34973K(35968K)->34973K(35968K) NonClass: 30335K(30912K)->30335K(30912K) Class: 4637K(5056K)->4637K(5056K)
[2024-12-23T20:22:49.712+0000][7][gc          ] GC(5) Pause Young (Concurrent Start) (Metadata GC Threshold) 307M->48M(8192M) 15.908ms
[2024-12-23T20:22:49.712+0000][7][gc,cpu      ] GC(5) User=0.07s Sys=0.01s Real=0.02s
[2024-12-23T20:22:49.712+0000][7][gc          ] GC(6) Concurrent Mark Cycle
[2024-12-23T20:22:49.712+0000][7][gc,marking  ] GC(6) Concurrent Clear Claimed Marks
[2024-12-23T20:22:49.712+0000][7][gc,marking  ] GC(6) Concurrent Clear Claimed Marks 0.116ms
[2024-12-23T20:22:49.712+0000][7][gc,marking  ] GC(6) Concurrent Scan Root Regions
[2024-12-23T20:22:49.712+0000][7][safepoint   ] Safepoint "CollectForMetadataAllocation", Time since last: 328054792 ns, Reaching safepoint: 434333 ns, At safepoint: 16113917 ns, Total: 16548250 ns
[2024-12-23T20:22:49.720+0000][7][gc,marking  ] GC(6) Concurrent Scan Root Regions 8.149ms
[2024-12-23T20:22:49.721+0000][7][gc,marking  ] GC(6) Concurrent Mark
[2024-12-23T20:22:49.721+0000][7][gc,marking  ] GC(6) Concurrent Mark From Roots
[2024-12-23T20:22:49.721+0000][7][gc,task     ] GC(6) Using 2 workers of 2 for marking
[2024-12-23T20:22:49.722+0000][7][gc,marking  ] GC(6) Concurrent Mark From Roots 1.677ms
[2024-12-23T20:22:49.722+0000][7][gc,marking  ] GC(6) Concurrent Preclean
[2024-12-23T20:22:49.722+0000][7][gc,marking  ] GC(6) Concurrent Preclean 0.066ms
[2024-12-23T20:22:49.723+0000][7][gc,start    ] GC(6) Pause Remark
[2024-12-23T20:22:49.743+0000][7][gc          ] GC(6) Pause Remark 50M->50M(8192M) 19.945ms
[2024-12-23T20:22:49.743+0000][7][gc,cpu      ] GC(6) User=0.02s Sys=0.01s Real=0.02s
[2024-12-23T20:22:49.743+0000][7][safepoint   ] Safepoint "G1Concurrent", Time since last: 10363625 ns, Reaching safepoint: 355417 ns, At safepoint: 20110333 ns, Total: 20465750 ns
[2024-12-23T20:22:49.743+0000][7][gc,marking  ] GC(6) Concurrent Mark 22.408ms
[2024-12-23T20:22:49.743+0000][7][gc,marking  ] GC(6) Concurrent Rebuild Remembered Sets
[2024-12-23T20:22:49.743+0000][7][gc,marking  ] GC(6) Concurrent Rebuild Remembered Sets 0.030ms
[2024-12-23T20:22:49.745+0000][7][gc,start    ] GC(6) Pause Cleanup
[2024-12-23T20:22:49.745+0000][7][gc          ] GC(6) Pause Cleanup 50M->50M(8192M) 0.076ms
[2024-12-23T20:22:49.745+0000][7][gc,cpu      ] GC(6) User=0.00s Sys=0.00s Real=0.00s
[2024-12-23T20:22:49.745+0000][7][safepoint   ] Safepoint "G1Concurrent", Time since last: 149125 ns, Reaching safepoint: 1964458 ns, At safepoint: 190334 ns, Total: 2154792 ns
[2024-12-23T20:22:49.745+0000][7][gc,marking  ] GC(6) Concurrent Cleanup for Next Mark
[2024-12-23T20:22:49.756+0000][7][gc,marking  ] GC(6) Concurrent Cleanup for Next Mark 11.170ms
[2024-12-23T20:22:49.757+0000][7][gc          ] GC(6) Concurrent Mark Cycle 44.543ms
[2024-12-23T20:22:50.761+0000][7][safepoint   ] Safepoint "Cleanup", Time since last: 1014151417 ns, Reaching safepoint: 1140625 ns, At safepoint: 16833 ns, Total: 1157458 ns
[2024-12-23T20:22:51.150+0000][7][safepoint   ] Safepoint "ICBufferFull", Time since last: 388892292 ns, Reaching safepoint: 523250 ns, At safepoint: 3125 ns, Total: 526375 ns
[2024-12-23T20:22:51.826+0000][7][safepoint   ] Safepoint "ICBufferFull", Time since last: 676038834 ns, Reaching safepoint: 268000 ns, At safepoint: 2875 ns, Total: 270875 ns
[2024-12-23T20:22:52.321+0000][7][safepoint   ] Safepoint "ICBufferFull", Time since last: 494152625 ns, Reaching safepoint: 763750 ns, At safepoint: 7250 ns, Total: 771000 ns
[2024-12-23T20:22:52.955+0000][7][gc,start    ] GC(7) Pause Young (Concurrent Start) (Metadata GC Threshold)
[2024-12-23T20:22:52.955+0000][7][gc,task     ] GC(7) Using 6 workers of 6 for evacuation
[2024-12-23T20:22:52.955+0000][7][gc,age      ] GC(7) Desired survivor size 31457280 bytes, new threshold 4 (max threshold 15)
[2024-12-23T20:22:52.992+0000][7][gc,age      ] GC(7) Age table with threshold 4 (max threshold 15)
[2024-12-23T20:22:52.992+0000][7][gc,age      ] GC(7) - age   1:   10190296 bytes,   10190296 total
[2024-12-23T20:22:52.992+0000][7][gc,age      ] GC(7) - age   2:   27063296 bytes,   37253592 total
[2024-12-23T20:22:52.992+0000][7][gc,age      ] GC(7) - age   3:     538568 bytes,   37792160 total
[2024-12-23T20:22:52.992+0000][7][gc,age      ] GC(7) - age   4:    2383504 bytes,   40175664 total
[2024-12-23T20:22:52.992+0000][7][gc,phases   ] GC(7)   Pre Evacuate Collection Set: 0.2ms
[2024-12-23T20:22:52.993+0000][7][gc,phases   ] GC(7)   Merge Heap Roots: 0.1ms
[2024-12-23T20:22:52.993+0000][7][gc,phases   ] GC(7)   Evacuate Collection Set: 34.8ms
[2024-12-23T20:22:52.993+0000][7][gc,phases   ] GC(7)   Post Evacuate Collection Set: 1.6ms
[2024-12-23T20:22:52.993+0000][7][gc,phases   ] GC(7)   Other: 0.8ms
[2024-12-23T20:22:52.993+0000][7][gc,heap     ] GC(7) Eden regions: 95->0(91)
[2024-12-23T20:22:52.993+0000][7][gc,heap     ] GC(7) Survivor regions: 12->11(15)
[2024-12-23T20:22:52.993+0000][7][gc,heap     ] GC(7) Old regions: 0->4
[2024-12-23T20:22:52.993+0000][7][gc,heap     ] GC(7) Archive regions: 2->2
[2024-12-23T20:22:52.993+0000][7][gc,heap     ] GC(7) Humongous regions: 0->0
[2024-12-23T20:22:52.993+0000][7][gc,metaspace] GC(7) Metaspace: 58856K(60096K)->58856K(60096K) NonClass: 50827K(51584K)->50827K(51584K) Class: 8028K(8512K)->8028K(8512K)
[2024-12-23T20:22:52.993+0000][7][gc          ] GC(7) Pause Young (Concurrent Start) (Metadata GC Threshold) 426M->61M(8192M) 37.990ms
[2024-12-23T20:22:52.993+0000][7][gc,cpu      ] GC(7) User=0.14s Sys=0.03s Real=0.04s
[2024-12-23T20:22:52.993+0000][7][safepoint   ] Safepoint "CollectForMetadataAllocation", Time since last: 632815374 ns, Reaching safepoint: 490917 ns, At safepoint: 38202125 ns, Total: 38693042 ns
[2024-12-23T20:22:52.993+0000][7][gc          ] GC(8) Concurrent Mark Cycle
[2024-12-23T20:22:52.993+0000][7][gc,marking  ] GC(8) Concurrent Clear Claimed Marks
[2024-12-23T20:22:52.993+0000][7][gc,marking  ] GC(8) Concurrent Clear Claimed Marks 0.125ms
[2024-12-23T20:22:52.993+0000][7][gc,marking  ] GC(8) Concurrent Scan Root Regions
[2024-12-23T20:22:53.003+0000][7][gc,marking  ] GC(8) Concurrent Scan Root Regions 9.940ms
[2024-12-23T20:22:53.004+0000][7][gc,marking  ] GC(8) Concurrent Mark
[2024-12-23T20:22:53.004+0000][7][gc,marking  ] GC(8) Concurrent Mark From Roots
[2024-12-23T20:22:53.004+0000][7][gc,task     ] GC(8) Using 2 workers of 2 for marking
[2024-12-23T20:22:53.005+0000][7][gc,marking  ] GC(8) Concurrent Mark From Roots 1.648ms
[2024-12-23T20:22:53.005+0000][7][gc,marking  ] GC(8) Concurrent Preclean
[2024-12-23T20:22:53.005+0000][7][gc,marking  ] GC(8) Concurrent Preclean 0.108ms
[2024-12-23T20:22:53.006+0000][7][gc,start    ] GC(8) Pause Remark
[2024-12-23T20:22:53.031+0000][7][gc          ] GC(8) Pause Remark 63M->63M(8192M) 24.517ms
[2024-12-23T20:22:53.031+0000][7][gc,cpu      ] GC(8) User=0.01s Sys=0.02s Real=0.03s
[2024-12-23T20:22:53.031+0000][7][safepoint   ] Safepoint "G1Concurrent", Time since last: 12372167 ns, Reaching safepoint: 797916 ns, At safepoint: 24753667 ns, Total: 25551583 ns
[2024-12-23T20:22:53.031+0000][7][gc,marking  ] GC(8) Concurrent Mark 27.655ms
[2024-12-23T20:22:53.031+0000][7][gc,marking  ] GC(8) Concurrent Rebuild Remembered Sets
[2024-12-23T20:22:53.039+0000][7][gc,marking  ] GC(8) Concurrent Rebuild Remembered Sets 7.552ms
[2024-12-23T20:22:53.039+0000][7][gc,start    ] GC(8) Pause Cleanup
[2024-12-23T20:22:53.040+0000][7][gc          ] GC(8) Pause Cleanup 63M->63M(8192M) 0.911ms
[2024-12-23T20:22:53.040+0000][7][gc,cpu      ] GC(8) User=0.00s Sys=0.00s Real=0.01s
[2024-12-23T20:22:53.040+0000][7][safepoint   ] Safepoint "G1Concurrent", Time since last: 7895542 ns, Reaching safepoint: 362541 ns, At safepoint: 1039209 ns, Total: 1401750 ns
[2024-12-23T20:22:53.040+0000][7][gc,marking  ] GC(8) Concurrent Cleanup for Next Mark
[2024-12-23T20:22:53.043+0000][7][gc,marking  ] GC(8) Concurrent Cleanup for Next Mark 2.399ms
[2024-12-23T20:22:53.043+0000][7][gc          ] GC(8) Concurrent Mark Cycle 49.830ms
[2024-12-23T20:22:54.182+0000][7][safepoint   ] Safepoint "ICBufferFull", Time since last: 1140488459 ns, Reaching safepoint: 971416 ns, At safepoint: 4584 ns, Total: 976000 ns
[2024-12-23T20:22:54.782+0000][7][safepoint   ] Safepoint "ICBufferFull", Time since last: 599141250 ns, Reaching safepoint: 848125 ns, At safepoint: 14292 ns, Total: 862417 ns
[2024-12-23T20:22:55.418+0000][7][safepoint   ] Safepoint "ICBufferFull", Time since last: 635793917 ns, Reaching safepoint: 753041 ns, At safepoint: 4375 ns, Total: 757416 ns
[2024-12-23T20:22:56.252+0000][7][safepoint   ] Safepoint "ICBufferFull", Time since last: 832808501 ns, Reaching safepoint: 904458 ns, At safepoint: 10167 ns, Total: 914625 ns
[2024-12-23T20:22:56.801+0000][7][safepoint   ] Safepoint "ICBufferFull", Time since last: 547972333 ns, Reaching safepoint: 1001584 ns, At safepoint: 13291 ns, Total: 1014875 ns
[2024-12-23T20:22:57.260+0000][7][safepoint   ] Safepoint "ICBufferFull", Time since last: 457960792 ns, Reaching safepoint: 912958 ns, At safepoint: 8625 ns, Total: 921583 ns
[2024-12-23T20:22:57.620+0000][7][gc,start    ] GC(9) Pause Young (Normal) (G1 Evacuation Pause)
[2024-12-23T20:22:57.620+0000][7][gc,task     ] GC(9) Using 6 workers of 6 for evacuation
[2024-12-23T20:22:57.621+0000][7][gc,age      ] GC(9) Desired survivor size 27262976 bytes, new threshold 2 (max threshold 15)
[2024-12-23T20:22:57.643+0000][7][gc,age      ] GC(9) Age table with threshold 2 (max threshold 15)
[2024-12-23T20:22:57.643+0000][7][gc,age      ] GC(9) - age   1:   16338064 bytes,   16338064 total
[2024-12-23T20:22:57.643+0000][7][gc,age      ] GC(9) - age   2:    9677640 bytes,   26015704 total
[2024-12-23T20:22:57.643+0000][7][gc,phases   ] GC(9)   Pre Evacuate Collection Set: 0.3ms
[2024-12-23T20:22:57.643+0000][7][gc,phases   ] GC(9)   Merge Heap Roots: 0.5ms
[2024-12-23T20:22:57.643+0000][7][gc,phases   ] GC(9)   Evacuate Collection Set: 20.3ms
[2024-12-23T20:22:57.644+0000][7][gc,phases   ] GC(9)   Post Evacuate Collection Set: 1.4ms
[2024-12-23T20:22:57.644+0000][7][gc,phases   ] GC(9)   Other: 0.5ms
[2024-12-23T20:22:57.644+0000][7][gc,heap     ] GC(9) Eden regions: 91->0(153)
[2024-12-23T20:22:57.644+0000][7][gc,heap     ] GC(9) Survivor regions: 11->7(13)
[2024-12-23T20:22:57.644+0000][7][gc,heap     ] GC(9) Old regions: 4->11
[2024-12-23T20:22:57.644+0000][7][gc,heap     ] GC(9) Archive regions: 2->2
[2024-12-23T20:22:57.644+0000][7][gc,heap     ] GC(9) Humongous regions: 2->2
[2024-12-23T20:22:57.644+0000][7][gc,metaspace] GC(9) Metaspace: 95022K(96512K)->95022K(96512K) NonClass: 81623K(82496K)->81623K(82496K) Class: 13398K(14016K)->13398K(14016K)
[2024-12-23T20:22:57.644+0000][7][gc          ] GC(9) Pause Young (Normal) (G1 Evacuation Pause) 433M->82M(8192M) 23.563ms
[2024-12-23T20:22:57.644+0000][7][gc,cpu      ] GC(9) User=0.11s Sys=0.00s Real=0.02s
[2024-12-23T20:22:57.644+0000][7][safepoint   ] Safepoint "G1CollectForAllocation", Time since last: 359662417 ns, Reaching safepoint: 727375 ns, At safepoint: 23725959 ns, Total: 24453334 ns
[2024-12-23T20:22:58.597+0000][7][safepoint   ] Safepoint "ICBufferFull", Time since last: 951973250 ns, Reaching safepoint: 869875 ns, At safepoint: 13958 ns, Total: 883833 ns
[2024-12-23T20:22:59.732+0000][7][safepoint   ] Safepoint "Cleanup", Time since last: 1133796668 ns, Reaching safepoint: 920916 ns, At safepoint: 8459 ns, Total: 929375 ns
[2024-12-23T20:23:00.748+0000][7][safepoint   ] Safepoint "Cleanup", Time since last: 1014815042 ns, Reaching safepoint: 1223833 ns, At safepoint: 20167 ns, Total: 1244000 ns
[2024-12-23T20:23:01.308+0000][7][gc,start    ] GC(10) Pause Young (Concurrent Start) (Metadata GC Threshold)
[2024-12-23T20:23:01.309+0000][7][gc,task     ] GC(10) Using 6 workers of 6 for evacuation
[2024-12-23T20:23:01.309+0000][7][gc,age      ] GC(10) Desired survivor size 39845888 bytes, new threshold 15 (max threshold 15)
[2024-12-23T20:23:01.333+0000][7][gc,age      ] GC(10) Age table with threshold 15 (max threshold 15)
[2024-12-23T20:23:01.333+0000][7][gc,age      ] GC(10) - age   1:    2559512 bytes,    2559512 total
[2024-12-23T20:23:01.333+0000][7][gc,age      ] GC(10) - age   2:   15809952 bytes,   18369464 total
[2024-12-23T20:23:01.333+0000][7][gc,age      ] GC(10) - age   3:    9588064 bytes,   27957528 total
[2024-12-23T20:23:01.333+0000][7][gc,phases   ] GC(10)   Pre Evacuate Collection Set: 0.4ms
[2024-12-23T20:23:01.333+0000][7][gc,phases   ] GC(10)   Merge Heap Roots: 0.1ms
[2024-12-23T20:23:01.334+0000][7][gc,phases   ] GC(10)   Evacuate Collection Set: 22.6ms
[2024-12-23T20:23:01.334+0000][7][gc,phases   ] GC(10)   Post Evacuate Collection Set: 0.9ms
[2024-12-23T20:23:01.334+0000][7][gc,phases   ] GC(10)   Other: 1.4ms
[2024-12-23T20:23:01.334+0000][7][gc,heap     ] GC(10) Eden regions: 41->0(189)
[2024-12-23T20:23:01.334+0000][7][gc,heap     ] GC(10) Survivor regions: 7->8(19)
[2024-12-23T20:23:01.334+0000][7][gc,heap     ] GC(10) Old regions: 11->11
[2024-12-23T20:23:01.334+0000][7][gc,heap     ] GC(10) Archive regions: 2->2
[2024-12-23T20:23:01.334+0000][7][gc,heap     ] GC(10) Humongous regions: 2->2
[2024-12-23T20:23:01.334+0000][7][gc,metaspace] GC(10) Metaspace: 98794K(100288K)->98794K(100288K) NonClass: 84948K(85824K)->84948K(85824K) Class: 13845K(14464K)->13845K(14464K)
[2024-12-23T20:23:01.334+0000][7][gc          ] GC(10) Pause Young (Concurrent Start) (Metadata GC Threshold) 245M->85M(8192M) 25.790ms
[2024-12-23T20:23:01.334+0000][7][gc,cpu      ] GC(10) User=0.09s Sys=0.01s Real=0.03s
[2024-12-23T20:23:01.334+0000][7][gc          ] GC(11) Concurrent Mark Cycle
[2024-12-23T20:23:01.334+0000][7][gc,marking  ] GC(11) Concurrent Clear Claimed Marks
[2024-12-23T20:23:01.335+0000][7][gc,marking  ] GC(11) Concurrent Clear Claimed Marks 0.791ms
[2024-12-23T20:23:01.335+0000][7][gc,marking  ] GC(11) Concurrent Scan Root Regions
[2024-12-23T20:23:01.334+0000][7][safepoint   ] Safepoint "CollectForMetadataAllocation", Time since last: 559773667 ns, Reaching safepoint: 525125 ns, At safepoint: 25989625 ns, Total: 26514750 ns
[2024-12-23T20:23:01.342+0000][7][gc,marking  ] GC(11) Concurrent Scan Root Regions 7.234ms
[2024-12-23T20:23:01.342+0000][7][gc,marking  ] GC(11) Concurrent Mark
[2024-12-23T20:23:01.342+0000][7][gc,marking  ] GC(11) Concurrent Mark From Roots
[2024-12-23T20:23:01.342+0000][7][gc,task     ] GC(11) Using 2 workers of 2 for marking
[2024-12-23T20:23:01.369+0000][7][gc,marking  ] GC(11) Concurrent Mark From Roots 26.815ms
[2024-12-23T20:23:01.370+0000][7][gc,marking  ] GC(11) Concurrent Preclean
[2024-12-23T20:23:01.371+0000][7][gc,marking  ] GC(11) Concurrent Preclean 0.809ms
[2024-12-23T20:23:01.375+0000][7][safepoint   ] Safepoint "CollectForMetadataAllocation", Time since last: 40054125 ns, Reaching safepoint: 540416 ns, At safepoint: 46292 ns, Total: 586708 ns
[2024-12-23T20:23:01.375+0000][7][gc,start    ] GC(11) Pause Remark
[2024-12-23T20:23:01.445+0000][7][gc          ] GC(11) Pause Remark 89M->89M(8192M) 70.015ms
[2024-12-23T20:23:01.445+0000][7][gc,cpu      ] GC(11) User=0.07s Sys=0.02s Real=0.07s
[2024-12-23T20:23:01.446+0000][7][safepoint   ] Safepoint "G1Concurrent", Time since last: 265000 ns, Reaching safepoint: 394708 ns, At safepoint: 70336750 ns, Total: 70731458 ns
[2024-12-23T20:23:01.446+0000][7][gc,marking  ] GC(11) Concurrent Mark 103.451ms
[2024-12-23T20:23:01.446+0000][7][gc,marking  ] GC(11) Concurrent Rebuild Remembered Sets
[2024-12-23T20:23:01.462+0000][7][gc,marking  ] GC(11) Concurrent Rebuild Remembered Sets 16.366ms
[2024-12-23T20:23:01.463+0000][7][gc,start    ] GC(11) Pause Cleanup
[2024-12-23T20:23:01.464+0000][7][gc          ] GC(11) Pause Cleanup 90M->90M(8192M) 0.348ms
[2024-12-23T20:23:01.464+0000][7][gc,cpu      ] GC(11) User=0.00s Sys=0.00s Real=0.00s
[2024-12-23T20:23:01.464+0000][7][safepoint   ] Safepoint "G1Concurrent", Time since last: 16824209 ns, Reaching safepoint: 927958 ns, At safepoint: 505083 ns, Total: 1433041 ns
[2024-12-23T20:23:01.466+0000][7][gc,marking  ] GC(11) Concurrent Cleanup for Next Mark
[2024-12-23T20:23:01.468+0000][7][gc,marking  ] GC(11) Concurrent Cleanup for Next Mark 2.592ms
[2024-12-23T20:23:01.468+0000][7][gc          ] GC(11) Concurrent Mark Cycle 134.453ms
[2024-12-23T20:23:02.802+0000][7][safepoint   ] Safepoint "ICBufferFull", Time since last: 1336958543 ns, Reaching safepoint: 1503291 ns, At safepoint: 4792 ns, Total: 1508083 ns
[2024-12-23T20:23:03.752+0000][7][safepoint   ] Safepoint "ICBufferFull", Time since last: 948661626 ns, Reaching safepoint: 689291 ns, At safepoint: 3917 ns, Total: 693208 ns
[2024-12-23T20:23:04.939+0000][7][safepoint   ] Safepoint "Cleanup", Time since last: 1185649834 ns, Reaching safepoint: 1667666 ns, At safepoint: 14209 ns, Total: 1681875 ns
[2024-12-23T20:23:05.941+0000][7][safepoint   ] Safepoint "Cleanup", Time since last: 1000124875 ns, Reaching safepoint: 1369125 ns, At safepoint: 12500 ns, Total: 1381625 ns
[2024-12-23T20:23:06.943+0000][7][safepoint   ] Safepoint "Cleanup", Time since last: 1002034126 ns, Reaching safepoint: 278541 ns, At safepoint: 7875 ns, Total: 286416 ns
[2024-12-23T20:23:07.944+0000][7][safepoint   ] Safepoint "Cleanup", Time since last: 1000937584 ns, Reaching safepoint: 286209 ns, At safepoint: 13291 ns, Total: 299500 ns
[2024-12-23T20:23:08.953+0000][7][safepoint   ] Safepoint "Cleanup", Time since last: 1007139667 ns, Reaching safepoint: 1392292 ns, At safepoint: 17125 ns, Total: 1409417 ns
[2024-12-23T20:23:09.956+0000][7][safepoint   ] Safepoint "Cleanup", Time since last: 1003035251 ns, Reaching safepoint: 215166 ns, At safepoint: 5375 ns, Total: 220541 ns
[2024-12-23T20:23:10.958+0000][7][safepoint   ] Safepoint "Cleanup", Time since last: 1001639626 ns, Reaching safepoint: 447333 ns, At safepoint: 18292 ns, Total: 465625 ns
[2024-12-23T20:23:11.960+0000][7][safepoint   ] Safepoint "Cleanup", Time since last: 1001422000 ns, Reaching safepoint: 344334 ns, At safepoint: 14791 ns, Total: 359125 ns
[2024-12-23T20:23:12.962+0000][7][safepoint   ] Safepoint "Cleanup", Time since last: 1001542417 ns, Reaching safepoint: 452959 ns, At safepoint: 22083 ns, Total: 475042 ns
[2024-12-23T20:23:13.964+0000][7][safepoint   ] Safepoint "Cleanup", Time since last: 1001791000 ns, Reaching safepoint: 317084 ns, At safepoint: 10541 ns, Total: 327625 ns
[2024-12-23T20:23:14.968+0000][7][safepoint   ] Safepoint "Cleanup", Time since last: 1002321709 ns, Reaching safepoint: 1313792 ns, At safepoint: 18833 ns, Total: 1332625 ns
[2024-12-23T20:23:16.970+0000][7][safepoint   ] Safepoint "Cleanup", Time since last: 2001656376 ns, Reaching safepoint: 1156459 ns, At safepoint: 8666 ns, Total: 1165125 ns
[2024-12-23T20:23:17.973+0000][7][safepoint   ] Safepoint "Cleanup", Time since last: 1000812167 ns, Reaching safepoint: 1305584 ns, At safepoint: 16375 ns, Total: 1321959 ns
[2024-12-23T20:23:18.974+0000][7][safepoint   ] Safepoint "Cleanup", Time since last: 1000773417 ns, Reaching safepoint: 487000 ns, At safepoint: 34625 ns, Total: 521625 ns
[2024-12-23T20:23:19.975+0000][7][safepoint   ] Safepoint "Cleanup", Time since last: 1001376125 ns, Reaching safepoint: 161667 ns, At safepoint: 18167 ns, Total: 179834 ns
[2024-12-23T20:23:20.985+0000][7][safepoint   ] Safepoint "Cleanup", Time since last: 1007882500 ns, Reaching safepoint: 1325458 ns, At safepoint: 13459 ns, Total: 1338917 ns
[2024-12-23T20:23:21.986+0000][7][safepoint   ] Safepoint "Cleanup", Time since last: 1000725834 ns, Reaching safepoint: 177500 ns, At safepoint: 6125 ns, Total: 183625 ns
[2024-12-23T20:23:22.987+0000][7][safepoint   ] Safepoint "Cleanup", Time since last: 1001201875 ns, Reaching safepoint: 385791 ns, At safepoint: 20542 ns, Total: 406333 ns
[2024-12-23T20:23:23.989+0000][7][safepoint   ] Safepoint "Cleanup", Time since last: 1001465959 ns, Reaching safepoint: 172625 ns, At safepoint: 8292 ns, Total: 180917 ns
[2024-12-23T20:23:24.794+0000][7][safepoint   ] Safepoint "ICBufferFull", Time since last: 804436167 ns, Reaching safepoint: 1129916 ns, At safepoint: 8250 ns, Total: 1138166 ns
[2024-12-23T20:23:25.804+0000][7][safepoint   ] Safepoint "Cleanup", Time since last: 1002552626 ns, Reaching safepoint: 7342291 ns, At safepoint: 42334 ns, Total: 7384625 ns
[2024-12-23T20:23:26.806+0000][7][safepoint   ] Safepoint "Cleanup", Time since last: 1000885209 ns, Reaching safepoint: 1320708 ns, At safepoint: 9833 ns, Total: 1330541 ns
[2024-12-23T20:23:27.808+0000][7][safepoint   ] Safepoint "Cleanup", Time since last: 1001320917 ns, Reaching safepoint: 244125 ns, At safepoint: 9459 ns, Total: 253584 ns
[2024-12-23T20:23:28.809+0000][7][safepoint   ] Safepoint "Cleanup", Time since last: 1001275084 ns, Reaching safepoint: 256458 ns, At safepoint: 4667 ns, Total: 261125 ns
[2024-12-23T20:23:30.135+0000][7][safepoint   ] Safepoint "Cleanup", Time since last: 1323566417 ns, Reaching safepoint: 2260083 ns, At safepoint: 13500 ns, Total: 2273583 ns
[2024-12-23T20:23:31.136+0000][7][safepoint   ] Safepoint "Cleanup", Time since last: 1000738459 ns, Reaching safepoint: 274083 ns, At safepoint: 10125 ns, Total: 284208 ns
[2024-12-23T20:23:33.138+0000][7][safepoint   ] Safepoint "Cleanup", Time since last: 2001835835 ns, Reaching safepoint: 161000 ns, At safepoint: 5833 ns, Total: 166833 ns
[2024-12-23T20:23:34.141+0000][7][safepoint   ] Safepoint "Cleanup", Time since last: 1001737792 ns, Reaching safepoint: 1267083 ns, At safepoint: 9917 ns, Total: 1277000 ns
[2024-12-23T20:23:35.142+0000][7][safepoint   ] Safepoint "Cleanup", Time since last: 1000700334 ns, Reaching safepoint: 305375 ns, At safepoint: 5583 ns, Total: 310958 ns
[2024-12-23T20:23:36.143+0000][7][safepoint   ] Safepoint "Cleanup", Time since last: 1000913167 ns, Reaching safepoint: 130417 ns, At safepoint: 9917 ns, Total: 140334 ns
[2024-12-23T20:23:38.091+0000][7][safepoint   ] Safepoint "Cleanup", Time since last: 1947272292 ns, Reaching safepoint: 174459 ns, At safepoint: 13833 ns, Total: 188292 ns
[2024-12-23T20:23:39.473+0000][7][safepoint   ] Safepoint "Cleanup", Time since last: 1381413376 ns, Reaching safepoint: 928208 ns, At safepoint: 5833 ns, Total: 934041 ns
[2024-12-23T20:23:40.475+0000][7][safepoint   ] Safepoint "Cleanup", Time since last: 1001824667 ns, Reaching safepoint: 310709 ns, At safepoint: 5916 ns, Total: 316625 ns
[2024-12-23T20:23:41.477+0000][7][safepoint   ] Safepoint "Cleanup", Time since last: 1000680376 ns, Reaching safepoint: 1365167 ns, At safepoint: 9375 ns, Total: 1374542 ns
[2024-12-23T20:23:42.478+0000][7][safepoint   ] Safepoint "Cleanup", Time since last: 1000859167 ns, Reaching safepoint: 205000 ns, At safepoint: 13833 ns, Total: 218833 ns
[2024-12-23T20:23:43.479+0000][7][safepoint   ] Safepoint "Cleanup", Time since last: 1000595584 ns, Reaching safepoint: 249792 ns, At safepoint: 5708 ns, Total: 255500 ns
[2024-12-23T20:23:45.316+0000][7][safepoint   ] Safepoint "Cleanup", Time since last: 1834698167 ns, Reaching safepoint: 2281542 ns, At safepoint: 12083 ns, Total: 2293625 ns
[2024-12-23T20:23:46.320+0000][7][safepoint   ] Safepoint "Cleanup", Time since last: 1001521084 ns, Reaching safepoint: 1879292 ns, At safepoint: 31625 ns, Total: 1910917 ns
[2024-12-23T20:23:48.327+0000][7][safepoint   ] Safepoint "Cleanup", Time since last: 2004435918 ns, Reaching safepoint: 2512458 ns, At safepoint: 28792 ns, Total: 2541250 ns
[2024-12-23T20:23:49.328+0000][7][safepoint   ] Safepoint "Cleanup", Time since last: 1000807875 ns, Reaching safepoint: 395083 ns, At safepoint: 12000 ns, Total: 407083 ns
[2024-12-23T20:23:50.329+0000][7][safepoint   ] Safepoint "Cleanup", Time since last: 1001209376 ns, Reaching safepoint: 118500 ns, At safepoint: 9375 ns, Total: 127875 ns
[2024-12-23T20:23:51.335+0000][7][safepoint   ] Safepoint "Cleanup", Time since last: 1004643875 ns, Reaching safepoint: 780917 ns, At safepoint: 30583 ns, Total: 811500 ns
[2024-12-23T20:23:52.337+0000][7][safepoint   ] Safepoint "Cleanup", Time since last: 1001624376 ns, Reaching safepoint: 273041 ns, At safepoint: 10667 ns, Total: 283708 ns
[2024-12-23T20:23:54.340+0000][7][safepoint   ] Safepoint "Cleanup", Time since last: 2002601459 ns, Reaching safepoint: 477917 ns, At safepoint: 24083 ns, Total: 502000 ns
[2024-12-23T20:23:55.342+0000][7][safepoint   ] Safepoint "Cleanup", Time since last: 1002108334 ns, Reaching safepoint: 582417 ns, At safepoint: 19458 ns, Total: 601875 ns
[2024-12-23T20:23:57.347+0000][7][safepoint   ] Safepoint "Cleanup", Time since last: 2003787209 ns, Reaching safepoint: 509042 ns, At safepoint: 11708 ns, Total: 520750 ns
[2024-12-23T20:24:05.369+0000][7][safepoint   ] Safepoint "Cleanup", Time since last: 8022389796 ns, Reaching safepoint: 338708 ns, At safepoint: 20917 ns, Total: 359625 ns
[2024-12-23T20:24:07.374+0000][7][safepoint   ] Safepoint "Cleanup", Time since last: 2003796626 ns, Reaching safepoint: 562125 ns, At safepoint: 24708 ns, Total: 586833 ns
[2024-12-23T20:24:11.383+0000][7][safepoint   ] Safepoint "Cleanup", Time since last: 4008921710 ns, Reaching safepoint: 566625 ns, At safepoint: 34334 ns, Total: 600959 ns
[2024-12-23T20:24:15.393+0000][7][safepoint   ] Safepoint "Cleanup", Time since last: 4008734626 ns, Reaching safepoint: 933875 ns, At safepoint: 29417 ns, Total: 963292 ns
[2024-12-23T20:24:25.420+0000][7][safepoint   ] Safepoint "Cleanup", Time since last: 10027531421 ns, Reaching safepoint: 625833 ns, At safepoint: 25375 ns, Total: 651208 ns
[2024-12-23T20:24:29.427+0000][7][safepoint   ] Safepoint "Cleanup", Time since last: 4006449627 ns, Reaching safepoint: 359834 ns, At safepoint: 10916 ns, Total: 370750 ns
[2024-12-23T20:24:41.460+0000][7][safepoint   ] Safepoint "Cleanup", Time since last: 12032698589 ns, Reaching safepoint: 344750 ns, At safepoint: 13334 ns, Total: 358084 ns
[2024-12-23T20:24:44.466+0000][7][safepoint   ] Safepoint "Cleanup", Time since last: 3005106501 ns, Reaching safepoint: 1356625 ns, At safepoint: 36083 ns, Total: 1392708 ns
[2024-12-23T20:24:58.495+0000][7][safepoint   ] Safepoint "Cleanup", Time since last: 14027823131 ns, Reaching safepoint: 949459 ns, At safepoint: 39708 ns, Total: 989167 ns
[2024-12-23T20:25:01.503+0000][7][safepoint   ] Safepoint "Cleanup", Time since last: 3007025752 ns, Reaching safepoint: 756000 ns, At safepoint: 15041 ns, Total: 771041 ns
[2024-12-23T20:25:02.504+0000][7][safepoint   ] Safepoint "Cleanup", Time since last: 1001486751 ns, Reaching safepoint: 312000 ns, At safepoint: 10875 ns, Total: 322875 ns
[2024-12-23T20:25:03.508+0000][7][safepoint   ] Safepoint "Cleanup", Time since last: 1003098583 ns, Reaching safepoint: 647250 ns, At safepoint: 17709 ns, Total: 664959 ns
[2024-12-23T20:25:11.524+0000][7][safepoint   ] Safepoint "Cleanup", Time since last: 8015349337 ns, Reaching safepoint: 155250 ns, At safepoint: 7792 ns, Total: 163042 ns
[2024-12-23T20:25:15.534+0000][7][safepoint   ] Safepoint "Cleanup", Time since last: 4010050002 ns, Reaching safepoint: 355000 ns, At safepoint: 16583 ns, Total: 371583 ns
[2024-12-23T20:25:21.549+0000][7][safepoint   ] Safepoint "Cleanup", Time since last: 6014671086 ns, Reaching safepoint: 200333 ns, At safepoint: 6792 ns, Total: 207125 ns
[2024-12-23T20:25:26.558+0000][7][safepoint   ] Safepoint "Cleanup", Time since last: 5008045377 ns, Reaching safepoint: 287417 ns, At safepoint: 15250 ns, Total: 302667 ns
[2024-12-23T20:25:32.568+0000][7][safepoint   ] Safepoint "Cleanup", Time since last: 6009878794 ns, Reaching safepoint: 296209 ns, At safepoint: 10583 ns, Total: 306792 ns
[2024-12-23T20:25:33.571+0000][7][safepoint   ] Safepoint "Cleanup", Time since last: 1002228292 ns, Reaching safepoint: 973708 ns, At safepoint: 16792 ns, Total: 990500 ns
[2024-12-23T20:25:34.575+0000][7][safepoint   ] Safepoint "Cleanup", Time since last: 1003384126 ns, Reaching safepoint: 270333 ns, At safepoint: 11542 ns, Total: 281875 ns
[2024-12-23T20:25:35.578+0000][7][safepoint   ] Safepoint "Cleanup", Time since last: 1002367250 ns, Reaching safepoint: 758875 ns, At safepoint: 39792 ns, Total: 798667 ns
[2024-12-23T20:25:42.603+0000][7][safepoint   ] Safepoint "Cleanup", Time since last: 7024082503 ns, Reaching safepoint: 330458 ns, At safepoint: 7625 ns, Total: 338083 ns
[2024-12-23T20:25:45.607+0000][7][safepoint   ] Safepoint "Cleanup", Time since last: 3003722377 ns, Reaching safepoint: 505208 ns, At safepoint: 164459 ns, Total: 669667 ns
[2024-12-23T20:25:52.622+0000][7][safepoint   ] Safepoint "Cleanup", Time since last: 7014731002 ns, Reaching safepoint: 553625 ns, At safepoint: 14833 ns, Total: 568458 ns
[2024-12-23T20:25:55.630+0000][7][safepoint   ] Safepoint "Cleanup", Time since last: 3007716085 ns, Reaching safepoint: 642250 ns, At safepoint: 21375 ns, Total: 663625 ns
[2024-12-23T20:26:00.643+0000][7][safepoint   ] Safepoint "Cleanup", Time since last: 5012091461 ns, Reaching safepoint: 520166 ns, At safepoint: 19459 ns, Total: 539625 ns
[2024-12-23T20:26:02.646+0000][7][safepoint   ] Safepoint "Cleanup", Time since last: 2002861834 ns, Reaching safepoint: 328875 ns, At safepoint: 14875 ns, Total: 343750 ns
[2024-12-23T20:26:22.680+0000][7][safepoint   ] Safepoint "Cleanup", Time since last: 20033625050 ns, Reaching safepoint: 208917 ns, At safepoint: 6375 ns, Total: 215292 ns
[2024-12-23T20:26:23.684+0000][7][safepoint   ] Safepoint "Cleanup", Time since last: 1003470875 ns, Reaching safepoint: 638250 ns, At safepoint: 17209 ns, Total: 655459 ns
[2024-12-23T20:26:26.691+0000][7][safepoint   ] Safepoint "Cleanup", Time since last: 3006788793 ns, Reaching safepoint: 202917 ns, At safepoint: 14000 ns, Total: 216917 ns
[2024-12-23T20:26:38.725+0000][7][safepoint   ] Safepoint "Cleanup", Time since last: 12031731714 ns, Reaching safepoint: 1378083 ns, At safepoint: 47417 ns, Total: 1425500 ns
[2024-12-23T20:26:42.866+0000][7][gc,start    ] GC(12) Pause Young (Concurrent Start) (G1 Evacuation Pause)
[2024-12-23T20:26:42.866+0000][7][gc,task     ] GC(12) Using 6 workers of 6 for evacuation
[2024-12-23T20:26:42.867+0000][7][gc,age      ] GC(12) Desired survivor size 54525952 bytes, new threshold 15 (max threshold 15)
[2024-12-23T20:26:42.994+0000][7][gc,age      ] GC(12) Age table with threshold 15 (max threshold 15)
[2024-12-23T20:26:42.994+0000][7][gc,age      ] GC(12) - age   1:   14237240 bytes,   14237240 total
[2024-12-23T20:26:42.994+0000][7][gc,age      ] GC(12) - age   2:    2215112 bytes,   16452352 total
[2024-12-23T20:26:42.994+0000][7][gc,age      ] GC(12) - age   3:   15667720 bytes,   32120072 total
[2024-12-23T20:26:42.994+0000][7][gc,age      ] GC(12) - age   4:    9569736 bytes,   41689808 total
[2024-12-23T20:26:42.994+0000][7][gc,phases   ] GC(12)   Pre Evacuate Collection Set: 11.2ms
[2024-12-23T20:26:42.994+0000][7][gc,phases   ] GC(12)   Merge Heap Roots: 1.0ms
[2024-12-23T20:26:42.994+0000][7][gc,phases   ] GC(12)   Evacuate Collection Set: 104.9ms
[2024-12-23T20:26:42.994+0000][7][gc,phases   ] GC(12)   Post Evacuate Collection Set: 3.7ms
[2024-12-23T20:26:42.994+0000][7][gc,phases   ] GC(12)   Other: 7.6ms
[2024-12-23T20:26:42.994+0000][7][gc,heap     ] GC(12) Eden regions: 193->0(200)
[2024-12-23T20:26:42.994+0000][7][gc,heap     ] GC(12) Survivor regions: 8->11(26)
[2024-12-23T20:26:42.994+0000][7][gc,heap     ] GC(12) Old regions: 11->11
[2024-12-23T20:26:42.994+0000][7][gc,heap     ] GC(12) Archive regions: 2->2
[2024-12-23T20:26:42.994+0000][7][gc,heap     ] GC(12) Humongous regions: 2->2
[2024-12-23T20:26:42.994+0000][7][gc,metaspace] GC(12) Metaspace: 107543K(109120K)->107543K(109120K) NonClass: 92529K(93440K)->92529K(93440K) Class: 15013K(15680K)->15013K(15680K)
[2024-12-23T20:26:42.995+0000][7][gc          ] GC(12) Pause Young (Concurrent Start) (G1 Evacuation Pause) 857M->97M(8192M) 128.632ms
[2024-12-23T20:26:42.995+0000][7][gc,cpu      ] GC(12) User=0.44s Sys=0.02s Real=0.13s
[2024-12-23T20:26:42.995+0000][7][safepoint   ] Safepoint "G1CollectForAllocation", Time since last: 4140763502 ns, Reaching safepoint: 96750 ns, At safepoint: 129196000 ns, Total: 129292750 ns
[2024-12-23T20:26:42.995+0000][7][gc          ] GC(13) Concurrent Mark Cycle
[2024-12-23T20:26:42.995+0000][7][gc,marking  ] GC(13) Concurrent Clear Claimed Marks
[2024-12-23T20:26:42.995+0000][7][gc,marking  ] GC(13) Concurrent Clear Claimed Marks 0.223ms
[2024-12-23T20:26:42.995+0000][7][gc,marking  ] GC(13) Concurrent Scan Root Regions
[2024-12-23T20:26:43.004+0000][7][gc,marking  ] GC(13) Concurrent Scan Root Regions 8.327ms
[2024-12-23T20:26:43.004+0000][7][gc,marking  ] GC(13) Concurrent Mark
[2024-12-23T20:26:43.004+0000][7][gc,marking  ] GC(13) Concurrent Mark From Roots
[2024-12-23T20:26:43.004+0000][7][gc,task     ] GC(13) Using 2 workers of 2 for marking
[2024-12-23T20:26:43.033+0000][7][gc,marking  ] GC(13) Concurrent Mark From Roots 28.929ms
[2024-12-23T20:26:43.033+0000][7][gc,marking  ] GC(13) Concurrent Preclean
[2024-12-23T20:26:43.033+0000][7][gc,marking  ] GC(13) Concurrent Preclean 0.199ms
[2024-12-23T20:26:43.033+0000][7][gc,start    ] GC(13) Pause Remark
[2024-12-23T20:26:43.129+0000][7][gc          ] GC(13) Pause Remark 101M->101M(8192M) 95.466ms
[2024-12-23T20:26:43.129+0000][7][gc,cpu      ] GC(13) User=0.06s Sys=0.04s Real=0.09s
[2024-12-23T20:26:43.129+0000][7][safepoint   ] Safepoint "G1Concurrent", Time since last: 38336708 ns, Reaching safepoint: 191292 ns, At safepoint: 95750625 ns, Total: 95941917 ns
[2024-12-23T20:26:43.129+0000][7][gc,marking  ] GC(13) Concurrent Mark 125.371ms
[2024-12-23T20:26:43.129+0000][7][gc,marking  ] GC(13) Concurrent Rebuild Remembered Sets
[2024-12-23T20:26:43.144+0000][7][gc,marking  ] GC(13) Concurrent Rebuild Remembered Sets 14.484ms
[2024-12-23T20:26:43.144+0000][7][gc,start    ] GC(13) Pause Cleanup
[2024-12-23T20:26:43.144+0000][7][gc          ] GC(13) Pause Cleanup 101M->101M(8192M) 0.255ms
[2024-12-23T20:26:43.144+0000][7][gc,cpu      ] GC(13) User=0.00s Sys=0.00s Real=0.00s
[2024-12-23T20:26:43.144+0000][7][safepoint   ] Safepoint "G1Concurrent", Time since last: 14715000 ns, Reaching safepoint: 76916 ns, At safepoint: 377584 ns, Total: 454500 ns
[2024-12-23T20:26:43.144+0000][7][gc,marking  ] GC(13) Concurrent Cleanup for Next Mark
[2024-12-23T20:26:43.177+0000][7][gc,marking  ] GC(13) Concurrent Cleanup for Next Mark 32.487ms
[2024-12-23T20:26:43.177+0000][7][gc          ] GC(13) Concurrent Mark Cycle 182.155ms
[2024-12-23T20:26:44.145+0000][7][safepoint   ] Safepoint "Cleanup", Time since last: 1001019917 ns, Reaching safepoint: 152458 ns, At safepoint: 6875 ns, Total: 159333 ns
[2024-12-23T20:26:56.168+0000][7][safepoint   ] Safepoint "Cleanup", Time since last: 12022896172 ns, Reaching safepoint: 336583 ns, At safepoint: 20959 ns, Total: 357542 ns
[2024-12-23T20:26:57.171+0000][7][safepoint   ] Safepoint "Cleanup", Time since last: 1002500833 ns, Reaching safepoint: 758917 ns, At safepoint: 29833 ns, Total: 788750 ns
[2024-12-23T20:27:03.180+0000][7][safepoint   ] Safepoint "Cleanup", Time since last: 6008647920 ns, Reaching safepoint: 472375 ns, At safepoint: 13792 ns, Total: 486167 ns
[2024-12-23T20:27:06.187+0000][7][safepoint   ] Safepoint "Cleanup", Time since last: 3006180418 ns, Reaching safepoint: 386958 ns, At safepoint: 19750 ns, Total: 406708 ns
[2024-12-23T20:27:07.189+0000][7][safepoint   ] Safepoint "Cleanup", Time since last: 1001216251 ns, Reaching safepoint: 810208 ns, At safepoint: 32750 ns, Total: 842958 ns
[2024-12-23T20:27:13.212+0000][7][safepoint   ] Safepoint "Cleanup", Time since last: 6022804836 ns, Reaching safepoint: 204833 ns, At safepoint: 5750 ns, Total: 210583 ns
[2024-12-23T20:27:26.248+0000][7][safepoint   ] Safepoint "Cleanup", Time since last: 13034585381 ns, Reaching safepoint: 1502292 ns, At safepoint: 45333 ns, Total: 1547625 ns
[2024-12-23T20:27:27.258+0000][7][safepoint   ] Safepoint "Cleanup", Time since last: 1008948167 ns, Reaching safepoint: 594625 ns, At safepoint: 26875 ns, Total: 621500 ns
[2024-12-23T20:27:33.275+0000][7][safepoint   ] Safepoint "Cleanup", Time since last: 6017258128 ns, Reaching safepoint: 284833 ns, At safepoint: 8542 ns, Total: 293375 ns
[2024-12-23T20:27:43.297+0000][7][safepoint   ] Safepoint "Cleanup", Time since last: 10021511046 ns, Reaching safepoint: 208959 ns, At safepoint: 6791 ns, Total: 215750 ns
[2024-12-23T20:27:45.305+0000][7][safepoint   ] Safepoint "Cleanup", Time since last: 2006851335 ns, Reaching safepoint: 921833 ns, At safepoint: 41292 ns, Total: 963125 ns
[2024-12-23T20:28:08.349+0000][7][safepoint   ] Safepoint "Cleanup", Time since last: 23043497010 ns, Reaching safepoint: 346458 ns, At safepoint: 17625 ns, Total: 364083 ns
[2024-12-23T20:28:13.362+0000][7][safepoint   ] Safepoint "Cleanup", Time since last: 5012977711 ns, Reaching safepoint: 501500 ns, At safepoint: 26458 ns, Total: 527958 ns
[2024-12-23T20:28:14.368+0000][7][safepoint   ] Safepoint "Cleanup", Time since last: 1003188376 ns, Reaching safepoint: 2776250 ns, At safepoint: 38333 ns, Total: 2814583 ns
[2024-12-23T20:28:24.394+0000][7][safepoint   ] Safepoint "Cleanup", Time since last: 10024140296 ns, Reaching safepoint: 761375 ns, At safepoint: 17584 ns, Total: 778959 ns
[2024-12-23T20:28:27.401+0000][7][safepoint   ] Safepoint "Cleanup", Time since last: 3007025376 ns, Reaching safepoint: 465334 ns, At safepoint: 15458 ns, Total: 480792 ns
[2024-12-23T20:28:32.409+0000][7][safepoint   ] Safepoint "Cleanup", Time since last: 5007710377 ns, Reaching safepoint: 230750 ns, At safepoint: 17084 ns, Total: 247834 ns
[2024-12-23T20:28:33.411+0000][7][safepoint   ] Safepoint "Cleanup", Time since last: 1001940500 ns, Reaching safepoint: 244083 ns, At safepoint: 10667 ns, Total: 254750 ns
[2024-12-23T20:28:34.415+0000][7][safepoint   ] Safepoint "Cleanup", Time since last: 1002352209 ns, Reaching safepoint: 1108375 ns, At safepoint: 17792 ns, Total: 1126167 ns
[2024-12-23T20:28:43.437+0000][7][safepoint   ] Safepoint "Cleanup", Time since last: 9022050171 ns, Reaching safepoint: 331958 ns, At safepoint: 11167 ns, Total: 343125 ns
[2024-12-23T20:28:44.438+0000][7][safepoint   ] Safepoint "Cleanup", Time since last: 1001005583 ns, Reaching safepoint: 404459 ns, At safepoint: 12791 ns, Total: 417250 ns
[2024-12-23T20:28:47.448+0000][7][safepoint   ] Safepoint "Cleanup", Time since last: 3008726793 ns, Reaching safepoint: 1196417 ns, At safepoint: 13292 ns, Total: 1209709 ns
[2024-12-23T20:28:54.464+0000][7][safepoint   ] Safepoint "Cleanup", Time since last: 7014644377 ns, Reaching safepoint: 525542 ns, At safepoint: 17333 ns, Total: 542875 ns
[2024-12-23T20:28:57.472+0000][7][safepoint   ] Safepoint "Cleanup", Time since last: 3008165710 ns, Reaching safepoint: 465250 ns, At safepoint: 23667 ns, Total: 488917 ns
[2024-12-23T20:29:04.488+0000][7][safepoint   ] Safepoint "Cleanup", Time since last: 7015467212 ns, Reaching safepoint: 315458 ns, At safepoint: 10708 ns, Total: 326166 ns
[2024-12-23T20:29:08.496+0000][7][safepoint   ] Safepoint "Cleanup", Time since last: 4007676960 ns, Reaching safepoint: 359375 ns, At safepoint: 13167 ns, Total: 372542 ns
[2024-12-23T20:29:12.501+0000][7][safepoint   ] Safepoint "Cleanup", Time since last: 4003848544 ns, Reaching safepoint: 1130000 ns, At safepoint: 36875 ns, Total: 1166875 ns
[2024-12-23T20:29:13.505+0000][7][safepoint   ] Safepoint "Cleanup", Time since last: 1003511417 ns, Reaching safepoint: 574625 ns, At safepoint: 25542 ns, Total: 600167 ns
[2024-12-23T20:29:16.511+0000][7][safepoint   ] Safepoint "Cleanup", Time since last: 3005424376 ns, Reaching safepoint: 494042 ns, At safepoint: 18583 ns, Total: 512625 ns
[2024-12-23T20:29:19.520+0000][7][safepoint   ] Safepoint "Cleanup", Time since last: 3008411251 ns, Reaching safepoint: 620334 ns, At safepoint: 27708 ns, Total: 648042 ns
[2024-12-23T20:29:27.531+0000][7][safepoint   ] Safepoint "Cleanup", Time since last: 8010849711 ns, Reaching safepoint: 205584 ns, At safepoint: 12416 ns, Total: 218000 ns
[2024-12-23T20:29:45.572+0000][7][safepoint   ] Safepoint "Cleanup", Time since last: 18040753259 ns, Reaching safepoint: 513458 ns, At safepoint: 49459 ns, Total: 562917 ns
[2024-12-23T20:29:55.600+0000][7][safepoint   ] Safepoint "Cleanup", Time since last: 10026229962 ns, Reaching safepoint: 1186792 ns, At safepoint: 37833 ns, Total: 1224625 ns
[2024-12-23T20:29:59.610+0000][7][safepoint   ] Safepoint "Cleanup", Time since last: 4009811336 ns, Reaching safepoint: 607708 ns, At safepoint: 34375 ns, Total: 642083 ns
[2024-12-23T20:30:15.634+0000][7][safepoint   ] Safepoint "Cleanup", Time since last: 16023297966 ns, Reaching safepoint: 694000 ns, At safepoint: 29792 ns, Total: 723792 ns
[2024-12-23T20:30:27.658+0000][7][safepoint   ] Safepoint "Cleanup", Time since last: 12023046671 ns, Reaching safepoint: 947167 ns, At safepoint: 41958 ns, Total: 989125 ns
[2024-12-23T20:30:45.698+0000][7][safepoint   ] Safepoint "Cleanup", Time since last: 18039426884 ns, Reaching safepoint: 305083 ns, At safepoint: 14417 ns, Total: 319500 ns
[2024-12-23T20:30:51.707+0000][7][safepoint   ] Safepoint "Cleanup", Time since last: 6008929002 ns, Reaching safepoint: 136917 ns, At safepoint: 6042 ns, Total: 142959 ns
[2024-12-23T20:30:56.713+0000][7][safepoint   ] Safepoint "Cleanup", Time since last: 5005901627 ns, Reaching safepoint: 193375 ns, At safepoint: 13167 ns, Total: 206542 ns
[2024-12-23T20:31:04.730+0000][7][safepoint   ] Safepoint "Cleanup", Time since last: 8016170628 ns, Reaching safepoint: 678334 ns, At safepoint: 27458 ns, Total: 705792 ns
[2024-12-23T20:31:07.734+0000][7][safepoint   ] Safepoint "Cleanup", Time since last: 3004017543 ns, Reaching safepoint: 232333 ns, At safepoint: 14750 ns, Total: 247083 ns
[2024-12-23T20:31:13.741+0000][7][safepoint   ] Safepoint "Cleanup", Time since last: 6006294795 ns, Reaching safepoint: 180250 ns, At safepoint: 6208 ns, Total: 186458 ns
[2024-12-23T20:31:26.761+0000][7][safepoint   ] Safepoint "Cleanup", Time since last: 13019831756 ns, Reaching safepoint: 175625 ns, At safepoint: 5792 ns, Total: 181417 ns
[2024-12-23T20:31:48.791+0000][7][safepoint   ] Safepoint "Cleanup", Time since last: 22029600427 ns, Reaching safepoint: 114708 ns, At safepoint: 14667 ns, Total: 129375 ns
[2024-12-23T20:31:56.802+0000][7][safepoint   ] Safepoint "Cleanup", Time since last: 8010793962 ns, Reaching safepoint: 210000 ns, At safepoint: 11958 ns, Total: 221958 ns
[2024-12-23T20:32:55.892+0000][7][safepoint   ] Safepoint "Cleanup", Time since last: 59089708318 ns, Reaching safepoint: 2138833 ns, At safepoint: 72834 ns, Total: 2211667 ns
[2024-12-23T20:32:56.897+0000][7][safepoint   ] Safepoint "Cleanup", Time since last: 1004254875 ns, Reaching safepoint: 555834 ns, At safepoint: 8125 ns, Total: 563959 ns
[2024-12-23T20:32:57.917+0000][7][safepoint   ] Safepoint "Cleanup", Time since last: 1019363042 ns, Reaching safepoint: 526291 ns, At safepoint: 17042 ns, Total: 543333 ns
[2024-12-23T20:32:59.921+0000][7][safepoint   ] Safepoint "Cleanup", Time since last: 2004347209 ns, Reaching safepoint: 369292 ns, At safepoint: 19292 ns, Total: 388584 ns
[2024-12-23T20:33:15.947+0000][7][safepoint   ] Safepoint "Cleanup", Time since last: 16024589882 ns, Reaching safepoint: 462125 ns, At safepoint: 28375 ns, Total: 490500 ns
[2024-12-23T20:33:17.953+0000][7][safepoint   ] Safepoint "Cleanup", Time since last: 2006016626 ns, Reaching safepoint: 778709 ns, At safepoint: 31041 ns, Total: 809750 ns
[2024-12-23T20:33:26.969+0000][7][safepoint   ] Safepoint "Cleanup", Time since last: 9013888171 ns, Reaching safepoint: 268667 ns, At safepoint: 6833 ns, Total: 275500 ns
[2024-12-23T20:33:27.969+0000][7][safepoint   ] Safepoint "Cleanup", Time since last: 1000450667 ns, Reaching safepoint: 251417 ns, At safepoint: 10958 ns, Total: 262375 ns
[2024-12-23T20:33:37.982+0000][7][safepoint   ] Safepoint "Cleanup", Time since last: 10012804088 ns, Reaching safepoint: 167875 ns, At safepoint: 18875 ns, Total: 186750 ns
[2024-12-23T20:33:45.993+0000][7][safepoint   ] Safepoint "Cleanup", Time since last: 8009956046 ns, Reaching safepoint: 292125 ns, At safepoint: 11833 ns, Total: 303958 ns
[2024-12-23T20:33:54.988+0000][7][safepoint   ] Safepoint "Cleanup", Time since last: 9011624212 ns, Reaching safepoint: 254834 ns, At safepoint: 9750 ns, Total: 264584 ns
[2024-12-23T20:33:57.992+0000][7][safepoint   ] Safepoint "Cleanup", Time since last: 3004101543 ns, Reaching safepoint: 196458 ns, At safepoint: 6250 ns, Total: 202708 ns
[2024-12-23T20:33:58.994+0000][7][safepoint   ] Safepoint "Cleanup", Time since last: 1001459876 ns, Reaching safepoint: 312416 ns, At safepoint: 15625 ns, Total: 328041 ns
[2024-12-23T20:34:15.018+0000][7][safepoint   ] Safepoint "Cleanup", Time since last: 16022168925 ns, Reaching safepoint: 1390583 ns, At safepoint: 29625 ns, Total: 1420208 ns
[2024-12-23T20:34:19.024+0000][7][safepoint   ] Safepoint "Cleanup", Time since last: 4005881918 ns, Reaching safepoint: 199500 ns, At safepoint: 23000 ns, Total: 222500 ns
[2024-12-23T20:34:25.047+0000][7][safepoint   ] Safepoint "Cleanup", Time since last: 6005893336 ns, Reaching safepoint: 648500 ns, At safepoint: 26166 ns, Total: 674666 ns
[2024-12-23T20:34:27.050+0000][7][safepoint   ] Safepoint "Cleanup", Time since last: 2003330626 ns, Reaching safepoint: 376375 ns, At safepoint: 11042 ns, Total: 387417 ns
[2024-12-23T20:34:29.053+0000][7][safepoint   ] Safepoint "Cleanup", Time since last: 2001961001 ns, Reaching safepoint: 245833 ns, At safepoint: 14667 ns, Total: 260500 ns
[2024-12-23T20:34:39.069+0000][7][safepoint   ] Safepoint "Cleanup", Time since last: 10015893921 ns, Reaching safepoint: 656084 ns, At safepoint: 37875 ns, Total: 693959 ns
[2024-12-23T20:34:43.082+0000][7][safepoint   ] Safepoint "Cleanup", Time since last: 4012437377 ns, Reaching safepoint: 698208 ns, At safepoint: 29875 ns, Total: 728083 ns
[2024-12-23T20:34:49.100+0000][7][safepoint   ] Safepoint "Cleanup", Time since last: 6017008419 ns, Reaching safepoint: 644459 ns, At safepoint: 19708 ns, Total: 664167 ns
[2024-12-23T20:35:15.163+0000][7][safepoint   ] Safepoint "Cleanup", Time since last: 26060323429 ns, Reaching safepoint: 1912208 ns, At safepoint: 26583 ns, Total: 1938791 ns
[2024-12-23T20:35:19.171+0000][7][safepoint   ] Safepoint "Cleanup", Time since last: 4006641044 ns, Reaching safepoint: 2083167 ns, At safepoint: 30958 ns, Total: 2114125 ns
[2024-12-23T20:35:25.184+0000][7][safepoint   ] Safepoint "Cleanup", Time since last: 6011865793 ns, Reaching safepoint: 1072000 ns, At safepoint: 36292 ns, Total: 1108292 ns
[2024-12-23T20:35:30.192+0000][7][safepoint   ] Safepoint "Cleanup", Time since last: 5007009419 ns, Reaching safepoint: 651333 ns, At safepoint: 28417 ns, Total: 679750 ns
[2024-12-23T20:35:33.200+0000][7][safepoint   ] Safepoint "Cleanup", Time since last: 3007022168 ns, Reaching safepoint: 955750 ns, At safepoint: 30834 ns, Total: 986584 ns
[2024-12-23T20:35:45.223+0000][7][safepoint   ] Safepoint "Cleanup", Time since last: 12022597214 ns, Reaching safepoint: 690041 ns, At safepoint: 26834 ns, Total: 716875 ns
[2024-12-23T20:35:58.244+0000][7][safepoint   ] Safepoint "Cleanup", Time since last: 13019815755 ns, Reaching safepoint: 1524250 ns, At safepoint: 28459 ns, Total: 1552709 ns
[2024-12-23T20:36:10.276+0000][7][safepoint   ] Safepoint "Cleanup", Time since last: 12031616172 ns, Reaching safepoint: 486417 ns, At safepoint: 20208 ns, Total: 506625 ns
[2024-12-23T20:36:15.290+0000][7][safepoint   ] Safepoint "Cleanup", Time since last: 5012793461 ns, Reaching safepoint: 701625 ns, At safepoint: 19083 ns, Total: 720708 ns
[2024-12-23T20:36:20.306+0000][7][safepoint   ] Safepoint "Cleanup", Time since last: 5015664252 ns, Reaching safepoint: 583375 ns, At safepoint: 27292 ns, Total: 610667 ns
[2024-12-23T20:36:27.328+0000][7][safepoint   ] Safepoint "Cleanup", Time since last: 7020902586 ns, Reaching safepoint: 313042 ns, At safepoint: 10667 ns, Total: 323709 ns
[2024-12-23T20:36:40.369+0000][7][safepoint   ] Safepoint "Cleanup", Time since last: 13040534006 ns, Reaching safepoint: 323667 ns, At safepoint: 13416 ns, Total: 337083 ns
[2024-12-23T20:36:41.372+0000][7][safepoint   ] Safepoint "Cleanup", Time since last: 1002610417 ns, Reaching safepoint: 493709 ns, At safepoint: 16750 ns, Total: 510459 ns
[2024-12-23T20:37:00.404+0000][7][safepoint   ] Safepoint "Cleanup", Time since last: 19029921217 ns, Reaching safepoint: 1163416 ns, At safepoint: 438167 ns, Total: 1601583 ns
[2024-12-23T20:37:27.467+0000][7][safepoint   ] Safepoint "Cleanup", Time since last: 27063022262 ns, Reaching safepoint: 540208 ns, At safepoint: 11417 ns, Total: 551625 ns
[2024-12-23T20:37:29.473+0000][7][safepoint   ] Safepoint "Cleanup", Time since last: 2005709626 ns, Reaching safepoint: 334958 ns, At safepoint: 11333 ns, Total: 346291 ns
[2024-12-23T20:37:34.488+0000][7][safepoint   ] Safepoint "Cleanup", Time since last: 5014984920 ns, Reaching safepoint: 330583 ns, At safepoint: 13500 ns, Total: 344083 ns
[2024-12-23T20:37:37.495+0000][7][safepoint   ] Safepoint "Cleanup", Time since last: 3006168293 ns, Reaching safepoint: 543458 ns, At safepoint: 30042 ns, Total: 573500 ns
[2024-12-23T20:37:51.526+0000][7][safepoint   ] Safepoint "Cleanup", Time since last: 14030409548 ns, Reaching safepoint: 243750 ns, At safepoint: 12792 ns, Total: 256542 ns
[2024-12-23T20:37:56.539+0000][7][safepoint   ] Safepoint "Cleanup", Time since last: 5013234543 ns, Reaching safepoint: 198167 ns, At safepoint: 12000 ns, Total: 210167 ns
[2024-12-23T20:37:57.540+0000][7][safepoint   ] Safepoint "Cleanup", Time since last: 1001191667 ns, Reaching safepoint: 173250 ns, At safepoint: 8875 ns, Total: 182125 ns
[2024-12-23T20:38:01.548+0000][7][safepoint   ] Safepoint "Cleanup", Time since last: 4007236002 ns, Reaching safepoint: 819000 ns, At safepoint: 24208 ns, Total: 843208 ns
[2024-12-23T20:38:29.620+0000][7][safepoint   ] Safepoint "Cleanup", Time since last: 28070337930 ns, Reaching safepoint: 975292 ns, At safepoint: 39292 ns, Total: 1014584 ns
[2024-12-23T20:38:57.678+0000][7][safepoint   ] Safepoint "Cleanup", Time since last: 28057467345 ns, Reaching safepoint: 779834 ns, At safepoint: 30333 ns, Total: 810167 ns
[2024-12-23T20:39:12.714+0000][7][safepoint   ] Safepoint "Cleanup", Time since last: 15034605299 ns, Reaching safepoint: 1066541 ns, At safepoint: 43667 ns, Total: 1110208 ns
[2024-12-23T20:39:15.719+0000][7][safepoint   ] Safepoint "Cleanup", Time since last: 3005182585 ns, Reaching safepoint: 369792 ns, At safepoint: 11083 ns, Total: 380875 ns
[2024-12-23T20:39:22.734+0000][7][safepoint   ] Safepoint "Cleanup", Time since last: 7007907711 ns, Reaching safepoint: 357292 ns, At safepoint: 10750 ns, Total: 368042 ns
[2024-12-23T20:39:42.767+0000][7][safepoint   ] Safepoint "Cleanup", Time since last: 20032770468 ns, Reaching safepoint: 112125 ns, At safepoint: 5750 ns, Total: 117875 ns
[2024-12-23T20:39:52.783+0000][7][safepoint   ] Safepoint "Cleanup", Time since last: 10013279337 ns, Reaching safepoint: 691042 ns, At safepoint: 29250 ns, Total: 720292 ns
[2024-12-23T20:39:57.791+0000][7][safepoint   ] Safepoint "Cleanup", Time since last: 5006990002 ns, Reaching safepoint: 716667 ns, At safepoint: 27833 ns, Total: 744500 ns
[2024-12-23T20:40:12.813+0000][7][safepoint   ] Safepoint "Cleanup", Time since last: 15021217924 ns, Reaching safepoint: 352750 ns, At safepoint: 15291 ns, Total: 368041 ns
[2024-12-23T20:40:42.857+0000][7][safepoint   ] Safepoint "Cleanup", Time since last: 30043638931 ns, Reaching safepoint: 140458 ns, At safepoint: 8709 ns, Total: 149167 ns
[2024-12-23T20:40:53.870+0000][7][safepoint   ] Safepoint "Cleanup", Time since last: 11012539338 ns, Reaching safepoint: 755750 ns, At safepoint: 67958 ns, Total: 823708 ns
[2024-12-23T20:41:03.881+0000][7][safepoint   ] Safepoint "Cleanup", Time since last: 10010721505 ns, Reaching safepoint: 505375 ns, At safepoint: 28292 ns, Total: 533667 ns
[2024-12-23T20:41:13.897+0000][7][safepoint   ] Safepoint "Cleanup", Time since last: 10015741796 ns, Reaching safepoint: 342084 ns, At safepoint: 14500 ns, Total: 356584 ns
[2024-12-23T20:41:22.910+0000][7][safepoint   ] Safepoint "Cleanup", Time since last: 9011853504 ns, Reaching safepoint: 989375 ns, At safepoint: 35000 ns, Total: 1024375 ns
[2024-12-23T20:41:33.929+0000][7][safepoint   ] Safepoint "Cleanup", Time since last: 11017449505 ns, Reaching safepoint: 1063042 ns, At safepoint: 21416 ns, Total: 1084458 ns
[2024-12-23T20:41:43.946+0000][7][safepoint   ] Safepoint "Cleanup", Time since last: 10016053130 ns, Reaching safepoint: 628375 ns, At safepoint: 22542 ns, Total: 650917 ns
[2024-12-23T20:41:53.958+0000][7][safepoint   ] Safepoint "Cleanup", Time since last: 10011797379 ns, Reaching safepoint: 651375 ns, At safepoint: 60250 ns, Total: 711625 ns
[2024-12-23T20:42:03.971+0000][7][safepoint   ] Safepoint "Cleanup", Time since last: 10012380297 ns, Reaching safepoint: 325458 ns, At safepoint: 16000 ns, Total: 341458 ns
[2024-12-23T20:42:45.021+0000][7][safepoint   ] Safepoint "Cleanup", Time since last: 41049823727 ns, Reaching safepoint: 662125 ns, At safepoint: 43458 ns, Total: 705583 ns
[2024-12-23T20:42:57.036+0000][7][safepoint   ] Safepoint "Cleanup", Time since last: 12013745588 ns, Reaching safepoint: 885417 ns, At safepoint: 30125 ns, Total: 915542 ns
[2024-12-23T20:43:05.046+0000][7][safepoint   ] Safepoint "Cleanup", Time since last: 8009215837 ns, Reaching safepoint: 1001292 ns, At safepoint: 35916 ns, Total: 1037208 ns
[2024-12-23T20:43:15.066+0000][7][safepoint   ] Safepoint "Cleanup", Time since last: 10018985255 ns, Reaching safepoint: 798000 ns, At safepoint: 46709 ns, Total: 844709 ns
[2024-12-23T20:43:16.069+0000][7][safepoint   ] Safepoint "Cleanup", Time since last: 1002577750 ns, Reaching safepoint: 613125 ns, At safepoint: 19000 ns, Total: 632125 ns
[2024-12-23T20:43:27.088+0000][7][safepoint   ] Safepoint "Cleanup", Time since last: 11018014255 ns, Reaching safepoint: 960583 ns, At safepoint: 45417 ns, Total: 1006000 ns
[2024-12-23T20:43:33.099+0000][7][safepoint   ] Safepoint "Cleanup", Time since last: 6010794377 ns, Reaching safepoint: 224917 ns, At safepoint: 10125 ns, Total: 235042 ns
[2024-12-23T20:43:46.124+0000][7][safepoint   ] Safepoint "Cleanup", Time since last: 13024998881 ns, Reaching safepoint: 257500 ns, At safepoint: 15334 ns, Total: 272834 ns
[2024-12-23T20:43:56.148+0000][7][safepoint   ] Safepoint "Cleanup", Time since last: 10022996962 ns, Reaching safepoint: 759375 ns, At safepoint: 28125 ns, Total: 787500 ns
[2024-12-23T20:43:57.150+0000][7][safepoint   ] Safepoint "Cleanup", Time since last: 1001490250 ns, Reaching safepoint: 255209 ns, At safepoint: 13541 ns, Total: 268750 ns
[2024-12-23T20:44:13.194+0000][7][safepoint   ] Safepoint "Cleanup", Time since last: 16042997716 ns, Reaching safepoint: 695375 ns, At safepoint: 11959 ns, Total: 707334 ns
[2024-12-23T20:44:16.202+0000][7][safepoint   ] Safepoint "Cleanup", Time since last: 3007730251 ns, Reaching safepoint: 624625 ns, At safepoint: 12292 ns, Total: 636917 ns
[2024-12-23T20:44:26.233+0000][7][safepoint   ] Safepoint "Cleanup", Time since last: 10029645713 ns, Reaching safepoint: 594041 ns, At safepoint: 39584 ns, Total: 633625 ns
[2024-12-23T20:44:27.236+0000][7][safepoint   ] Safepoint "Cleanup", Time since last: 1003030750 ns, Reaching safepoint: 224292 ns, At safepoint: 6250 ns, Total: 230542 ns
[2024-12-23T20:44:55.295+0000][7][safepoint   ] Safepoint "Cleanup", Time since last: 28057923012 ns, Reaching safepoint: 892708 ns, At safepoint: 34000 ns, Total: 926708 ns
[2024-12-23T20:44:57.300+0000][7][safepoint   ] Safepoint "Cleanup", Time since last: 2005473251 ns, Reaching safepoint: 260625 ns, At safepoint: 8792 ns, Total: 269417 ns
[2024-12-23T20:45:17.342+0000][7][safepoint   ] Safepoint "Cleanup", Time since last: 20039562260 ns, Reaching safepoint: 1814958 ns, At safepoint: 32167 ns, Total: 1847125 ns
[2024-12-23T20:45:27.356+0000][7][safepoint   ] Safepoint "Cleanup", Time since last: 10014526378 ns, Reaching safepoint: 358875 ns, At safepoint: 20334 ns, Total: 379209 ns
[2024-12-23T20:45:47.396+0000][7][safepoint   ] Safepoint "Cleanup", Time since last: 20039629134 ns, Reaching safepoint: 449417 ns, At safepoint: 13833 ns, Total: 463250 ns
[2024-12-23T20:45:57.418+0000][7][safepoint   ] Safepoint "Cleanup", Time since last: 10021345421 ns, Reaching safepoint: 331958 ns, At safepoint: 12000 ns, Total: 343958 ns
[2024-12-23T20:45:58.420+0000][7][safepoint   ] Safepoint "Cleanup", Time since last: 1001874293 ns, Reaching safepoint: 370958 ns, At safepoint: 15958 ns, Total: 386916 ns
[2024-12-23T20:46:07.441+0000][7][safepoint   ] Safepoint "Cleanup", Time since last: 9018614630 ns, Reaching safepoint: 1888208 ns, At safepoint: 13458 ns, Total: 1901666 ns
[2024-12-23T20:46:27.493+0000][7][safepoint   ] Safepoint "Cleanup", Time since last: 20050994301 ns, Reaching safepoint: 446208 ns, At safepoint: 36500 ns, Total: 482708 ns
[2024-12-23T20:46:57.559+0000][7][safepoint   ] Safepoint "Cleanup", Time since last: 30066422014 ns, Reaching safepoint: 155583 ns, At safepoint: 12042 ns, Total: 167625 ns
[2024-12-23T20:47:38.662+0000][7][safepoint   ] Safepoint "Cleanup", Time since last: 41101403394 ns, Reaching safepoint: 1234208 ns, At safepoint: 37459 ns, Total: 1271667 ns
[2024-12-23T20:47:45.678+0000][7][safepoint   ] Safepoint "Cleanup", Time since last: 7015388295 ns, Reaching safepoint: 715500 ns, At safepoint: 16916 ns, Total: 732416 ns
[2024-12-23T20:47:48.683+0000][7][safepoint   ] Safepoint "Cleanup", Time since last: 3003936627 ns, Reaching safepoint: 725458 ns, At safepoint: 13667 ns, Total: 739125 ns
[2024-12-23T20:48:08.725+0000][7][safepoint   ] Safepoint "Cleanup", Time since last: 20042525842 ns, Reaching safepoint: 631333 ns, At safepoint: 30417 ns, Total: 661750 ns
[2024-12-23T20:48:49.804+0000][7][safepoint   ] Safepoint "Cleanup", Time since last: 41077833727 ns, Reaching safepoint: 713959 ns, At safepoint: 19666 ns, Total: 733625 ns
[2024-12-23T20:49:39.915+0000][7][safepoint   ] Safepoint "Cleanup", Time since last: 50108877106 ns, Reaching safepoint: 1684000 ns, At safepoint: 53584 ns, Total: 1737584 ns
[2024-12-23T20:50:26.027+0000][7][safepoint   ] Safepoint "Cleanup", Time since last: 46111319687 ns, Reaching safepoint: 953250 ns, At safepoint: 31667 ns, Total: 984917 ns
[2024-12-23T20:50:51.070+0000][7][safepoint   ] Safepoint "Cleanup", Time since last: 25041340512 ns, Reaching safepoint: 1122041 ns, At safepoint: 34500 ns, Total: 1156541 ns
[2024-12-23T20:50:58.087+0000][7][safepoint   ] Safepoint "Cleanup", Time since last: 7016187420 ns, Reaching safepoint: 190250 ns, At safepoint: 10833 ns, Total: 201083 ns
[2024-12-23T20:51:00.091+0000][7][safepoint   ] Safepoint "Cleanup", Time since last: 2004006876 ns, Reaching safepoint: 470875 ns, At safepoint: 11000 ns, Total: 481875 ns
[2024-12-23T20:51:01.095+0000][7][safepoint   ] Safepoint "Cleanup", Time since last: 1003328626 ns, Reaching safepoint: 358583 ns, At safepoint: 13750 ns, Total: 372333 ns
[2024-12-23T20:51:16.121+0000][7][safepoint   ] Safepoint "Cleanup", Time since last: 15025392882 ns, Reaching safepoint: 665125 ns, At safepoint: 14542 ns, Total: 679667 ns
[2024-12-23T20:51:21.131+0000][7][safepoint   ] Safepoint "Cleanup", Time since last: 5009167002 ns, Reaching safepoint: 1074000 ns, At safepoint: 28417 ns, Total: 1102417 ns
[2024-12-23T20:51:25.143+0000][7][safepoint   ] Safepoint "Cleanup", Time since last: 4011961377 ns, Reaching safepoint: 396583 ns, At safepoint: 13042 ns, Total: 409625 ns
[2024-12-23T20:51:28.149+0000][7][safepoint   ] Safepoint "Cleanup", Time since last: 3005057501 ns, Reaching safepoint: 618208 ns, At safepoint: 29209 ns, Total: 647417 ns
[2024-12-23T20:51:31.153+0000][7][safepoint   ] Safepoint "Cleanup", Time since last: 3003631501 ns, Reaching safepoint: 457459 ns, At safepoint: 46208 ns, Total: 503667 ns
[2024-12-23T20:52:22.262+0000][7][safepoint   ] Safepoint "Cleanup", Time since last: 51107720816 ns, Reaching safepoint: 928875 ns, At safepoint: 29958 ns, Total: 958833 ns
[2024-12-23T20:52:32.295+0000][7][safepoint   ] Safepoint "Cleanup", Time since last: 10030969629 ns, Reaching safepoint: 1946833 ns, At safepoint: 23125 ns, Total: 1969958 ns
[2024-12-23T20:52:33.297+0000][7][safepoint   ] Safepoint "Cleanup", Time since last: 1002596793 ns, Reaching safepoint: 286708 ns, At safepoint: 10750 ns, Total: 297458 ns
[2024-12-23T20:52:57.365+0000][7][safepoint   ] Safepoint "Cleanup", Time since last: 24067209011 ns, Reaching safepoint: 461125 ns, At safepoint: 31541 ns, Total: 492666 ns
[2024-12-23T20:53:02.373+0000][7][safepoint   ] Safepoint "Cleanup", Time since last: 5007055294 ns, Reaching safepoint: 733959 ns, At safepoint: 25583 ns, Total: 759542 ns
[2024-12-23T20:53:03.376+0000][7][safepoint   ] Safepoint "Cleanup", Time since last: 1002190917 ns, Reaching safepoint: 632500 ns, At safepoint: 25792 ns, Total: 658292 ns
[2024-12-23T20:53:33.469+0000][7][safepoint   ] Safepoint "Cleanup", Time since last: 30092480014 ns, Reaching safepoint: 781958 ns, At safepoint: 12000 ns, Total: 793958 ns
[2024-12-23T20:53:36.476+0000][7][safepoint   ] Safepoint "Cleanup", Time since last: 3005928251 ns, Reaching safepoint: 698042 ns, At safepoint: 11417 ns, Total: 709459 ns
[2024-12-23T20:53:43.494+0000][7][safepoint   ] Safepoint "Cleanup", Time since last: 7018063961 ns, Reaching safepoint: 564459 ns, At safepoint: 43500 ns, Total: 607959 ns
[2024-12-23T20:53:53.530+0000][7][safepoint   ] Safepoint "Cleanup", Time since last: 10033185129 ns, Reaching safepoint: 2198041 ns, At safepoint: 15625 ns, Total: 2213666 ns
[2024-12-23T20:54:03.555+0000][7][safepoint   ] Safepoint "Cleanup", Time since last: 10024321963 ns, Reaching safepoint: 412709 ns, At safepoint: 17000 ns, Total: 429709 ns
[2024-12-23T20:54:06.567+0000][7][safepoint   ] Safepoint "Cleanup", Time since last: 3009950709 ns, Reaching safepoint: 1398875 ns, At safepoint: 85792 ns, Total: 1484667 ns
[2024-12-23T20:54:16.613+0000][7][safepoint   ] Safepoint "Cleanup", Time since last: 10030676380 ns, Reaching safepoint: 13723167 ns, At safepoint: 2271625 ns, Total: 15994792 ns
[2024-12-23T20:54:20.627+0000][7][safepoint   ] Safepoint "Cleanup", Time since last: 4011624293 ns, Reaching safepoint: 1657708 ns, At safepoint: 27250 ns, Total: 1684958 ns
[2024-12-23T20:54:23.634+0000][7][safepoint   ] Safepoint "Cleanup", Time since last: 3007834501 ns, Reaching safepoint: 283167 ns, At safepoint: 24125 ns, Total: 307292 ns
[2024-12-23T20:54:27.648+0000][7][safepoint   ] Safepoint "Cleanup", Time since last: 4013733793 ns, Reaching safepoint: 373584 ns, At safepoint: 16666 ns, Total: 390250 ns
[2024-12-23T20:54:43.693+0000][7][safepoint   ] Safepoint "Cleanup", Time since last: 16043825633 ns, Reaching safepoint: 598958 ns, At safepoint: 28167 ns, Total: 627125 ns
[2024-12-23T20:54:54.727+0000][7][safepoint   ] Safepoint "Cleanup", Time since last: 11033783213 ns, Reaching safepoint: 698791 ns, At safepoint: 16875 ns, Total: 715666 ns
[2024-12-23T20:54:57.741+0000][7][safepoint   ] Safepoint "Cleanup", Time since last: 3013017002 ns, Reaching safepoint: 254750 ns, At safepoint: 12042 ns, Total: 266792 ns
[2024-12-23T20:55:52.819+0000][7][safepoint   ] Safepoint "Cleanup", Time since last: 55070499150 ns, Reaching safepoint: 1536667 ns, At safepoint: 25042 ns, Total: 1561709 ns
[2024-12-23T20:55:53.828+0000][7][safepoint   ] Safepoint "Cleanup", Time since last: 1007558667 ns, Reaching safepoint: 1132791 ns, At safepoint: 14292 ns, Total: 1147083 ns
[2024-12-23T20:55:54.829+0000][7][safepoint   ] Safepoint "Cleanup", Time since last: 1001401167 ns, Reaching safepoint: 222833 ns, At safepoint: 13667 ns, Total: 236500 ns
[2024-12-23T20:55:55.831+0000][7][safepoint   ] Safepoint "Cleanup", Time since last: 1001319959 ns, Reaching safepoint: 459500 ns, At safepoint: 23458 ns, Total: 482958 ns
[2024-12-23T20:55:57.845+0000][7][safepoint   ] Safepoint "Cleanup", Time since last: 2013085335 ns, Reaching safepoint: 626083 ns, At safepoint: 11792 ns, Total: 637875 ns
[2024-12-23T20:55:59.851+0000][7][safepoint   ] Safepoint "Cleanup", Time since last: 2005940084 ns, Reaching safepoint: 491083 ns, At safepoint: 13959 ns, Total: 505042 ns
[2024-12-23T20:56:04.869+0000][7][safepoint   ] Safepoint "Cleanup", Time since last: 5017172335 ns, Reaching safepoint: 209959 ns, At safepoint: 7333 ns, Total: 217292 ns
[2024-12-23T20:56:14.896+0000][7][safepoint   ] Safepoint "Cleanup", Time since last: 10027067213 ns, Reaching safepoint: 178375 ns, At safepoint: 6292 ns, Total: 184667 ns
[2024-12-23T20:56:24.925+0000][7][safepoint   ] Safepoint "Cleanup", Time since last: 10026759712 ns, Reaching safepoint: 445083 ns, At safepoint: 8834 ns, Total: 453917 ns
[2024-12-23T20:57:46.180+0000][7][safepoint   ] Safepoint "Cleanup", Time since last: 81254364454 ns, Reaching safepoint: 861833 ns, At safepoint: 38250 ns, Total: 900083 ns
[2024-12-23T20:57:56.210+0000][7][safepoint   ] Safepoint "Cleanup", Time since last: 10027805837 ns, Reaching safepoint: 994084 ns, At safepoint: 23791 ns, Total: 1017875 ns
[2024-12-23T20:58:33.326+0000][7][safepoint   ] Safepoint "Cleanup", Time since last: 37115951767 ns, Reaching safepoint: 497750 ns, At safepoint: 17542 ns, Total: 515292 ns
[2024-12-23T20:59:19.460+0000][7][safepoint   ] Safepoint "Cleanup", Time since last: 46133247438 ns, Reaching safepoint: 1344208 ns, At safepoint: 30500 ns, Total: 1374708 ns
[2024-12-23T20:59:20.467+0000][7][safepoint   ] Safepoint "Cleanup", Time since last: 1005578126 ns, Reaching safepoint: 1385000 ns, At safepoint: 26541 ns, Total: 1411541 ns
[2024-12-23T20:59:33.497+0000][7][safepoint   ] Safepoint "Cleanup", Time since last: 13028628631 ns, Reaching safepoint: 373792 ns, At safepoint: 20750 ns, Total: 394542 ns
[2024-12-23T20:59:57.544+0000][7][safepoint   ] Safepoint "Cleanup", Time since last: 24047327760 ns, Reaching safepoint: 155375 ns, At safepoint: 6792 ns, Total: 162167 ns
[2024-12-23T21:00:07.561+0000][7][safepoint   ] Safepoint "Cleanup", Time since last: 10016316421 ns, Reaching safepoint: 345875 ns, At safepoint: 11709 ns, Total: 357584 ns
[2024-12-23T21:00:17.588+0000][7][safepoint   ] Safepoint "Cleanup", Time since last: 10026760213 ns, Reaching safepoint: 200291 ns, At safepoint: 9084 ns, Total: 209375 ns
[2024-12-23T21:00:25.606+0000][7][safepoint   ] Safepoint "Cleanup", Time since last: 8017303336 ns, Reaching safepoint: 847584 ns, At safepoint: 35750 ns, Total: 883334 ns
[2024-12-23T21:00:28.620+0000][7][safepoint   ] Safepoint "Cleanup", Time since last: 3012741543 ns, Reaching safepoint: 651125 ns, At safepoint: 21750 ns, Total: 672875 ns
[2024-12-23T21:00:35.646+0000][7][safepoint   ] Safepoint "Cleanup", Time since last: 7025103920 ns, Reaching safepoint: 1124917 ns, At safepoint: 35583 ns, Total: 1160500 ns
[2024-12-23T21:00:38.660+0000][7][safepoint   ] Safepoint "Cleanup", Time since last: 3012441001 ns, Reaching safepoint: 1089959 ns, At safepoint: 40583 ns, Total: 1130542 ns
[2024-12-23T21:00:50.063+0000][7][gc,start    ] GC(14) Pause Young (Normal) (G1 Evacuation Pause)
[2024-12-23T21:00:50.063+0000][7][gc,task     ] GC(14) Using 6 workers of 6 for evacuation
[2024-12-23T21:00:50.064+0000][7][gc,age      ] GC(14) Desired survivor size 58720256 bytes, new threshold 15 (max threshold 15)
[2024-12-23T21:00:50.188+0000][7][gc,age      ] GC(14) Age table with threshold 15 (max threshold 15)
[2024-12-23T21:00:50.188+0000][7][gc,age      ] GC(14) - age   1:     553088 bytes,     553088 total
[2024-12-23T21:00:50.188+0000][7][gc,age      ] GC(14) - age   2:   13864960 bytes,   14418048 total
[2024-12-23T21:00:50.188+0000][7][gc,age      ] GC(14) - age   3:    2208216 bytes,   16626264 total
[2024-12-23T21:00:50.188+0000][7][gc,age      ] GC(14) - age   4:   15666720 bytes,   32292984 total
[2024-12-23T21:00:50.188+0000][7][gc,age      ] GC(14) - age   5:    9569552 bytes,   41862536 total
[2024-12-23T21:00:50.189+0000][7][gc,phases   ] GC(14)   Pre Evacuate Collection Set: 12.1ms
[2024-12-23T21:00:50.189+0000][7][gc,phases   ] GC(14)   Merge Heap Roots: 0.6ms
[2024-12-23T21:00:50.189+0000][7][gc,phases   ] GC(14)   Evacuate Collection Set: 105.7ms
[2024-12-23T21:00:50.189+0000][7][gc,phases   ] GC(14)   Post Evacuate Collection Set: 5.6ms
[2024-12-23T21:00:50.189+0000][7][gc,phases   ] GC(14)   Other: 2.4ms
[2024-12-23T21:00:50.189+0000][7][gc,heap     ] GC(14) Eden regions: 210->0(1216)
[2024-12-23T21:00:50.189+0000][7][gc,heap     ] GC(14) Survivor regions: 11->12(28)
[2024-12-23T21:00:50.189+0000][7][gc,heap     ] GC(14) Old regions: 11->11
[2024-12-23T21:00:50.189+0000][7][gc,heap     ] GC(14) Archive regions: 2->2
[2024-12-23T21:00:50.189+0000][7][gc,heap     ] GC(14) Humongous regions: 2->2
[2024-12-23T21:00:50.189+0000][7][gc,metaspace] GC(14) Metaspace: 109025K(110528K)->109025K(110528K) NonClass: 93964K(94848K)->93964K(94848K) Class: 15061K(15680K)->15061K(15680K)
[2024-12-23T21:00:50.189+0000][7][gc          ] GC(14) Pause Young (Normal) (G1 Evacuation Pause) 937M->100M(8192M) 126.483ms
[2024-12-23T21:00:50.189+0000][7][gc,cpu      ] GC(14) User=0.41s Sys=0.03s Real=0.13s
[2024-12-23T21:00:50.189+0000][7][safepoint   ] Safepoint "G1CollectForAllocation", Time since last: 11402513172 ns, Reaching safepoint: 181875 ns, At safepoint: 126995750 ns, Total: 127177625 ns
[2024-12-23T21:00:51.197+0000][7][safepoint   ] Safepoint "Cleanup", Time since last: 1006883751 ns, Reaching safepoint: 976916 ns, At safepoint: 24917 ns, Total: 1001833 ns
[2024-12-23T21:00:56.212+0000][7][safepoint   ] Safepoint "Cleanup", Time since last: 5014162918 ns, Reaching safepoint: 686625 ns, At safepoint: 76583 ns, Total: 763208 ns
[2024-12-23T21:00:58.220+0000][7][safepoint   ] Safepoint "Cleanup", Time since last: 2007267668 ns, Reaching safepoint: 333042 ns, At safepoint: 20208 ns, Total: 353250 ns
[2024-12-23T21:01:08.250+0000][7][safepoint   ] Safepoint "Cleanup", Time since last: 10029639547 ns, Reaching safepoint: 197041 ns, At safepoint: 7000 ns, Total: 204041 ns
[2024-12-23T21:01:18.285+0000][7][safepoint   ] Safepoint "Cleanup", Time since last: 10034953630 ns, Reaching safepoint: 166042 ns, At safepoint: 6333 ns, Total: 172375 ns
[2024-12-23T21:01:28.306+0000][7][safepoint   ] Safepoint "Cleanup", Time since last: 10020650129 ns, Reaching safepoint: 175083 ns, At safepoint: 10708 ns, Total: 185791 ns
[2024-12-23T21:01:29.319+0000][7][safepoint   ] Safepoint "Cleanup", Time since last: 1011172043 ns, Reaching safepoint: 2391208 ns, At safepoint: 13875 ns, Total: 2405083 ns
[2024-12-23T21:01:39.354+0000][7][safepoint   ] Safepoint "Cleanup", Time since last: 10033819380 ns, Reaching safepoint: 704916 ns, At safepoint: 40959 ns, Total: 745875 ns
[2024-12-23T21:02:19.493+0000][7][safepoint   ] Safepoint "Cleanup", Time since last: 40131947227 ns, Reaching safepoint: 6856917 ns, At safepoint: 22041 ns, Total: 6878958 ns
[2024-12-23T21:02:29.528+0000][7][safepoint   ] Safepoint "Cleanup", Time since last: 10033625963 ns, Reaching safepoint: 1344250 ns, At safepoint: 38583 ns, Total: 1382833 ns
[2024-12-23T21:02:39.566+0000][7][safepoint   ] Safepoint "Cleanup", Time since last: 10033302880 ns, Reaching safepoint: 4211583 ns, At safepoint: 57083 ns, Total: 4268666 ns
[2024-12-23T21:02:45.582+0000][7][safepoint   ] Safepoint "Cleanup", Time since last: 6016126295 ns, Reaching safepoint: 580417 ns, At safepoint: 16625 ns, Total: 597042 ns
[2024-12-23T21:02:57.624+0000][7][safepoint   ] Safepoint "Cleanup", Time since last: 12040947463 ns, Reaching safepoint: 240417 ns, At safepoint: 25166 ns, Total: 265583 ns
[2024-12-23T21:02:59.635+0000][7][safepoint   ] Safepoint "Cleanup", Time since last: 2010625251 ns, Reaching safepoint: 264209 ns, At safepoint: 7666 ns, Total: 271875 ns
[2024-12-23T21:03:20.699+0000][7][safepoint   ] Safepoint "Cleanup", Time since last: 21063115010 ns, Reaching safepoint: 1755000 ns, At safepoint: 21292 ns, Total: 1776292 ns
[2024-12-23T21:03:30.731+0000][7][safepoint   ] Safepoint "Cleanup", Time since last: 10028997796 ns, Reaching safepoint: 2161584 ns, At safepoint: 43083 ns, Total: 2204667 ns
[2024-12-23T21:04:30.907+0000][7][safepoint   ] Safepoint "Cleanup", Time since last: 60176253360 ns, Reaching safepoint: 953709 ns, At safepoint: 18958 ns, Total: 972667 ns
[2024-12-23T21:04:55.985+0000][7][safepoint   ] Safepoint "Cleanup", Time since last: 25076083928 ns, Reaching safepoint: 806500 ns, At safepoint: 22667 ns, Total: 829167 ns
[2024-12-23T21:04:57.990+0000][7][safepoint   ] Safepoint "Cleanup", Time since last: 2004673167 ns, Reaching safepoint: 666375 ns, At safepoint: 29625 ns, Total: 696000 ns
[2024-12-23T21:05:03.023+0000][7][safepoint   ] Safepoint "Cleanup", Time since last: 5032112878 ns, Reaching safepoint: 634833 ns, At safepoint: 15625 ns, Total: 650458 ns
[2024-12-23T21:05:27.081+0000][7][safepoint   ] Safepoint "Cleanup", Time since last: 24057438386 ns, Reaching safepoint: 1457958 ns, At safepoint: 42083 ns, Total: 1500041 ns
[2024-12-23T21:05:28.085+0000][7][safepoint   ] Safepoint "Cleanup", Time since last: 1002665209 ns, Reaching safepoint: 788292 ns, At safepoint: 93375 ns, Total: 881667 ns
[2024-12-23T21:05:58.143+0000][7][safepoint   ] Safepoint "Cleanup", Time since last: 30056723347 ns, Reaching safepoint: 1055708 ns, At safepoint: 33042 ns, Total: 1088750 ns
[2024-12-23T21:06:03.161+0000][7][safepoint   ] Safepoint "Cleanup", Time since last: 5018112210 ns, Reaching safepoint: 261084 ns, At safepoint: 10750 ns, Total: 271834 ns
[2024-12-23T21:06:12.192+0000][7][safepoint   ] Safepoint "Cleanup", Time since last: 9029800129 ns, Reaching safepoint: 470125 ns, At safepoint: 11417 ns, Total: 481542 ns
[2024-12-23T21:06:33.258+0000][7][safepoint   ] Safepoint "Cleanup", Time since last: 21065099759 ns, Reaching safepoint: 821459 ns, At safepoint: 28541 ns, Total: 850000 ns
[2024-12-23T21:07:43.462+0000][7][safepoint   ] Safepoint "Cleanup", Time since last: 70202425658 ns, Reaching safepoint: 390583 ns, At safepoint: 12625 ns, Total: 403208 ns
[2024-12-23T21:07:51.477+0000][7][safepoint   ] Safepoint "Cleanup", Time since last: 8015189254 ns, Reaching safepoint: 392000 ns, At safepoint: 25542 ns, Total: 417542 ns
[2024-12-23T21:09:09.739+0000][7][safepoint   ] Safepoint "Cleanup", Time since last: 78260993494 ns, Reaching safepoint: 1004541 ns, At safepoint: 24042 ns, Total: 1028583 ns
[2024-12-23T21:09:29.820+0000][7][safepoint   ] Safepoint "Cleanup", Time since last: 20079826676 ns, Reaching safepoint: 935416 ns, At safepoint: 17667 ns, Total: 953083 ns
[2024-12-23T21:09:38.844+0000][7][safepoint   ] Safepoint "Cleanup", Time since last: 9023234254 ns, Reaching safepoint: 576709 ns, At safepoint: 16666 ns, Total: 593375 ns
[2024-12-23T21:09:45.867+0000][7][safepoint   ] Safepoint "Cleanup", Time since last: 7022579795 ns, Reaching safepoint: 629000 ns, At safepoint: 19417 ns, Total: 648417 ns
[2024-12-23T21:09:55.901+0000][7][safepoint   ] Safepoint "Cleanup", Time since last: 10033293713 ns, Reaching safepoint: 495833 ns, At safepoint: 21792 ns, Total: 517625 ns
[2024-12-23T21:10:47.068+0000][7][safepoint   ] Safepoint "Cleanup", Time since last: 51166050566 ns, Reaching safepoint: 1035750 ns, At safepoint: 20333 ns, Total: 1056083 ns
[2024-12-23T21:11:06.119+0000][7][safepoint   ] Safepoint "Cleanup", Time since last: 19050810050 ns, Reaching safepoint: 449250 ns, At safepoint: 24709 ns, Total: 473959 ns
[2024-12-23T21:11:16.150+0000][7][safepoint   ] Safepoint "Cleanup", Time since last: 10031422380 ns, Reaching safepoint: 184333 ns, At safepoint: 11625 ns, Total: 195958 ns
[2024-12-23T21:11:27.173+0000][7][safepoint   ] Safepoint "Cleanup", Time since last: 11021623296 ns, Reaching safepoint: 920875 ns, At safepoint: 22041 ns, Total: 942916 ns
[2024-12-23T21:11:28.177+0000][7][safepoint   ] Safepoint "Cleanup", Time since last: 1003402334 ns, Reaching safepoint: 589084 ns, At safepoint: 34791 ns, Total: 623875 ns
[2024-12-23T21:11:56.256+0000][7][safepoint   ] Safepoint "Cleanup", Time since last: 28077684847 ns, Reaching safepoint: 907125 ns, At safepoint: 20666 ns, Total: 927791 ns
[2024-12-23T21:11:58.264+0000][7][safepoint   ] Safepoint "Cleanup", Time since last: 2007879001 ns, Reaching safepoint: 382125 ns, At safepoint: 14500 ns, Total: 396625 ns
[2024-12-23T21:12:07.301+0000][7][safepoint   ] Safepoint "Cleanup", Time since last: 9036058421 ns, Reaching safepoint: 542750 ns, At safepoint: 22250 ns, Total: 565000 ns
[2024-12-23T21:12:27.362+0000][7][safepoint   ] Safepoint "Cleanup", Time since last: 20059410593 ns, Reaching safepoint: 1841500 ns, At safepoint: 50041 ns, Total: 1891541 ns
[2024-12-23T21:12:57.464+0000][7][safepoint   ] Safepoint "Cleanup", Time since last: 30100676848 ns, Reaching safepoint: 384208 ns, At safepoint: 23292 ns, Total: 407500 ns
[2024-12-23T21:13:07.494+0000][7][safepoint   ] Safepoint "Cleanup", Time since last: 10030121546 ns, Reaching safepoint: 442042 ns, At safepoint: 20458 ns, Total: 462500 ns
[2024-12-23T21:14:28.734+0000][7][safepoint   ] Safepoint "Cleanup", Time since last: 81238835745 ns, Reaching safepoint: 716167 ns, At safepoint: 25667 ns, Total: 741834 ns
[2024-12-23T21:14:58.823+0000][7][safepoint   ] Safepoint "Cleanup", Time since last: 30077746013 ns, Reaching safepoint: 2617542 ns, At safepoint: 43333 ns, Total: 2660875 ns
[2024-12-23T21:15:38.964+0000][7][safepoint   ] Safepoint "Cleanup", Time since last: 40121624227 ns, Reaching safepoint: 3557750 ns, At safepoint: 44084 ns, Total: 3601834 ns
[2024-12-23T21:15:39.969+0000][7][safepoint   ] Safepoint "Cleanup", Time since last: 1003785042 ns, Reaching safepoint: 1045333 ns, At safepoint: 42292 ns, Total: 1087625 ns
[2024-12-23T21:15:46.990+0000][7][safepoint   ] Safepoint "Cleanup", Time since last: 7020830795 ns, Reaching safepoint: 550875 ns, At safepoint: 30458 ns, Total: 581333 ns
[2024-12-23T21:15:58.033+0000][7][safepoint   ] Safepoint "Cleanup", Time since last: 11040208047 ns, Reaching safepoint: 302250 ns, At safepoint: 12541 ns, Total: 314791 ns
[2024-12-23T21:16:28.132+0000][7][safepoint   ] Safepoint "Cleanup", Time since last: 30096915472 ns, Reaching safepoint: 1313584 ns, At safepoint: 30708 ns, Total: 1344292 ns
[2024-12-23T21:17:21.296+0000][7][safepoint   ] Safepoint "Cleanup", Time since last: 53161008692 ns, Reaching safepoint: 2300791 ns, At safepoint: 35375 ns, Total: 2336166 ns
[2024-12-23T21:17:28.314+0000][7][safepoint   ] Safepoint "Cleanup", Time since last: 7018330795 ns, Reaching safepoint: 392583 ns, At safepoint: 40875 ns, Total: 433458 ns
[2024-12-23T21:19:32.636+0000][7][safepoint   ] Safepoint "Cleanup", Time since last: 124320519015 ns, Reaching safepoint: 442875 ns, At safepoint: 20333 ns, Total: 463208 ns
[2024-12-23T21:20:28.717+0000][7][safepoint   ] Safepoint "Cleanup", Time since last: 56077896359 ns, Reaching safepoint: 1455625 ns, At safepoint: 28417 ns, Total: 1484042 ns
[2024-12-23T21:20:58.759+0000][7][safepoint   ] Safepoint "Cleanup", Time since last: 30041258389 ns, Reaching safepoint: 444833 ns, At safepoint: 15500 ns, Total: 460333 ns
[2024-12-23T21:21:04.768+0000][7][safepoint   ] Safepoint "Cleanup", Time since last: 6008801961 ns, Reaching safepoint: 167792 ns, At safepoint: 6208 ns, Total: 174000 ns
[2024-12-23T21:21:23.803+0000][7][safepoint   ] Safepoint "Cleanup", Time since last: 19034532259 ns, Reaching safepoint: 506625 ns, At safepoint: 21375 ns, Total: 528000 ns
[2024-12-23T21:21:54.878+0000][7][safepoint   ] Safepoint "Cleanup", Time since last: 31073812014 ns, Reaching safepoint: 2069083 ns, At safepoint: 40625 ns, Total: 2109708 ns
[2024-12-23T21:21:58.896+0000][7][safepoint   ] Safepoint "Cleanup", Time since last: 4016653669 ns, Reaching safepoint: 755250 ns, At safepoint: 25167 ns, Total: 780417 ns
[2024-12-23T21:22:14.953+0000][7][safepoint   ] Safepoint "Cleanup", Time since last: 16056498007 ns, Reaching safepoint: 781792 ns, At safepoint: 14250 ns, Total: 796042 ns
[2024-12-23T21:22:25.000+0000][7][safepoint   ] Safepoint "Cleanup", Time since last: 10044188921 ns, Reaching safepoint: 3772833 ns, At safepoint: 49125 ns, Total: 3821958 ns
[2024-12-23T21:22:29.017+0000][7][safepoint   ] Safepoint "Cleanup", Time since last: 4016272419 ns, Reaching safepoint: 675791 ns, At safepoint: 40042 ns, Total: 715833 ns
[2024-12-23T21:22:35.034+0000][7][safepoint   ] Safepoint "Cleanup", Time since last: 6015864753 ns, Reaching safepoint: 887500 ns, At safepoint: 26666 ns, Total: 914166 ns
[2024-12-23T21:22:56.100+0000][7][safepoint   ] Safepoint "Cleanup", Time since last: 21063319385 ns, Reaching safepoint: 339042 ns, At safepoint: 13042 ns, Total: 352084 ns
[2024-12-23T21:22:57.106+0000][7][safepoint   ] Safepoint "Cleanup", Time since last: 1005822250 ns, Reaching safepoint: 668125 ns, At safepoint: 26667 ns, Total: 694792 ns
[2024-12-23T21:23:47.261+0000][7][safepoint   ] Safepoint "Cleanup", Time since last: 50153718565 ns, Reaching safepoint: 616083 ns, At safepoint: 7167 ns, Total: 623250 ns
[2024-12-23T21:23:56.287+0000][7][safepoint   ] Safepoint "Cleanup", Time since last: 9024106837 ns, Reaching safepoint: 1206084 ns, At safepoint: 32916 ns, Total: 1239000 ns
[2024-12-23T21:26:48.734+0000][7][safepoint   ] Safepoint "Cleanup", Time since last: 172445418496 ns, Reaching safepoint: 1654375 ns, At safepoint: 40125 ns, Total: 1694500 ns
[2024-12-23T21:26:58.761+0000][7][safepoint   ] Safepoint "Cleanup", Time since last: 10025929129 ns, Reaching safepoint: 775458 ns, At safepoint: 24959 ns, Total: 800417 ns
[2024-12-23T21:27:04.346+0000][7][safepoint   ] Safepoint "Cleanup", Time since last: 5583950502 ns, Reaching safepoint: 630959 ns, At safepoint: 19375 ns, Total: 650334 ns
[2024-12-23T21:27:08.524+0000][7][safepoint   ] Safepoint "Cleanup", Time since last: 4176231752 ns, Reaching safepoint: 1199333 ns, At safepoint: 24375 ns, Total: 1223708 ns
[2024-12-23T21:27:48.630+0000][7][safepoint   ] Safepoint "Cleanup", Time since last: 40105436810 ns, Reaching safepoint: 503584 ns, At safepoint: 13458 ns, Total: 517042 ns
[2024-12-23T21:28:15.708+0000][7][safepoint   ] Safepoint "Cleanup", Time since last: 27076266429 ns, Reaching safepoint: 1291750 ns, At safepoint: 68167 ns, Total: 1359917 ns
[2024-12-23T21:28:55.835+0000][7][safepoint   ] Safepoint "Cleanup", Time since last: 40124495893 ns, Reaching safepoint: 2208125 ns, At safepoint: 20750 ns, Total: 2228875 ns
[2024-12-23T21:29:16.921+0000][7][safepoint   ] Safepoint "Cleanup", Time since last: 21085454427 ns, Reaching safepoint: 419500 ns, At safepoint: 11667 ns, Total: 431167 ns
[2024-12-23T21:30:22.119+0000][7][safepoint   ] Safepoint "Cleanup", Time since last: 65195892446 ns, Reaching safepoint: 1860500 ns, At safepoint: 62167 ns, Total: 1922667 ns
[2024-12-23T21:30:32.140+0000][7][safepoint   ] Safepoint "Cleanup", Time since last: 10020237754 ns, Reaching safepoint: 316375 ns, At safepoint: 10708 ns, Total: 327083 ns
[2024-12-23T21:30:47.187+0000][7][safepoint   ] Safepoint "Cleanup", Time since last: 15046320216 ns, Reaching safepoint: 636666 ns, At safepoint: 20584 ns, Total: 657250 ns
[2024-12-23T21:31:32.352+0000][7][safepoint   ] Safepoint "Cleanup", Time since last: 45163943936 ns, Reaching safepoint: 746250 ns, At safepoint: 15375 ns, Total: 761625 ns
